{"state": "RUNNING", "case": "/Users/trasomi/dev/cfd/results/mesh_independence_20260909/local/d03/mesh_r10over7", "stage": "surfaceFeatureExtract"}
{"state": "RUNNING", "case": "/Users/trasomi/dev/cfd/results/mesh_independence_20260909/local/d03/mesh_r10over7", "stage": "blockMesh"}
{"state": "RUNNING", "case": "/Users/trasomi/dev/cfd/results/mesh_independence_20260909/local/d03/mesh_r10over7", "stage": "decomposePar"}
{"state": "RUNNING", "case": "/Users/trasomi/dev/cfd/results/mesh_independence_20260909/local/d03/mesh_r10over7", "stage": "snappyHexMesh"}
{"state": "RUNNING", "case": "/Users/trasomi/dev/cfd/results/mesh_independence_20260909/local/d03/mesh_r10over7", "stage": "checkMesh"}
{"state": "RUNNING", "case": "/Users/trasomi/dev/cfd/results/mesh_independence_20260909/local/d03/mesh_r10over7", "stage": "reconstructParMesh"}
{"state": "RUNNING", "case": "/Users/trasomi/dev/cfd/results/mesh_independence_20260909/local/d03/mesh_r10over7", "stage": "renumberMesh"}
{"state": "RUNNING", "case": "/Users/trasomi/dev/cfd/results/mesh_independence_20260909/local/d03/M0.30_r10over7", "stage": "decomposePar"}
{"state": "RUNNING", "case": "/Users/trasomi/dev/cfd/results/mesh_independence_20260909/local/d03/M0.30_r10over7", "stage": "rhoSimpleFoam_3000"}
{"state": "RUNNING", "case": "/Users/trasomi/dev/cfd/results/mesh_independence_20260909/local/d03/M0.30_r10over7", "stage": "rhoSimpleFoam_4000"}
{"state": "RUNNING", "case": "/Users/trasomi/dev/cfd/results/mesh_independence_20260909/local/d03/M0.30_r10over7", "stage": "rhoSimpleFoam_5000"}
{"state": "RUNNING", "case": "/Users/trasomi/dev/cfd/results/mesh_independence_20260909/local/d03/M0.30_r10over7", "stage": "rhoSimpleFoam_6000"}
{"state": "RUNNING", "case": "/Users/trasomi/dev/cfd/results/mesh_independence_20260909/local/d03/M0.30_r10over7", "stage": "reconstructPar"}
{"state": "RUNNING", "case": "/Users/trasomi/dev/cfd/results/mesh_independence_20260909/local/d15/mesh_r10over7", "stage": "surfaceFeatureExtract"}
{"state": "RUNNING", "case": "/Users/trasomi/dev/cfd/results/mesh_independence_20260909/local/d15/mesh_r10over7", "stage": "blockMesh"}
{"state": "RUNNING", "case": "/Users/trasomi/dev/cfd/results/mesh_independence_20260909/local/d15/mesh_r10over7", "stage": "decomposePar"}
{"state": "RUNNING", "case": "/Users/trasomi/dev/cfd/results/mesh_independence_20260909/local/d15/mesh_r10over7", "stage": "snappyHexMesh"}
{"state": "RUNNING", "case": "/Users/trasomi/dev/cfd/results/mesh_independence_20260909/local/d15/mesh_r10over7", "stage": "checkMesh"}
{"state": "RUNNING", "case": "/Users/trasomi/dev/cfd/results/mesh_independence_20260909/local/d15/mesh_r10over7", "stage": "reconstructParMesh"}
{"state": "RUNNING", "case": "/Users/trasomi/dev/cfd/results/mesh_independence_20260909/local/d15/mesh_r10over7", "stage": "renumberMesh"}
{"state": "RUNNING", "case": "/Users/trasomi/dev/cfd/results/mesh_independence_20260909/local/d15/M0.85_r10over7", "stage": "decomposePar"}
{"state": "RUNNING", "case": "/Users/trasomi/dev/cfd/results/mesh_independence_20260909/local/d15/M0.85_r10over7", "stage": "rhoSimpleFoam_3000"}
{"state": "RUNNING", "case": "/Users/trasomi/dev/cfd/results/mesh_independence_20260909/local/d15/M0.85_r10over7", "stage": "rhoSimpleFoam_4000"}
{"state": "RUNNING", "case": "/Users/trasomi/dev/cfd/results/mesh_independence_20260909/local/d15/M0.85_r10over7", "stage": "rhoSimpleFoam_5000"}
{"state": "RUNNING", "case": "/Users/trasomi/dev/cfd/results/mesh_independence_20260909/local/d15/M0.85_r10over7", "stage": "rhoSimpleFoam_6000"}
{"state": "RUNNING", "case": "/Users/trasomi/dev/cfd/results/mesh_independence_20260909/local/d15/M0.85_r10over7", "stage": "reconstructPar"}
{"state": "RUNNING", "case": "/Users/trasomi/dev/cfd/results/mesh_independence_20260909/local/d03/M0.85_r10over7", "stage": "decomposePar"}
{"state": "RUNNING", "case": "/Users/trasomi/dev/cfd/results/mesh_independence_20260909/local/d03/M0.85_r10over7", "stage": "rhoSimpleFoam_3000"}
{"state": "RUNNING", "case": "/Users/trasomi/dev/cfd/results/mesh_independence_20260909/local/d03/M0.85_r10over7", "stage": "rhoSimpleFoam_4000"}
{"state": "RUNNING", "case": "/Users/trasomi/dev/cfd/results/mesh_independence_20260909/local/d03/M0.85_r10over7", "stage": "rhoSimpleFoam_5000"}
{"state": "RUNNING", "case": "/Users/trasomi/dev/cfd/results/mesh_independence_20260909/local/d03/M0.85_r10over7", "stage": "rhoSimpleFoam_6000"}
{"state": "RUNNING", "case": "/Users/trasomi/dev/cfd/results/mesh_independence_20260909/local/d03/M0.85_r10over7", "stage": "reconstructPar"}
{"state": "RUNNING", "case": "/Users/trasomi/dev/cfd/results/mesh_independence_20260909/local/d15/M0.30_r10over7", "stage": "decomposePar"}
{"state": "RUNNING", "case": "/Users/trasomi/dev/cfd/results/mesh_independence_20260909/local/d15/M0.30_r10over7", "stage": "rhoSimpleFoam_3000"}
{"state": "RUNNING", "case": "/Users/trasomi/dev/cfd/results/mesh_independence_20260909/local/d15/M0.30_r10over7", "stage": "reconstructPar"}
{"state": "FIRST_STAGE_COMPLETE", "note": "Four corner checks complete; third-grid and negative/transonic coverage still require assessment"}
{"state": "FIRST_STAGE_COMPLETE", "note": "Four corner checks complete; third-grid and negative/transonic coverage still require assessment"}
{"state": "FIRST_STAGE_COMPLETE", "note": "Four corner checks complete; third-grid and negative/transonic coverage still require assessment"}
{"state": "FIRST_STAGE_COMPLETE", "note": "Four corner checks complete; third-grid and negative/transonic coverage still require assessment"}
{"state": "FIRST_STAGE_COMPLETE", "note": "Four corner checks complete; third-grid and negative/transonic coverage still require assessment"}
{"state": "FIRST_STAGE_COMPLETE", "note": "Four corner checks complete; third-grid and negative/transonic coverage still require assessment"}
{"state": "FIRST_STAGE_COMPLETE", "note": "Four corner checks complete; third-grid and negative/transonic coverage still require assessment"}
{"state": "FIRST_STAGE_COMPLETE", "note": "Four corner checks complete; third-grid and negative/transonic coverage still require assessment"}
{"state": "FIRST_STAGE_COMPLETE", "note": "Four corner checks complete; third-grid and negative/transonic coverage still require assessment"}
{"state": "FIRST_STAGE_COMPLETE", "note": "Four corner checks complete; third-grid and negative/transonic coverage still require assessment"}
{"state": "FIRST_STAGE_COMPLETE", "note": "Four corner checks complete; third-grid and negative/transonic coverage still require assessment"}
{"state": "FIRST_STAGE_COMPLETE", "note": "Four corner checks complete; third-grid and negative/transonic coverage still require assessment"}
{"state": "FIRST_STAGE_COMPLETE", "note": "Four corner checks complete; third-grid and negative/transonic coverage still require assessment"}
{"state": "FIRST_STAGE_COMPLETE", "note": "Four corner checks complete; third-grid and negative/transonic coverage still require assessment"}
{"state": "FIRST_STAGE_COMPLETE", "note": "Four corner checks complete; third-grid and negative/transonic coverage still require assessment"}
{"state": "FIRST_STAGE_COMPLETE", "note": "Four corner checks complete; third-grid and negative/transonic coverage still require assessment"}
{"state": "FIRST_STAGE_COMPLETE", "note": "Four corner checks complete; third-grid and negative/transonic coverage still require assessment"}
{"state": "FIRST_STAGE_COMPLETE", "note": "Four corner checks complete; third-grid and negative/transonic coverage still require assessment"}
{"state": "FIRST_STAGE_COMPLETE", "note": "Four corner checks complete; third-grid and negative/transonic coverage still require assessment"}
{"state": "FIRST_STAGE_COMPLETE", "note": "Four corner checks complete; third-grid and negative/transonic coverage still require assessment"}
{"state": "FIRST_STAGE_COMPLETE", "note": "Four corner checks complete; third-grid and negative/transonic coverage still require assessment"}
{"state": "FIRST_STAGE_COMPLETE", "note": "Four corner checks complete; third-grid and negative/transonic coverage still require assessment"}
{"state": "FIRST_STAGE_COMPLETE", "note": "Four corner checks complete; third-grid and negative/transonic coverage still require assessment"}
{"state": "FIRST_STAGE_COMPLETE", "note": "Four corner checks complete; third-grid and negative/transonic coverage still require assessment"}
{"state": "FIRST_STAGE_COMPLETE", "note": "Four corner checks complete; third-grid and negative/transonic coverage still require assessment"}
{"state": "FIRST_STAGE_COMPLETE", "note": "Four corner checks complete; third-grid and negative/transonic coverage still require assessment"}
{"state": "FIRST_STAGE_COMPLETE", "note": "Four corner checks complete; third-grid and negative/transonic coverage still require assessment"}
{"state": "FIRST_STAGE_COMPLETE", "note": "Four corner checks complete; third-grid and negative/transonic coverage still require assessment"}
{"state": "FIRST_STAGE_COMPLETE", "note": "Four corner checks complete; third-grid and negative/transonic coverage still require assessment"}
{"state": "FIRST_STAGE_COMPLETE", "note": "Four corner checks complete; third-grid and negative/transonic coverage still require assessment"}
{"state": "FIRST_STAGE_COMPLETE", "note": "Four corner checks complete; third-grid and negative/transonic coverage still require assessment"}
{"state": "FIRST_STAGE_COMPLETE", "note": "Four corner checks complete; third-grid and negative/transonic coverage still require assessment"}
{"state": "FIRST_STAGE_COMPLETE", "note": "Four corner checks complete; third-grid and negative/transonic coverage still require assessment"}
{"state": "FIRST_STAGE_COMPLETE", "note": "Four corner checks complete; third-grid and negative/transonic coverage still require assessment"}
{"state": "FIRST_STAGE_COMPLETE", "note": "Four corner checks complete; third-grid and negative/transonic coverage still require assessment"}
{"state": "FIRST_STAGE_COMPLETE", "note": "Four corner checks complete; third-grid and negative/transonic coverage still require assessment"}
{"state": "FIRST_STAGE_COMPLETE", "note": "Four corner checks complete; third-grid and negative/transonic coverage still require assessment"}
{"state": "FIRST_STAGE_COMPLETE", "note": "Four corner checks complete; third-grid and negative/transonic coverage still require assessment"}
{"state": "FIRST_STAGE_COMPLETE", "note": "Four corner checks complete; third-grid and negative/transonic coverage still require assessment"}
{"state": "FIRST_STAGE_COMPLETE", "note": "Four corner checks complete; third-grid and negative/transonic coverage still require assessment"}
{"state": "FIRST_STAGE_COMPLETE", "note": "Four corner checks complete; third-grid and negative/transonic coverage still require assessment"}
{"state": "FIRST_STAGE_COMPLETE", "note": "Four corner checks complete; third-grid and negative/transonic coverage still require assessment"}
{"state": "FIRST_STAGE_COMPLETE", "note": "Four corner checks complete; third-grid and negative/transonic coverage still require assessment"}
{"state": "FIRST_STAGE_COMPLETE", "note": "Four corner checks complete; third-grid and negative/transonic coverage still require assessment"}
{"state": "FIRST_STAGE_COMPLETE", "note": "Four corner checks complete; third-grid and negative/transonic coverage still require assessment"}
{"state": "FIRST_STAGE_COMPLETE", "note": "Four corner checks complete; third-grid and negative/transonic coverage still require assessment"}
{"state": "FIRST_STAGE_COMPLETE", "note": "Four corner checks complete; third-grid and negative/transonic coverage still require assessment"}
{"state": "FIRST_STAGE_COMPLETE", "note": "Four corner checks complete; third-grid and negative/transonic coverage still require assessment"}
{"state": "FIRST_STAGE_COMPLETE", "note": "Four corner checks complete; third-grid and negative/transonic coverage still require assessment"}
{"state": "FIRST_STAGE_COMPLETE", "note": "Four corner checks complete; third-grid and negative/transonic coverage still require assessment"}
{"state": "FIRST_STAGE_COMPLETE", "note": "Four corner checks complete; third-grid and negative/transonic coverage still require assessment"}
{"state": "FIRST_STAGE_COMPLETE", "note": "Four corner checks complete; third-grid and negative/transonic coverage still require assessment"}
{"state": "FIRST_STAGE_COMPLETE", "note": "Four corner checks complete; third-grid and negative/transonic coverage still require assessment"}
{"state": "FIRST_STAGE_COMPLETE", "note": "Four corner checks complete; third-grid and negative/transonic coverage still require assessment"}
{"state": "FIRST_STAGE_COMPLETE", "note": "Four corner checks complete; third-grid and negative/transonic coverage still require assessment"}
{"state": "FIRST_STAGE_COMPLETE", "note": "Four corner checks complete; third-grid and negative/transonic coverage still require assessment"}
{"state": "FIRST_STAGE_COMPLETE", "note": "Four corner checks complete; third-grid and negative/transonic coverage still require assessment"}
{"state": "FIRST_STAGE_COMPLETE", "note": "Four corner checks complete; third-grid and negative/transonic coverage still require assessment"}
{"state": "FIRST_STAGE_COMPLETE", "note": "Four corner checks complete; third-grid and negative/transonic coverage still require assessment"}
{"state": "FIRST_STAGE_COMPLETE", "note": "Four corner checks complete; third-grid and negative/transonic coverage still require assessment"}
{"state": "FIRST_STAGE_COMPLETE", "note": "Four corner checks complete; third-grid and negative/transonic coverage still require assessment"}
{"state": "FIRST_STAGE_COMPLETE", "note": "Four corner checks complete; third-grid and negative/transonic coverage still require assessment"}
{"state": "FIRST_STAGE_COMPLETE", "note": "Four corner checks complete; third-grid and negative/transonic coverage still require assessment"}
{"state": "FIRST_STAGE_COMPLETE", "note": "Four corner checks complete; third-grid and negative/transonic coverage still require assessment"}
{"state": "FIRST_STAGE_COMPLETE", "note": "Four corner checks complete; third-grid and negative/transonic coverage still require assessment"}
{"state": "FIRST_STAGE_COMPLETE", "note": "Four corner checks complete; third-grid and negative/transonic coverage still require assessment"}
{"state": "FIRST_STAGE_COMPLETE", "note": "Four corner checks complete; third-grid and negative/transonic coverage still require assessment"}
{"state": "FIRST_STAGE_COMPLETE", "note": "Four corner checks complete; third-grid and negative/transonic coverage still require assessment"}
{"state": "FIRST_STAGE_COMPLETE", "note": "Four corner checks complete; third-grid and negative/transonic coverage still require assessment"}
{"state": "FIRST_STAGE_COMPLETE", "note": "Four corner checks complete; third-grid and negative/transonic coverage still require assessment"}
{"state": "FIRST_STAGE_COMPLETE", "note": "Four corner checks complete; third-grid and negative/transonic coverage still require assessment"}
{"state": "FIRST_STAGE_COMPLETE", "note": "Four corner checks complete; third-grid and negative/transonic coverage still require assessment"}
{"state": "FIRST_STAGE_COMPLETE", "note": "Four corner checks complete; third-grid and negative/transonic coverage still require assessment"}
{"state": "FIRST_STAGE_COMPLETE", "note": "Four corner checks complete; third-grid and negative/transonic coverage still require assessment"}
{"state": "FIRST_STAGE_COMPLETE", "note": "Four corner checks complete; third-grid and negative/transonic coverage still require assessment"}
{"state": "FIRST_STAGE_COMPLETE", "note": "Four corner checks complete; third-grid and negative/transonic coverage still require assessment"}
{"state": "FIRST_STAGE_COMPLETE", "note": "Four corner checks complete; third-grid and negative/transonic coverage still require assessment"}
{"state": "FIRST_STAGE_COMPLETE", "note": "Four corner checks complete; third-grid and negative/transonic coverage still require assessment"}
{"state": "FIRST_STAGE_COMPLETE", "note": "Four corner checks complete; third-grid and negative/transonic coverage still require assessment"}
{"state": "FIRST_STAGE_COMPLETE", "note": "Four corner checks complete; third-grid and negative/transonic coverage still require assessment"}
{"state": "FIRST_STAGE_COMPLETE", "note": "Four corner checks complete; third-grid and negative/transonic coverage still require assessment"}
{"state": "FIRST_STAGE_COMPLETE", "note": "Four corner checks complete; third-grid and negative/transonic coverage still require assessment"}
{"state": "FIRST_STAGE_COMPLETE", "note": "Four corner checks complete; third-grid and negative/transonic coverage still require assessment"}
{"state": "FIRST_STAGE_COMPLETE", "note": "Four corner checks complete; third-grid and negative/transonic coverage still require assessment"}
{"state": "FIRST_STAGE_COMPLETE", "note": "Four corner checks complete; third-grid and negative/transonic coverage still require assessment"}
{"state": "FIRST_STAGE_COMPLETE", "note": "Four corner checks complete; third-grid and negative/transonic coverage still require assessment"}
{"state": "FIRST_STAGE_COMPLETE", "note": "Four corner checks complete; third-grid and negative/transonic coverage still require assessment"}
{"state": "FIRST_STAGE_COMPLETE", "note": "Four corner checks complete; third-grid and negative/transonic coverage still require assessment"}
{"state": "FIRST_STAGE_COMPLETE", "note": "Four corner checks complete; third-grid and negative/transonic coverage still require assessment"}
{"state": "FIRST_STAGE_COMPLETE", "note": "Four corner checks complete; third-grid and negative/transonic coverage still require assessment"}
{"state": "FIRST_STAGE_COMPLETE", "note": "Four corner checks complete; third-grid and negative/transonic coverage still require assessment"}
{"state": "FIRST_STAGE_COMPLETE", "note": "Four corner checks complete; third-grid and negative/transonic coverage still require assessment"}
{"state": "FIRST_STAGE_COMPLETE", "note": "Four corner checks complete; third-grid and negative/transonic coverage still require assessment"}
{"state": "FIRST_STAGE_COMPLETE", "note": "Four corner checks complete; third-grid and negative/transonic coverage still require assessment"}
{"state": "FIRST_STAGE_COMPLETE", "note": "Four corner checks complete; third-grid and negative/transonic coverage still require assessment"}
{"state": "FIRST_STAGE_COMPLETE", "note": "Four corner checks complete; third-grid and negative/transonic coverage still require assessment"}
{"state": "FIRST_STAGE_COMPLETE", "note": "Four corner checks complete; third-grid and negative/transonic coverage still require assessment"}
{"state": "FIRST_STAGE_COMPLETE", "note": "Four corner checks complete; third-grid and negative/transonic coverage still require assessment"}
{"state": "FIRST_STAGE_COMPLETE", "note": "Four corner checks complete; third-grid and negative/transonic coverage still require assessment"}
{"state": "FIRST_STAGE_COMPLETE", "note": "Four corner checks complete; third-grid and negative/transonic coverage still require assessment"}
{"state": "FIRST_STAGE_COMPLETE", "note": "Four corner checks complete; third-grid and negative/transonic coverage still require assessment"}
{"state": "FIRST_STAGE_COMPLETE", "note": "Four corner checks complete; third-grid and negative/transonic coverage still require assessment"}
{"state": "FIRST_STAGE_COMPLETE", "note": "Four corner checks complete; third-grid and negative/transonic coverage still require assessment"}
{"state": "FIRST_STAGE_COMPLETE", "note": "Four corner checks complete; third-grid and negative/transonic coverage still require assessment"}
{"state": "FIRST_STAGE_COMPLETE", "note": "Four corner checks complete; third-grid and negative/transonic coverage still require assessment"}
{"state": "FIRST_STAGE_COMPLETE", "note": "Four corner checks complete; third-grid and negative/transonic coverage still require assessment"}
{"state": "FIRST_STAGE_COMPLETE", "note": "Four corner checks complete; third-grid and negative/transonic coverage still require assessment"}
{"state": "FIRST_STAGE_COMPLETE", "note": "Four corner checks complete; third-grid and negative/transonic coverage still require assessment"}
{"state": "FIRST_STAGE_COMPLETE", "note": "Four corner checks complete; third-grid and negative/transonic coverage still require assessment"}
{"state": "FIRST_STAGE_COMPLETE", "note": "Four corner checks complete; third-grid and negative/transonic coverage still require assessment"}
{"state": "FIRST_STAGE_COMPLETE", "note": "Four corner checks complete; third-grid and negative/transonic coverage still require assessment"}
{"state": "FIRST_STAGE_COMPLETE", "note": "Four corner checks complete; third-grid and negative/transonic coverage still require assessment"}
{"state": "FIRST_STAGE_COMPLETE", "note": "Four corner checks complete; third-grid and negative/transonic coverage still require assessment"}
{"state": "FIRST_STAGE_COMPLETE", "note": "Four corner checks complete; third-grid and negative/transonic coverage still require assessment"}
{"state": "FIRST_STAGE_COMPLETE", "note": "Four corner checks complete; third-grid and negative/transonic coverage still require assessment"}
{"state": "FIRST_STAGE_COMPLETE", "note": "Four corner checks complete; third-grid and negative/transonic coverage still require assessment"}
{"state": "FIRST_STAGE_COMPLETE", "note": "Four corner checks complete; third-grid and negative/transonic coverage still require assessment"}
{"state": "FIRST_STAGE_COMPLETE", "note": "Four corner checks complete; third-grid and negative/transonic coverage still require assessment"}
{"state": "FIRST_STAGE_COMPLETE", "note": "Four corner checks complete; third-grid and negative/transonic coverage still require assessment"}
{"state": "FIRST_STAGE_COMPLETE", "note": "Four corner checks complete; third-grid and negative/transonic coverage still require assessment"}
{"state": "FIRST_STAGE_COMPLETE", "note": "Four corner checks complete; third-grid and negative/transonic coverage still require assessment"}
{"state": "FIRST_STAGE_COMPLETE", "note": "Four corner checks complete; third-grid and negative/transonic coverage still require assessment"}
{"state": "FIRST_STAGE_COMPLETE", "note": "Four corner checks complete; third-grid and negative/transonic coverage still require assessment"}
{"state": "FIRST_STAGE_COMPLETE", "note": "Four corner checks complete; third-grid and negative/transonic coverage still require assessment"}
{"state": "FIRST_STAGE_COMPLETE", "note": "Four corner checks complete; third-grid and negative/transonic coverage still require assessment"}
{"state": "FIRST_STAGE_COMPLETE", "note": "Four corner checks complete; third-grid and negative/transonic coverage still require assessment"}
{"state": "FIRST_STAGE_COMPLETE", "note": "Four corner checks complete; third-grid and negative/transonic coverage still require assessment"}
{"state": "FIRST_STAGE_COMPLETE", "note": "Four corner checks complete; third-grid and negative/transonic coverage still require assessment"}
{"state": "FIRST_STAGE_COMPLETE", "note": "Four corner checks complete; third-grid and negative/transonic coverage still require assessment"}
{"state": "FIRST_STAGE_COMPLETE", "note": "Four corner checks complete; third-grid and negative/transonic coverage still require assessment"}
{"state": "FIRST_STAGE_COMPLETE", "note": "Four corner checks complete; third-grid and negative/transonic coverage still require assessment"}
{"state": "FIRST_STAGE_COMPLETE", "note": "Four corner checks complete; third-grid and negative/transonic coverage still require assessment"}
{"state": "FIRST_STAGE_COMPLETE", "note": "Four corner checks complete; third-grid and negative/transonic coverage still require assessment"}
{"state": "FIRST_STAGE_COMPLETE", "note": "Four corner checks complete; third-grid and negative/transonic coverage still require assessment"}
{"state": "FIRST_STAGE_COMPLETE", "note": "Four corner checks complete; third-grid and negative/transonic coverage still require assessment"}
{"state": "FIRST_STAGE_COMPLETE", "note": "Four corner checks complete; third-grid and negative/transonic coverage still require assessment"}
{"state": "FIRST_STAGE_COMPLETE", "note": "Four corner checks complete; third-grid and negative/transonic coverage still require assessment"}
{"state": "FIRST_STAGE_COMPLETE", "note": "Four corner checks complete; third-grid and negative/transonic coverage still require assessment"}
{"state": "FIRST_STAGE_COMPLETE", "note": "Four corner checks complete; third-grid and negative/transonic coverage still require assessment"}
{"state": "FIRST_STAGE_COMPLETE", "note": "Four corner checks complete; third-grid and negative/transonic coverage still require assessment"}
{"state": "FIRST_STAGE_COMPLETE", "note": "Four corner checks complete; third-grid and negative/transonic coverage still require assessment"}
{"state": "FIRST_STAGE_COMPLETE", "note": "Four corner checks complete; third-grid and negative/transonic coverage still require assessment"}
{"state": "FIRST_STAGE_COMPLETE", "note": "Four corner checks complete; third-grid and negative/transonic coverage still require assessment"}
{"state": "FIRST_STAGE_COMPLETE", "note": "Four corner checks complete; third-grid and negative/transonic coverage still require assessment"}
{"state": "FIRST_STAGE_COMPLETE", "note": "Four corner checks complete; third-grid and negative/transonic coverage still require assessment"}
{"state": "FIRST_STAGE_COMPLETE", "note": "Four corner checks complete; third-grid and negative/transonic coverage still require assessment"}
{"state": "FIRST_STAGE_COMPLETE", "note": "Four corner checks complete; third-grid and negative/transonic coverage still require assessment"}
{"state": "FIRST_STAGE_COMPLETE", "note": "Four corner checks complete; third-grid and negative/transonic coverage still require assessment"}
{"state": "FIRST_STAGE_COMPLETE", "note": "Four corner checks complete; third-grid and negative/transonic coverage still require assessment"}
{"state": "FIRST_STAGE_COMPLETE", "note": "Four corner checks complete; third-grid and negative/transonic coverage still require assessment"}
{"state": "FIRST_STAGE_COMPLETE", "note": "Four corner checks complete; third-grid and negative/transonic coverage still require assessment"}
{"state": "FIRST_STAGE_COMPLETE", "note": "Four corner checks complete; third-grid and negative/transonic coverage still require assessment"}
{"state": "FIRST_STAGE_COMPLETE", "note": "Four corner checks complete; third-grid and negative/transonic coverage still require assessment"}
{"state": "FIRST_STAGE_COMPLETE", "note": "Four corner checks complete; third-grid and negative/transonic coverage still require assessment"}
{"state": "FIRST_STAGE_COMPLETE", "note": "Four corner checks complete; third-grid and negative/transonic coverage still require assessment"}
{"state": "FIRST_STAGE_COMPLETE", "note": "Four corner checks complete; third-grid and negative/transonic coverage still require assessment"}
{"state": "FIRST_STAGE_COMPLETE", "note": "Four corner checks complete; third-grid and negative/transonic coverage still require assessment"}
{"state": "FIRST_STAGE_COMPLETE", "note": "Four corner checks complete; third-grid and negative/transonic coverage still require assessment"}
{"state": "FIRST_STAGE_COMPLETE", "note": "Four corner checks complete; third-grid and negative/transonic coverage still require assessment"}
{"state": "FIRST_STAGE_COMPLETE", "note": "Four corner checks complete; third-grid and negative/transonic coverage still require assessment"}
{"state": "FIRST_STAGE_COMPLETE", "note": "Four corner checks complete; third-grid and negative/transonic coverage still require assessment"}
{"state": "FIRST_STAGE_COMPLETE", "note": "Four corner checks complete; third-grid and negative/transonic coverage still require assessment"}
{"state": "FIRST_STAGE_COMPLETE", "note": "Four corner checks complete; third-grid and negative/transonic coverage still require assessment"}
{"state": "FIRST_STAGE_COMPLETE", "note": "Four corner checks complete; third-grid and negative/transonic coverage still require assessment"}
{"state": "FIRST_STAGE_COMPLETE", "note": "Four corner checks complete; third-grid and negative/transonic coverage still require assessment"}
{"state": "FIRST_STAGE_COMPLETE", "note": "Four corner checks complete; third-grid and negative/transonic coverage still require assessment"}
{"state": "FIRST_STAGE_COMPLETE", "note": "Four corner checks complete; third-grid and negative/transonic coverage still require assessment"}
{"state": "FIRST_STAGE_COMPLETE", "note": "Four corner checks complete; third-grid and negative/transonic coverage still require assessment"}
{"state": "FIRST_STAGE_COMPLETE", "note": "Four corner checks complete; third-grid and negative/transonic coverage still require assessment"}
{"state": "FIRST_STAGE_COMPLETE", "note": "Four corner checks complete; third-grid and negative/transonic coverage still require assessment"}
{"state": "FIRST_STAGE_COMPLETE", "note": "Four corner checks complete; third-grid and negative/transonic coverage still require assessment"}
{"state": "FIRST_STAGE_COMPLETE", "note": "Four corner checks complete; third-grid and negative/transonic coverage still require assessment"}
{"state": "FIRST_STAGE_COMPLETE", "note": "Four corner checks complete; third-grid and negative/transonic coverage still require assessment"}
{"state": "FIRST_STAGE_COMPLETE", "note": "Four corner checks complete; third-grid and negative/transonic coverage still require assessment"}
{"state": "FIRST_STAGE_COMPLETE", "note": "Four corner checks complete; third-grid and negative/transonic coverage still require assessment"}
{"state": "FIRST_STAGE_COMPLETE", "note": "Four corner checks complete; third-grid and negative/transonic coverage still require assessment"}
{"state": "FIRST_STAGE_COMPLETE", "note": "Four corner checks complete; third-grid and negative/transonic coverage still require assessment"}
{"state": "FIRST_STAGE_COMPLETE", "note": "Four corner checks complete; third-grid and negative/transonic coverage still require assessment"}
{"state": "FIRST_STAGE_COMPLETE", "note": "Four corner checks complete; third-grid and negative/transonic coverage still require assessment"}
{"state": "FIRST_STAGE_COMPLETE", "note": "Four corner checks complete; third-grid and negative/transonic coverage still require assessment"}
{"state": "FIRST_STAGE_COMPLETE", "note": "Four corner checks complete; third-grid and negative/transonic coverage still require assessment"}
{"state": "FIRST_STAGE_COMPLETE", "note": "Four corner checks complete; third-grid and negative/transonic coverage still require assessment"}
{"state": "FIRST_STAGE_COMPLETE", "note": "Four corner checks complete; third-grid and negative/transonic coverage still require assessment"}
{"state": "FIRST_STAGE_COMPLETE", "note": "Four corner checks complete; third-grid and negative/transonic coverage still require assessment"}
{"state": "FIRST_STAGE_COMPLETE", "note": "Four corner checks complete; third-grid and negative/transonic coverage still require assessment"}
{"state": "FIRST_STAGE_COMPLETE", "note": "Four corner checks complete; third-grid and negative/transonic coverage still require assessment"}
{"state": "FIRST_STAGE_COMPLETE", "note": "Four corner checks complete; third-grid and negative/transonic coverage still require assessment"}
{"state": "FIRST_STAGE_COMPLETE", "note": "Four corner checks complete; third-grid and negative/transonic coverage still require assessment"}
{"state": "FIRST_STAGE_COMPLETE", "note": "Four corner checks complete; third-grid and negative/transonic coverage still require assessment"}
{"state": "FIRST_STAGE_COMPLETE", "note": "Four corner checks complete; third-grid and negative/transonic coverage still require assessment"}
{"state": "FIRST_STAGE_COMPLETE", "note": "Four corner checks complete; third-grid and negative/transonic coverage still require assessment"}
{"state": "FIRST_STAGE_COMPLETE", "note": "Four corner checks complete; third-grid and negative/transonic coverage still require assessment"}
{"state": "FIRST_STAGE_COMPLETE", "note": "Four corner checks complete; third-grid and negative/transonic coverage still require assessment"}
{"state": "FIRST_STAGE_COMPLETE", "note": "Four corner checks complete; third-grid and negative/transonic coverage still require assessment"}
{"state": "FIRST_STAGE_COMPLETE", "note": "Four corner checks complete; third-grid and negative/transonic coverage still require assessment"}
{"state": "FIRST_STAGE_COMPLETE", "note": "Four corner checks complete; third-grid and negative/transonic coverage still require assessment"}
{"state": "FIRST_STAGE_COMPLETE", "note": "Four corner checks complete; third-grid and negative/transonic coverage still require assessment"}
{"state": "FIRST_STAGE_COMPLETE", "note": "Four corner checks complete; third-grid and negative/transonic coverage still require assessment"}
{"state": "FIRST_STAGE_COMPLETE", "note": "Four corner checks complete; third-grid and negative/transonic coverage still require assessment"}
{"state": "FIRST_STAGE_COMPLETE", "note": "Four corner checks complete; third-grid and negative/transonic coverage still require assessment"}
{"state": "FIRST_STAGE_COMPLETE", "note": "Four corner checks complete; third-grid and negative/transonic coverage still require assessment"}
{"state": "FIRST_STAGE_COMPLETE", "note": "Four corner checks complete; third-grid and negative/transonic coverage still require assessment"}
{"state": "FIRST_STAGE_COMPLETE", "note": "Four corner checks complete; third-grid and negative/transonic coverage still require assessment"}
{"state": "FIRST_STAGE_COMPLETE", "note": "Four corner checks complete; third-grid and negative/transonic coverage still require assessment"}
{"state": "FIRST_STAGE_COMPLETE", "note": "Four corner checks complete; third-grid and negative/transonic coverage still require assessment"}
{"state": "FIRST_STAGE_COMPLETE", "note": "Four corner checks complete; third-grid and negative/transonic coverage still require assessment"}
{"state": "FIRST_STAGE_COMPLETE", "note": "Four corner checks complete; third-grid and negative/transonic coverage still require assessment"}
{"state": "FIRST_STAGE_COMPLETE", "note": "Four corner checks complete; third-grid and negative/transonic coverage still require assessment"}
{"state": "FIRST_STAGE_COMPLETE", "note": "Four corner checks complete; third-grid and negative/transonic coverage still require assessment"}
{"state": "FIRST_STAGE_COMPLETE", "note": "Four corner checks complete; third-grid and negative/transonic coverage still require assessment"}
{"state": "FIRST_STAGE_COMPLETE", "note": "Four corner checks complete; third-grid and negative/transonic coverage still require assessment"}
{"state": "FIRST_STAGE_COMPLETE", "note": "Four corner checks complete; third-grid and negative/transonic coverage still require assessment"}
{"state": "FIRST_STAGE_COMPLETE", "note": "Four corner checks complete; third-grid and negative/transonic coverage still require assessment"}
{"state": "FIRST_STAGE_COMPLETE", "note": "Four corner checks complete; third-grid and negative/transonic coverage still require assessment"}
{"state": "FIRST_STAGE_COMPLETE", "note": "Four corner checks complete; third-grid and negative/transonic coverage still require assessment"}
{"state": "FIRST_STAGE_COMPLETE", "note": "Four corner checks complete; third-grid and negative/transonic coverage still require assessment"}
{"state": "FIRST_STAGE_COMPLETE", "note": "Four corner checks complete; third-grid and negative/transonic coverage still require assessment"}
{"state": "FIRST_STAGE_COMPLETE", "note": "Four corner checks complete; third-grid and negative/transonic coverage still require assessment"}
{"state": "FIRST_STAGE_COMPLETE", "note": "Four corner checks complete; third-grid and negative/transonic coverage still require assessment"}
{"state": "FIRST_STAGE_COMPLETE", "note": "Four corner checks complete; third-grid and negative/transonic coverage still require assessment"}
{"state": "FIRST_STAGE_COMPLETE", "note": "Four corner checks complete; third-grid and negative/transonic coverage still require assessment"}
{"state": "FIRST_STAGE_COMPLETE", "note": "Four corner checks complete; third-grid and negative/transonic coverage still require assessment"}
{"state": "FIRST_STAGE_COMPLETE", "note": "Four corner checks complete; third-grid and negative/transonic coverage still require assessment"}
{"state": "FIRST_STAGE_COMPLETE", "note": "Four corner checks complete; third-grid and negative/transonic coverage still require assessment"}
{"state": "FIRST_STAGE_COMPLETE", "note": "Four corner checks complete; third-grid and negative/transonic coverage still require assessment"}
{"state": "FIRST_STAGE_COMPLETE", "note": "Four corner checks complete; third-grid and negative/transonic coverage still require assessment"}
{"state": "FIRST_STAGE_COMPLETE", "note": "Four corner checks complete; third-grid and negative/transonic coverage still require assessment"}
{"state": "FIRST_STAGE_COMPLETE", "note": "Four corner checks complete; third-grid and negative/transonic coverage still require assessment"}
{"state": "FIRST_STAGE_COMPLETE", "note": "Four corner checks complete; third-grid and negative/transonic coverage still require assessment"}
{"state": "FIRST_STAGE_COMPLETE", "note": "Four corner checks complete; third-grid and negative/transonic coverage still require assessment"}
{"state": "FIRST_STAGE_COMPLETE", "note": "Four corner checks complete; third-grid and negative/transonic coverage still require assessment"}
{"state": "FIRST_STAGE_COMPLETE", "note": "Four corner checks complete; third-grid and negative/transonic coverage still require assessment"}
{"state": "FIRST_STAGE_COMPLETE", "note": "Four corner checks complete; third-grid and negative/transonic coverage still require assessment"}
{"state": "FIRST_STAGE_COMPLETE", "note": "Four corner checks complete; third-grid and negative/transonic coverage still require assessment"}
{"state": "FIRST_STAGE_COMPLETE", "note": "Four corner checks complete; third-grid and negative/transonic coverage still require assessment"}
{"state": "FIRST_STAGE_COMPLETE", "note": "Four corner checks complete; third-grid and negative/transonic coverage still require assessment"}
{"state": "FIRST_STAGE_COMPLETE", "note": "Four corner checks complete; third-grid and negative/transonic coverage still require assessment"}
{"state": "FIRST_STAGE_COMPLETE", "note": "Four corner checks complete; third-grid and negative/transonic coverage still require assessment"}
{"state": "FIRST_STAGE_COMPLETE", "note": "Four corner checks complete; third-grid and negative/transonic coverage still require assessment"}
{"state": "FIRST_STAGE_COMPLETE", "note": "Four corner checks complete; third-grid and negative/transonic coverage still require assessment"}
{"state": "FIRST_STAGE_COMPLETE", "note": "Four corner checks complete; third-grid and negative/transonic coverage still require assessment"}
{"state": "FIRST_STAGE_COMPLETE", "note": "Four corner checks complete; third-grid and negative/transonic coverage still require assessment"}
{"state": "FIRST_STAGE_COMPLETE", "note": "Four corner checks complete; third-grid and negative/transonic coverage still require assessment"}
{"state": "FIRST_STAGE_COMPLETE", "note": "Four corner checks complete; third-grid and negative/transonic coverage still require assessment"}
{"state": "FIRST_STAGE_COMPLETE", "note": "Four corner checks complete; third-grid and negative/transonic coverage still require assessment"}
{"state": "FIRST_STAGE_COMPLETE", "note": "Four corner checks complete; third-grid and negative/transonic coverage still require assessment"}
{"state": "FIRST_STAGE_COMPLETE", "note": "Four corner checks complete; third-grid and negative/transonic coverage still require assessment"}
{"state": "FIRST_STAGE_COMPLETE", "note": "Four corner checks complete; third-grid and negative/transonic coverage still require assessment"}
{"state": "FIRST_STAGE_COMPLETE", "note": "Four corner checks complete; third-grid and negative/transonic coverage still require assessment"}
{"state": "FIRST_STAGE_COMPLETE", "note": "Four corner checks complete; third-grid and negative/transonic coverage still require assessment"}
{"state": "FIRST_STAGE_COMPLETE", "note": "Four corner checks complete; third-grid and negative/transonic coverage still require assessment"}
{"state": "FIRST_STAGE_COMPLETE", "note": "Four corner checks complete; third-grid and negative/transonic coverage still require assessment"}
{"state": "FIRST_STAGE_COMPLETE", "note": "Four corner checks complete; third-grid and negative/transonic coverage still require assessment"}
{"state": "FIRST_STAGE_COMPLETE", "note": "Four corner checks complete; third-grid and negative/transonic coverage still require assessment"}
{"state": "FIRST_STAGE_COMPLETE", "note": "Four corner checks complete; third-grid and negative/transonic coverage still require assessment"}
{"state": "FIRST_STAGE_COMPLETE", "note": "Four corner checks complete; third-grid and negative/transonic coverage still require assessment"}
{"state": "FIRST_STAGE_COMPLETE", "note": "Four corner checks complete; third-grid and negative/transonic coverage still require assessment"}
{"state": "FIRST_STAGE_COMPLETE", "note": "Four corner checks complete; third-grid and negative/transonic coverage still require assessment"}
{"state": "FIRST_STAGE_COMPLETE", "note": "Four corner checks complete; third-grid and negative/transonic coverage still require assessment"}
{"state": "FIRST_STAGE_COMPLETE", "note": "Four corner checks complete; third-grid and negative/transonic coverage still require assessment"}
{"state": "FIRST_STAGE_COMPLETE", "note": "Four corner checks complete; third-grid and negative/transonic coverage still require assessment"}
{"state": "FIRST_STAGE_COMPLETE", "note": "Four corner checks complete; third-grid and negative/transonic coverage still require assessment"}
{"state": "FIRST_STAGE_COMPLETE", "note": "Four corner checks complete; third-grid and negative/transonic coverage still require assessment"}
{"state": "FIRST_STAGE_COMPLETE", "note": "Four corner checks complete; third-grid and negative/transonic coverage still require assessment"}
{"state": "FIRST_STAGE_COMPLETE", "note": "Four corner checks complete; third-grid and negative/transonic coverage still require assessment"}
{"state": "FIRST_STAGE_COMPLETE", "note": "Four corner checks complete; third-grid and negative/transonic coverage still require assessment"}
{"state": "FIRST_STAGE_COMPLETE", "note": "Four corner checks complete; third-grid and negative/transonic coverage still require assessment"}
{"state": "FIRST_STAGE_COMPLETE", "note": "Four corner checks complete; third-grid and negative/transonic coverage still require assessment"}
{"state": "FIRST_STAGE_COMPLETE", "note": "Four corner checks complete; third-grid and negative/transonic coverage still require assessment"}
{"state": "FIRST_STAGE_COMPLETE", "note": "Four corner checks complete; third-grid and negative/transonic coverage still require assessment"}
{"state": "FIRST_STAGE_COMPLETE", "note": "Four corner checks complete; third-grid and negative/transonic coverage still require assessment"}
{"state": "FIRST_STAGE_COMPLETE", "note": "Four corner checks complete; third-grid and negative/transonic coverage still require assessment"}
{"state": "FIRST_STAGE_COMPLETE", "note": "Four corner checks complete; third-grid and negative/transonic coverage still require assessment"}
{"state": "FIRST_STAGE_COMPLETE", "note": "Four corner checks complete; third-grid and negative/transonic coverage still require assessment"}
{"state": "FIRST_STAGE_COMPLETE", "note": "Four corner checks complete; third-grid and negative/transonic coverage still require assessment"}
{"state": "FIRST_STAGE_COMPLETE", "note": "Four corner checks complete; third-grid and negative/transonic coverage still require assessment"}
{"state": "FIRST_STAGE_COMPLETE", "note": "Four corner checks complete; third-grid and negative/transonic coverage still require assessment"}
{"state": "FIRST_STAGE_COMPLETE", "note": "Four corner checks complete; third-grid and negative/transonic coverage still require assessment"}
{"state": "FIRST_STAGE_COMPLETE", "note": "Four corner checks complete; third-grid and negative/transonic coverage still require assessment"}
{"state": "FIRST_STAGE_COMPLETE", "note": "Four corner checks complete; third-grid and negative/transonic coverage still require assessment"}
{"state": "FIRST_STAGE_COMPLETE", "note": "Four corner checks complete; third-grid and negative/transonic coverage still require assessment"}
{"state": "FIRST_STAGE_COMPLETE", "note": "Four corner checks complete; third-grid and negative/transonic coverage still require assessment"}
{"state": "FIRST_STAGE_COMPLETE", "note": "Four corner checks complete; third-grid and negative/transonic coverage still require assessment"}
{"state": "FIRST_STAGE_COMPLETE", "note": "Four corner checks complete; third-grid and negative/transonic coverage still require assessment"}
{"state": "FIRST_STAGE_COMPLETE", "note": "Four corner checks complete; third-grid and negative/transonic coverage still require assessment"}
{"state": "FIRST_STAGE_COMPLETE", "note": "Four corner checks complete; third-grid and negative/transonic coverage still require assessment"}
{"state": "FIRST_STAGE_COMPLETE", "note": "Four corner checks complete; third-grid and negative/transonic coverage still require assessment"}
{"state": "FIRST_STAGE_COMPLETE", "note": "Four corner checks complete; third-grid and negative/transonic coverage still require assessment"}
{"state": "FIRST_STAGE_COMPLETE", "note": "Four corner checks complete; third-grid and negative/transonic coverage still require assessment"}
{"state": "FIRST_STAGE_COMPLETE", "note": "Four corner checks complete; third-grid and negative/transonic coverage still require assessment"}
{"state": "FIRST_STAGE_COMPLETE", "note": "Four corner checks complete; third-grid and negative/transonic coverage still require assessment"}
{"state": "FIRST_STAGE_COMPLETE", "note": "Four corner checks complete; third-grid and negative/transonic coverage still require assessment"}
{"state": "FIRST_STAGE_COMPLETE", "note": "Four corner checks complete; third-grid and negative/transonic coverage still require assessment"}
{"state": "FIRST_STAGE_COMPLETE", "note": "Four corner checks complete; third-grid and negative/transonic coverage still require assessment"}
{"state": "FIRST_STAGE_COMPLETE", "note": "Four corner checks complete; third-grid and negative/transonic coverage still require assessment"}
{"state": "FIRST_STAGE_COMPLETE", "note": "Four corner checks complete; third-grid and negative/transonic coverage still require assessment"}
{"state": "FIRST_STAGE_COMPLETE", "note": "Four corner checks complete; third-grid and negative/transonic coverage still require assessment"}
{"state": "FIRST_STAGE_COMPLETE", "note": "Four corner checks complete; third-grid and negative/transonic coverage still require assessment"}
{"state": "FIRST_STAGE_COMPLETE", "note": "Four corner checks complete; third-grid and negative/transonic coverage still require assessment"}
{"state": "FIRST_STAGE_COMPLETE", "note": "Four corner checks complete; third-grid and negative/transonic coverage still require assessment"}
{"state": "FIRST_STAGE_COMPLETE", "note": "Four corner checks complete; third-grid and negative/transonic coverage still require assessment"}
{"state": "FIRST_STAGE_COMPLETE", "note": "Four corner checks complete; third-grid and negative/transonic coverage still require assessment"}
{"state": "FIRST_STAGE_COMPLETE", "note": "Four corner checks complete; third-grid and negative/transonic coverage still require assessment"}
{"state": "FIRST_STAGE_COMPLETE", "note": "Four corner checks complete; third-grid and negative/transonic coverage still require assessment"}
{"state": "FIRST_STAGE_COMPLETE", "note": "Four corner checks complete; third-grid and negative/transonic coverage still require assessment"}
{"state": "FIRST_STAGE_COMPLETE", "note": "Four corner checks complete; third-grid and negative/transonic coverage still require assessment"}
{"state": "FIRST_STAGE_COMPLETE", "note": "Four corner checks complete; third-grid and negative/transonic coverage still require assessment"}
{"state": "FIRST_STAGE_COMPLETE", "note": "Four corner checks complete; third-grid and negative/transonic coverage still require assessment"}
{"state": "FIRST_STAGE_COMPLETE", "note": "Four corner checks complete; third-grid and negative/transonic coverage still require assessment"}
{"state": "FIRST_STAGE_COMPLETE", "note": "Four corner checks complete; third-grid and negative/transonic coverage still require assessment"}
{"state": "FIRST_STAGE_COMPLETE", "note": "Four corner checks complete; third-grid and negative/transonic coverage still require assessment"}
{"state": "FIRST_STAGE_COMPLETE", "note": "Four corner checks complete; third-grid and negative/transonic coverage still require assessment"}
{"state": "FIRST_STAGE_COMPLETE", "note": "Four corner checks complete; third-grid and negative/transonic coverage still require assessment"}
{"state": "FIRST_STAGE_COMPLETE", "note": "Four corner checks complete; third-grid and negative/transonic coverage still require assessment"}
{"state": "FIRST_STAGE_COMPLETE", "note": "Four corner checks complete; third-grid and negative/transonic coverage still require assessment"}
{"state": "FIRST_STAGE_COMPLETE", "note": "Four corner checks complete; third-grid and negative/transonic coverage still require assessment"}
{"state": "FIRST_STAGE_COMPLETE", "note": "Four corner checks complete; third-grid and negative/transonic coverage still require assessment"}
{"state": "FIRST_STAGE_COMPLETE", "note": "Four corner checks complete; third-grid and negative/transonic coverage still require assessment"}
{"state": "FIRST_STAGE_COMPLETE", "note": "Four corner checks complete; third-grid and negative/transonic coverage still require assessment"}
{"state": "FIRST_STAGE_COMPLETE", "note": "Four corner checks complete; third-grid and negative/transonic coverage still require assessment"}
{"state": "FIRST_STAGE_COMPLETE", "note": "Four corner checks complete; third-grid and negative/transonic coverage still require assessment"}
{"state": "FIRST_STAGE_COMPLETE", "note": "Four corner checks complete; third-grid and negative/transonic coverage still require assessment"}
{"state": "FIRST_STAGE_COMPLETE", "note": "Four corner checks complete; third-grid and negative/transonic coverage still require assessment"}
{"state": "FIRST_STAGE_COMPLETE", "note": "Four corner checks complete; third-grid and negative/transonic coverage still require assessment"}
{"state": "FIRST_STAGE_COMPLETE", "note": "Four corner checks complete; third-grid and negative/transonic coverage still require assessment"}
{"state": "FIRST_STAGE_COMPLETE", "note": "Four corner checks complete; third-grid and negative/transonic coverage still require assessment"}
{"state": "FIRST_STAGE_COMPLETE", "note": "Four corner checks complete; third-grid and negative/transonic coverage still require assessment"}
{"state": "FIRST_STAGE_COMPLETE", "note": "Four corner checks complete; third-grid and negative/transonic coverage still require assessment"}
{"state": "FIRST_STAGE_COMPLETE", "note": "Four corner checks complete; third-grid and negative/transonic coverage still require assessment"}
{"state": "FIRST_STAGE_COMPLETE", "note": "Four corner checks complete; third-grid and negative/transonic coverage still require assessment"}
{"state": "FIRST_STAGE_COMPLETE", "note": "Four corner checks complete; third-grid and negative/transonic coverage still require assessment"}
{"state": "FIRST_STAGE_COMPLETE", "note": "Four corner checks complete; third-grid and negative/transonic coverage still require assessment"}
{"state": "FIRST_STAGE_COMPLETE", "note": "Four corner checks complete; third-grid and negative/transonic coverage still require assessment"}
{"state": "FIRST_STAGE_COMPLETE", "note": "Four corner checks complete; third-grid and negative/transonic coverage still require assessment"}
{"state": "FIRST_STAGE_COMPLETE", "note": "Four corner checks complete; third-grid and negative/transonic coverage still require assessment"}
{"state": "FIRST_STAGE_COMPLETE", "note": "Four corner checks complete; third-grid and negative/transonic coverage still require assessment"}
{"state": "FIRST_STAGE_COMPLETE", "note": "Four corner checks complete; third-grid and negative/transonic coverage still require assessment"}
{"state": "FIRST_STAGE_COMPLETE", "note": "Four corner checks complete; third-grid and negative/transonic coverage still require assessment"}
{"state": "FIRST_STAGE_COMPLETE", "note": "Four corner checks complete; third-grid and negative/transonic coverage still require assessment"}
{"state": "FIRST_STAGE_COMPLETE", "note": "Four corner checks complete; third-grid and negative/transonic coverage still require assessment"}
{"state": "FIRST_STAGE_COMPLETE", "note": "Four corner checks complete; third-grid and negative/transonic coverage still require assessment"}
{"state": "FIRST_STAGE_COMPLETE", "note": "Four corner checks complete; third-grid and negative/transonic coverage still require assessment"}
{"state": "FIRST_STAGE_COMPLETE", "note": "Four corner checks complete; third-grid and negative/transonic coverage still require assessment"}
{"state": "FIRST_STAGE_COMPLETE", "note": "Four corner checks complete; third-grid and negative/transonic coverage still require assessment"}
{"state": "FIRST_STAGE_COMPLETE", "note": "Four corner checks complete; third-grid and negative/transonic coverage still require assessment"}
{"state": "FIRST_STAGE_COMPLETE", "note": "Four corner checks complete; third-grid and negative/transonic coverage still require assessment"}
{"state": "FIRST_STAGE_COMPLETE", "note": "Four corner checks complete; third-grid and negative/transonic coverage still require assessment"}
{"state": "FIRST_STAGE_COMPLETE", "note": "Four corner checks complete; third-grid and negative/transonic coverage still require assessment"}
{"state": "FIRST_STAGE_COMPLETE", "note": "Four corner checks complete; third-grid and negative/transonic coverage still require assessment"}
{"state": "FIRST_STAGE_COMPLETE", "note": "Four corner checks complete; third-grid and negative/transonic coverage still require assessment"}
{"state": "FIRST_STAGE_COMPLETE", "note": "Four corner checks complete; third-grid and negative/transonic coverage still require assessment"}
{"state": "FIRST_STAGE_COMPLETE", "note": "Four corner checks complete; third-grid and negative/transonic coverage still require assessment"}
{"state": "FIRST_STAGE_COMPLETE", "note": "Four corner checks complete; third-grid and negative/transonic coverage still require assessment"}
{"state": "FIRST_STAGE_COMPLETE", "note": "Four corner checks complete; third-grid and negative/transonic coverage still require assessment"}
{"state": "FIRST_STAGE_COMPLETE", "note": "Four corner checks complete; third-grid and negative/transonic coverage still require assessment"}
{"state": "FIRST_STAGE_COMPLETE", "note": "Four corner checks complete; third-grid and negative/transonic coverage still require assessment"}
{"state": "FIRST_STAGE_COMPLETE", "note": "Four corner checks complete; third-grid and negative/transonic coverage still require assessment"}
{"state": "FIRST_STAGE_COMPLETE", "note": "Four corner checks complete; third-grid and negative/transonic coverage still require assessment"}
{"state": "FIRST_STAGE_COMPLETE", "note": "Four corner checks complete; third-grid and negative/transonic coverage still require assessment"}
{"state": "FIRST_STAGE_COMPLETE", "note": "Four corner checks complete; third-grid and negative/transonic coverage still require assessment"}
{"state": "FIRST_STAGE_COMPLETE", "note": "Four corner checks complete; third-grid and negative/transonic coverage still require assessment"}
{"state": "FIRST_STAGE_COMPLETE", "note": "Four corner checks complete; third-grid and negative/transonic coverage still require assessment"}
{"state": "FIRST_STAGE_COMPLETE", "note": "Four corner checks complete; third-grid and negative/transonic coverage still require assessment"}
{"state": "FIRST_STAGE_COMPLETE", "note": "Four corner checks complete; third-grid and negative/transonic coverage still require assessment"}
{"state": "FIRST_STAGE_COMPLETE", "note": "Four corner checks complete; third-grid and negative/transonic coverage still require assessment"}
{"state": "FIRST_STAGE_COMPLETE", "note": "Four corner checks complete; third-grid and negative/transonic coverage still require assessment"}
{"state": "FIRST_STAGE_COMPLETE", "note": "Four corner checks complete; third-grid and negative/transonic coverage still require assessment"}
{"state": "FIRST_STAGE_COMPLETE", "note": "Four corner checks complete; third-grid and negative/transonic coverage still require assessment"}
{"state": "FIRST_STAGE_COMPLETE", "note": "Four corner checks complete; third-grid and negative/transonic coverage still require assessment"}
{"state": "FIRST_STAGE_COMPLETE", "note": "Four corner checks complete; third-grid and negative/transonic coverage still require assessment"}
{"state": "FIRST_STAGE_COMPLETE", "note": "Four corner checks complete; third-grid and negative/transonic coverage still require assessment"}
{"state": "FIRST_STAGE_COMPLETE", "note": "Four corner checks complete; third-grid and negative/transonic coverage still require assessment"}
{"state": "FIRST_STAGE_COMPLETE", "note": "Four corner checks complete; third-grid and negative/transonic coverage still require assessment"}
{"state": "FIRST_STAGE_COMPLETE", "note": "Four corner checks complete; third-grid and negative/transonic coverage still require assessment"}
{"state": "FIRST_STAGE_COMPLETE", "note": "Four corner checks complete; third-grid and negative/transonic coverage still require assessment"}
{"state": "FIRST_STAGE_COMPLETE", "note": "Four corner checks complete; third-grid and negative/transonic coverage still require assessment"}
{"state": "FIRST_STAGE_COMPLETE", "note": "Four corner checks complete; third-grid and negative/transonic coverage still require assessment"}
{"state": "FIRST_STAGE_COMPLETE", "note": "Four corner checks complete; third-grid and negative/transonic coverage still require assessment"}
{"state": "FIRST_STAGE_COMPLETE", "note": "Four corner checks complete; third-grid and negative/transonic coverage still require assessment"}
{"state": "FIRST_STAGE_COMPLETE", "note": "Four corner checks complete; third-grid and negative/transonic coverage still require assessment"}
{"state": "FIRST_STAGE_COMPLETE", "note": "Four corner checks complete; third-grid and negative/transonic coverage still require assessment"}
{"state": "FIRST_STAGE_COMPLETE", "note": "Four corner checks complete; third-grid and negative/transonic coverage still require assessment"}
{"state": "FIRST_STAGE_COMPLETE", "note": "Four corner checks complete; third-grid and negative/transonic coverage still require assessment"}
{"state": "FIRST_STAGE_COMPLETE", "note": "Four corner checks complete; third-grid and negative/transonic coverage still require assessment"}
{"state": "FIRST_STAGE_COMPLETE", "note": "Four corner checks complete; third-grid and negative/transonic coverage still require assessment"}
{"state": "FIRST_STAGE_COMPLETE", "note": "Four corner checks complete; third-grid and negative/transonic coverage still require assessment"}
{"state": "FIRST_STAGE_COMPLETE", "note": "Four corner checks complete; third-grid and negative/transonic coverage still require assessment"}
{"state": "FIRST_STAGE_COMPLETE", "note": "Four corner checks complete; third-grid and negative/transonic coverage still require assessment"}
{"state": "FIRST_STAGE_COMPLETE", "note": "Four corner checks complete; third-grid and negative/transonic coverage still require assessment"}
{"state": "FIRST_STAGE_COMPLETE", "note": "Four corner checks complete; third-grid and negative/transonic coverage still require assessment"}
{"state": "FIRST_STAGE_COMPLETE", "note": "Four corner checks complete; third-grid and negative/transonic coverage still require assessment"}
{"state": "FIRST_STAGE_COMPLETE", "note": "Four corner checks complete; third-grid and negative/transonic coverage still require assessment"}
{"state": "FIRST_STAGE_COMPLETE", "note": "Four corner checks complete; third-grid and negative/transonic coverage still require assessment"}
{"state": "FIRST_STAGE_COMPLETE", "note": "Four corner checks complete; third-grid and negative/transonic coverage still require assessment"}
{"state": "FIRST_STAGE_COMPLETE", "note": "Four corner checks complete; third-grid and negative/transonic coverage still require assessment"}
{"state": "FIRST_STAGE_COMPLETE", "note": "Four corner checks complete; third-grid and negative/transonic coverage still require assessment"}
{"state": "FIRST_STAGE_COMPLETE", "note": "Four corner checks complete; third-grid and negative/transonic coverage still require assessment"}
{"state": "FIRST_STAGE_COMPLETE", "note": "Four corner checks complete; third-grid and negative/transonic coverage still require assessment"}
{"state": "FIRST_STAGE_COMPLETE", "note": "Four corner checks complete; third-grid and negative/transonic coverage still require assessment"}
{"state": "FIRST_STAGE_COMPLETE", "note": "Four corner checks complete; third-grid and negative/transonic coverage still require assessment"}
{"state": "FIRST_STAGE_COMPLETE", "note": "Four corner checks complete; third-grid and negative/transonic coverage still require assessment"}
{"state": "FIRST_STAGE_COMPLETE", "note": "Four corner checks complete; third-grid and negative/transonic coverage still require assessment"}
{"state": "FIRST_STAGE_COMPLETE", "note": "Four corner checks complete; third-grid and negative/transonic coverage still require assessment"}
{"state": "FIRST_STAGE_COMPLETE", "note": "Four corner checks complete; third-grid and negative/transonic coverage still require assessment"}
{"state": "FIRST_STAGE_COMPLETE", "note": "Four corner checks complete; third-grid and negative/transonic coverage still require assessment"}
{"state": "FIRST_STAGE_COMPLETE", "note": "Four corner checks complete; third-grid and negative/transonic coverage still require assessment"}
{"state": "FIRST_STAGE_COMPLETE", "note": "Four corner checks complete; third-grid and negative/transonic coverage still require assessment"}
{"state": "FIRST_STAGE_COMPLETE", "note": "Four corner checks complete; third-grid and negative/transonic coverage still require assessment"}
{"state": "FIRST_STAGE_COMPLETE", "note": "Four corner checks complete; third-grid and negative/transonic coverage still require assessment"}
{"state": "FIRST_STAGE_COMPLETE", "note": "Four corner checks complete; third-grid and negative/transonic coverage still require assessment"}
{"state": "FIRST_STAGE_COMPLETE", "note": "Four corner checks complete; third-grid and negative/transonic coverage still require assessment"}
{"state": "FIRST_STAGE_COMPLETE", "note": "Four corner checks complete; third-grid and negative/transonic coverage still require assessment"}
{"state": "FIRST_STAGE_COMPLETE", "note": "Four corner checks complete; third-grid and negative/transonic coverage still require assessment"}
{"state": "FIRST_STAGE_COMPLETE", "note": "Four corner checks complete; third-grid and negative/transonic coverage still require assessment"}
{"state": "FIRST_STAGE_COMPLETE", "note": "Four corner checks complete; third-grid and negative/transonic coverage still require assessment"}
{"state": "FIRST_STAGE_COMPLETE", "note": "Four corner checks complete; third-grid and negative/transonic coverage still require assessment"}
{"state": "FIRST_STAGE_COMPLETE", "note": "Four corner checks complete; third-grid and negative/transonic coverage still require assessment"}
{"state": "FIRST_STAGE_COMPLETE", "note": "Four corner checks complete; third-grid and negative/transonic coverage still require assessment"}
{"state": "FIRST_STAGE_COMPLETE", "note": "Four corner checks complete; third-grid and negative/transonic coverage still require assessment"}
{"state": "FIRST_STAGE_COMPLETE", "note": "Four corner checks complete; third-grid and negative/transonic coverage still require assessment"}
{"state": "FIRST_STAGE_COMPLETE", "note": "Four corner checks complete; third-grid and negative/transonic coverage still require assessment"}
{"state": "FIRST_STAGE_COMPLETE", "note": "Four corner checks complete; third-grid and negative/transonic coverage still require assessment"}
{"state": "FIRST_STAGE_COMPLETE", "note": "Four corner checks complete; third-grid and negative/transonic coverage still require assessment"}
{"state": "FIRST_STAGE_COMPLETE", "note": "Four corner checks complete; third-grid and negative/transonic coverage still require assessment"}
{"state": "FIRST_STAGE_COMPLETE", "note": "Four corner checks complete; third-grid and negative/transonic coverage still require assessment"}
{"state": "FIRST_STAGE_COMPLETE", "note": "Four corner checks complete; third-grid and negative/transonic coverage still require assessment"}
{"state": "FIRST_STAGE_COMPLETE", "note": "Four corner checks complete; third-grid and negative/transonic coverage still require assessment"}
{"state": "FIRST_STAGE_COMPLETE", "note": "Four corner checks complete; third-grid and negative/transonic coverage still require assessment"}
{"state": "FIRST_STAGE_COMPLETE", "note": "Four corner checks complete; third-grid and negative/transonic coverage still require assessment"}
{"state": "FIRST_STAGE_COMPLETE", "note": "Four corner checks complete; third-grid and negative/transonic coverage still require assessment"}
{"state": "FIRST_STAGE_COMPLETE", "note": "Four corner checks complete; third-grid and negative/transonic coverage still require assessment"}
{"state": "FIRST_STAGE_COMPLETE", "note": "Four corner checks complete; third-grid and negative/transonic coverage still require assessment"}
{"state": "FIRST_STAGE_COMPLETE", "note": "Four corner checks complete; third-grid and negative/transonic coverage still require assessment"}
{"state": "FIRST_STAGE_COMPLETE", "note": "Four corner checks complete; third-grid and negative/transonic coverage still require assessment"}
{"state": "FIRST_STAGE_COMPLETE", "note": "Four corner checks complete; third-grid and negative/transonic coverage still require assessment"}
{"state": "FIRST_STAGE_COMPLETE", "note": "Four corner checks complete; third-grid and negative/transonic coverage still require assessment"}
{"state": "FIRST_STAGE_COMPLETE", "note": "Four corner checks complete; third-grid and negative/transonic coverage still require assessment"}
{"state": "FIRST_STAGE_COMPLETE", "note": "Four corner checks complete; third-grid and negative/transonic coverage still require assessment"}
{"state": "FIRST_STAGE_COMPLETE", "note": "Four corner checks complete; third-grid and negative/transonic coverage still require assessment"}
{"state": "FIRST_STAGE_COMPLETE", "note": "Four corner checks complete; third-grid and negative/transonic coverage still require assessment"}
{"state": "FIRST_STAGE_COMPLETE", "note": "Four corner checks complete; third-grid and negative/transonic coverage still require assessment"}
{"state": "FIRST_STAGE_COMPLETE", "note": "Four corner checks complete; third-grid and negative/transonic coverage still require assessment"}
{"state": "FIRST_STAGE_COMPLETE", "note": "Four corner checks complete; third-grid and negative/transonic coverage still require assessment"}
{"state": "FIRST_STAGE_COMPLETE", "note": "Four corner checks complete; third-grid and negative/transonic coverage still require assessment"}
{"state": "FIRST_STAGE_COMPLETE", "note": "Four corner checks complete; third-grid and negative/transonic coverage still require assessment"}
{"state": "FIRST_STAGE_COMPLETE", "note": "Four corner checks complete; third-grid and negative/transonic coverage still require assessment"}
{"state": "FIRST_STAGE_COMPLETE", "note": "Four corner checks complete; third-grid and negative/transonic coverage still require assessment"}
{"state": "FIRST_STAGE_COMPLETE", "note": "Four corner checks complete; third-grid and negative/transonic coverage still require assessment"}
{"state": "FIRST_STAGE_COMPLETE", "note": "Four corner checks complete; third-grid and negative/transonic coverage still require assessment"}
{"state": "FIRST_STAGE_COMPLETE", "note": "Four corner checks complete; third-grid and negative/transonic coverage still require assessment"}
{"state": "FIRST_STAGE_COMPLETE", "note": "Four corner checks complete; third-grid and negative/transonic coverage still require assessment"}
{"state": "FIRST_STAGE_COMPLETE", "note": "Four corner checks complete; third-grid and negative/transonic coverage still require assessment"}
{"state": "FIRST_STAGE_COMPLETE", "note": "Four corner checks complete; third-grid and negative/transonic coverage still require assessment"}
{"state": "FIRST_STAGE_COMPLETE", "note": "Four corner checks complete; third-grid and negative/transonic coverage still require assessment"}
{"state": "FIRST_STAGE_COMPLETE", "note": "Four corner checks complete; third-grid and negative/transonic coverage still require assessment"}
{"state": "FIRST_STAGE_COMPLETE", "note": "Four corner checks complete; third-grid and negative/transonic coverage still require assessment"}
{"state": "FIRST_STAGE_COMPLETE", "note": "Four corner checks complete; third-grid and negative/transonic coverage still require assessment"}
{"state": "FIRST_STAGE_COMPLETE", "note": "Four corner checks complete; third-grid and negative/transonic coverage still require assessment"}
{"state": "FIRST_STAGE_COMPLETE", "note": "Four corner checks complete; third-grid and negative/transonic coverage still require assessment"}
{"state": "FIRST_STAGE_COMPLETE", "note": "Four corner checks complete; third-grid and negative/transonic coverage still require assessment"}
{"state": "FIRST_STAGE_COMPLETE", "note": "Four corner checks complete; third-grid and negative/transonic coverage still require assessment"}
{"state": "FIRST_STAGE_COMPLETE", "note": "Four corner checks complete; third-grid and negative/transonic coverage still require assessment"}
{"state": "FIRST_STAGE_COMPLETE", "note": "Four corner checks complete; third-grid and negative/transonic coverage still require assessment"}
{"state": "FIRST_STAGE_COMPLETE", "note": "Four corner checks complete; third-grid and negative/transonic coverage still require assessment"}
{"state": "FIRST_STAGE_COMPLETE", "note": "Four corner checks complete; third-grid and negative/transonic coverage still require assessment"}
{"state": "FIRST_STAGE_COMPLETE", "note": "Four corner checks complete; third-grid and negative/transonic coverage still require assessment"}
{"state": "FIRST_STAGE_COMPLETE", "note": "Four corner checks complete; third-grid and negative/transonic coverage still require assessment"}
{"state": "FIRST_STAGE_COMPLETE", "note": "Four corner checks complete; third-grid and negative/transonic coverage still require assessment"}
{"state": "FIRST_STAGE_COMPLETE", "note": "Four corner checks complete; third-grid and negative/transonic coverage still require assessment"}
{"state": "FIRST_STAGE_COMPLETE", "note": "Four corner checks complete; third-grid and negative/transonic coverage still require assessment"}
{"state": "FIRST_STAGE_COMPLETE", "note": "Four corner checks complete; third-grid and negative/transonic coverage still require assessment"}
{"state": "FIRST_STAGE_COMPLETE", "note": "Four corner checks complete; third-grid and negative/transonic coverage still require assessment"}
{"state": "FIRST_STAGE_COMPLETE", "note": "Four corner checks complete; third-grid and negative/transonic coverage still require assessment"}
{"state": "FIRST_STAGE_COMPLETE", "note": "Four corner checks complete; third-grid and negative/transonic coverage still require assessment"}
{"state": "FIRST_STAGE_COMPLETE", "note": "Four corner checks complete; third-grid and negative/transonic coverage still require assessment"}
{"state": "FIRST_STAGE_COMPLETE", "note": "Four corner checks complete; third-grid and negative/transonic coverage still require assessment"}
{"state": "FIRST_STAGE_COMPLETE", "note": "Four corner checks complete; third-grid and negative/transonic coverage still require assessment"}
{"state": "FIRST_STAGE_COMPLETE", "note": "Four corner checks complete; third-grid and negative/transonic coverage still require assessment"}
{"state": "FIRST_STAGE_COMPLETE", "note": "Four corner checks complete; third-grid and negative/transonic coverage still require assessment"}
{"state": "FIRST_STAGE_COMPLETE", "note": "Four corner checks complete; third-grid and negative/transonic coverage still require assessment"}
{"state": "FIRST_STAGE_COMPLETE", "note": "Four corner checks complete; third-grid and negative/transonic coverage still require assessment"}
{"state": "FIRST_STAGE_COMPLETE", "note": "Four corner checks complete; third-grid and negative/transonic coverage still require assessment"}
{"state": "FIRST_STAGE_COMPLETE", "note": "Four corner checks complete; third-grid and negative/transonic coverage still require assessment"}
{"state": "FIRST_STAGE_COMPLETE", "note": "Four corner checks complete; third-grid and negative/transonic coverage still require assessment"}
{"state": "FIRST_STAGE_COMPLETE", "note": "Four corner checks complete; third-grid and negative/transonic coverage still require assessment"}
{"state": "FIRST_STAGE_COMPLETE", "note": "Four corner checks complete; third-grid and negative/transonic coverage still require assessment"}
{"state": "FIRST_STAGE_COMPLETE", "note": "Four corner checks complete; third-grid and negative/transonic coverage still require assessment"}
{"state": "FIRST_STAGE_COMPLETE", "note": "Four corner checks complete; third-grid and negative/transonic coverage still require assessment"}
{"state": "FIRST_STAGE_COMPLETE", "note": "Four corner checks complete; third-grid and negative/transonic coverage still require assessment"}
{"state": "FIRST_STAGE_COMPLETE", "note": "Four corner checks complete; third-grid and negative/transonic coverage still require assessment"}
{"state": "FIRST_STAGE_COMPLETE", "note": "Four corner checks complete; third-grid and negative/transonic coverage still require assessment"}
{"state": "FIRST_STAGE_COMPLETE", "note": "Four corner checks complete; third-grid and negative/transonic coverage still require assessment"}
{"state": "FIRST_STAGE_COMPLETE", "note": "Four corner checks complete; third-grid and negative/transonic coverage still require assessment"}
{"state": "FIRST_STAGE_COMPLETE", "note": "Four corner checks complete; third-grid and negative/transonic coverage still require assessment"}
{"state": "FIRST_STAGE_COMPLETE", "note": "Four corner checks complete; third-grid and negative/transonic coverage still require assessment"}
{"state": "FIRST_STAGE_COMPLETE", "note": "Four corner checks complete; third-grid and negative/transonic coverage still require assessment"}
{"state": "FIRST_STAGE_COMPLETE", "note": "Four corner checks complete; third-grid and negative/transonic coverage still require assessment"}
{"state": "FIRST_STAGE_COMPLETE", "note": "Four corner checks complete; third-grid and negative/transonic coverage still require assessment"}
{"state": "FIRST_STAGE_COMPLETE", "note": "Four corner checks complete; third-grid and negative/transonic coverage still require assessment"}
{"state": "FIRST_STAGE_COMPLETE", "note": "Four corner checks complete; third-grid and negative/transonic coverage still require assessment"}
{"state": "FIRST_STAGE_COMPLETE", "note": "Four corner checks complete; third-grid and negative/transonic coverage still require assessment"}
{"state": "FIRST_STAGE_COMPLETE", "note": "Four corner checks complete; third-grid and negative/transonic coverage still require assessment"}
{"state": "FIRST_STAGE_COMPLETE", "note": "Four corner checks complete; third-grid and negative/transonic coverage still require assessment"}
{"state": "FIRST_STAGE_COMPLETE", "note": "Four corner checks complete; third-grid and negative/transonic coverage still require assessment"}
{"state": "FIRST_STAGE_COMPLETE", "note": "Four corner checks complete; third-grid and negative/transonic coverage still require assessment"}
{"state": "FIRST_STAGE_COMPLETE", "note": "Four corner checks complete; third-grid and negative/transonic coverage still require assessment"}
{"state": "FIRST_STAGE_COMPLETE", "note": "Four corner checks complete; third-grid and negative/transonic coverage still require assessment"}
{"state": "FIRST_STAGE_COMPLETE", "note": "Four corner checks complete; third-grid and negative/transonic coverage still require assessment"}
{"state": "FIRST_STAGE_COMPLETE", "note": "Four corner checks complete; third-grid and negative/transonic coverage still require assessment"}
{"state": "FIRST_STAGE_COMPLETE", "note": "Four corner checks complete; third-grid and negative/transonic coverage still require assessment"}
{"state": "FIRST_STAGE_COMPLETE", "note": "Four corner checks complete; third-grid and negative/transonic coverage still require assessment"}
{"state": "FIRST_STAGE_COMPLETE", "note": "Four corner checks complete; third-grid and negative/transonic coverage still require assessment"}
{"state": "FIRST_STAGE_COMPLETE", "note": "Four corner checks complete; third-grid and negative/transonic coverage still require assessment"}
{"state": "FIRST_STAGE_COMPLETE", "note": "Four corner checks complete; third-grid and negative/transonic coverage still require assessment"}
{"state": "FIRST_STAGE_COMPLETE", "note": "Four corner checks complete; third-grid and negative/transonic coverage still require assessment"}
{"state": "FIRST_STAGE_COMPLETE", "note": "Four corner checks complete; third-grid and negative/transonic coverage still require assessment"}
{"state": "FIRST_STAGE_COMPLETE", "note": "Four corner checks complete; third-grid and negative/transonic coverage still require assessment"}
{"state": "FIRST_STAGE_COMPLETE", "note": "Four corner checks complete; third-grid and negative/transonic coverage still require assessment"}
{"state": "FIRST_STAGE_COMPLETE", "note": "Four corner checks complete; third-grid and negative/transonic coverage still require assessment"}
{"state": "FIRST_STAGE_COMPLETE", "note": "Four corner checks complete; third-grid and negative/transonic coverage still require assessment"}
{"state": "FIRST_STAGE_COMPLETE", "note": "Four corner checks complete; third-grid and negative/transonic coverage still require assessment"}
{"state": "FIRST_STAGE_COMPLETE", "note": "Four corner checks complete; third-grid and negative/transonic coverage still require assessment"}
{"state": "FIRST_STAGE_COMPLETE", "note": "Four corner checks complete; third-grid and negative/transonic coverage still require assessment"}
{"state": "FIRST_STAGE_COMPLETE", "note": "Four corner checks complete; third-grid and negative/transonic coverage still require assessment"}
{"state": "FIRST_STAGE_COMPLETE", "note": "Four corner checks complete; third-grid and negative/transonic coverage still require assessment"}
{"state": "FIRST_STAGE_COMPLETE", "note": "Four corner checks complete; third-grid and negative/transonic coverage still require assessment"}
{"state": "FIRST_STAGE_COMPLETE", "note": "Four corner checks complete; third-grid and negative/transonic coverage still require assessment"}
{"state": "FIRST_STAGE_COMPLETE", "note": "Four corner checks complete; third-grid and negative/transonic coverage still require assessment"}
{"state": "FIRST_STAGE_COMPLETE", "note": "Four corner checks complete; third-grid and negative/transonic coverage still require assessment"}
{"state": "FIRST_STAGE_COMPLETE", "note": "Four corner checks complete; third-grid and negative/transonic coverage still require assessment"}
{"state": "FIRST_STAGE_COMPLETE", "note": "Four corner checks complete; third-grid and negative/transonic coverage still require assessment"}
{"state": "FIRST_STAGE_COMPLETE", "note": "Four corner checks complete; third-grid and negative/transonic coverage still require assessment"}
{"state": "FIRST_STAGE_COMPLETE", "note": "Four corner checks complete; third-grid and negative/transonic coverage still require assessment"}
{"state": "FIRST_STAGE_COMPLETE", "note": "Four corner checks complete; third-grid and negative/transonic coverage still require assessment"}
{"state": "FIRST_STAGE_COMPLETE", "note": "Four corner checks complete; third-grid and negative/transonic coverage still require assessment"}
{"state": "FIRST_STAGE_COMPLETE", "note": "Four corner checks complete; third-grid and negative/transonic coverage still require assessment"}
{"state": "FIRST_STAGE_COMPLETE", "note": "Four corner checks complete; third-grid and negative/transonic coverage still require assessment"}
{"state": "FIRST_STAGE_COMPLETE", "note": "Four corner checks complete; third-grid and negative/transonic coverage still require assessment"}
{"state": "FIRST_STAGE_COMPLETE", "note": "Four corner checks complete; third-grid and negative/transonic coverage still require assessment"}
{"state": "FIRST_STAGE_COMPLETE", "note": "Four corner checks complete; third-grid and negative/transonic coverage still require assessment"}
{"state": "FIRST_STAGE_COMPLETE", "note": "Four corner checks complete; third-grid and negative/transonic coverage still require assessment"}
{"state": "FIRST_STAGE_COMPLETE", "note": "Four corner checks complete; third-grid and negative/transonic coverage still require assessment"}
{"state": "FIRST_STAGE_COMPLETE", "note": "Four corner checks complete; third-grid and negative/transonic coverage still require assessment"}
{"state": "FIRST_STAGE_COMPLETE", "note": "Four corner checks complete; third-grid and negative/transonic coverage still require assessment"}
{"state": "FIRST_STAGE_COMPLETE", "note": "Four corner checks complete; third-grid and negative/transonic coverage still require assessment"}
{"state": "FIRST_STAGE_COMPLETE", "note": "Four corner checks complete; third-grid and negative/transonic coverage still require assessment"}
{"state": "FIRST_STAGE_COMPLETE", "note": "Four corner checks complete; third-grid and negative/transonic coverage still require assessment"}
{"state": "FIRST_STAGE_COMPLETE", "note": "Four corner checks complete; third-grid and negative/transonic coverage still require assessment"}
{"state": "FIRST_STAGE_COMPLETE", "note": "Four corner checks complete; third-grid and negative/transonic coverage still require assessment"}
{"state": "FIRST_STAGE_COMPLETE", "note": "Four corner checks complete; third-grid and negative/transonic coverage still require assessment"}
{"state": "FIRST_STAGE_COMPLETE", "note": "Four corner checks complete; third-grid and negative/transonic coverage still require assessment"}
{"state": "FIRST_STAGE_COMPLETE", "note": "Four corner checks complete; third-grid and negative/transonic coverage still require assessment"}
{"state": "FIRST_STAGE_COMPLETE", "note": "Four corner checks complete; third-grid and negative/transonic coverage still require assessment"}
{"state": "FIRST_STAGE_COMPLETE", "note": "Four corner checks complete; third-grid and negative/transonic coverage still require assessment"}
{"state": "FIRST_STAGE_COMPLETE", "note": "Four corner checks complete; third-grid and negative/transonic coverage still require assessment"}
{"state": "FIRST_STAGE_COMPLETE", "note": "Four corner checks complete; third-grid and negative/transonic coverage still require assessment"}
{"state": "FIRST_STAGE_COMPLETE", "note": "Four corner checks complete; third-grid and negative/transonic coverage still require assessment"}
{"state": "FIRST_STAGE_COMPLETE", "note": "Four corner checks complete; third-grid and negative/transonic coverage still require assessment"}
{"state": "FIRST_STAGE_COMPLETE", "note": "Four corner checks complete; third-grid and negative/transonic coverage still require assessment"}
{"state": "FIRST_STAGE_COMPLETE", "note": "Four corner checks complete; third-grid and negative/transonic coverage still require assessment"}
{"state": "FIRST_STAGE_COMPLETE", "note": "Four corner checks complete; third-grid and negative/transonic coverage still require assessment"}
{"state": "FIRST_STAGE_COMPLETE", "note": "Four corner checks complete; third-grid and negative/transonic coverage still require assessment"}
{"state": "FIRST_STAGE_COMPLETE", "note": "Four corner checks complete; third-grid and negative/transonic coverage still require assessment"}
{"state": "FIRST_STAGE_COMPLETE", "note": "Four corner checks complete; third-grid and negative/transonic coverage still require assessment"}
{"state": "FIRST_STAGE_COMPLETE", "note": "Four corner checks complete; third-grid and negative/transonic coverage still require assessment"}
{"state": "FIRST_STAGE_COMPLETE", "note": "Four corner checks complete; third-grid and negative/transonic coverage still require assessment"}
{"state": "FIRST_STAGE_COMPLETE", "note": "Four corner checks complete; third-grid and negative/transonic coverage still require assessment"}
{"state": "FIRST_STAGE_COMPLETE", "note": "Four corner checks complete; third-grid and negative/transonic coverage still require assessment"}
{"state": "FIRST_STAGE_COMPLETE", "note": "Four corner checks complete; third-grid and negative/transonic coverage still require assessment"}
{"state": "FIRST_STAGE_COMPLETE", "note": "Four corner checks complete; third-grid and negative/transonic coverage still require assessment"}
{"state": "FIRST_STAGE_COMPLETE", "note": "Four corner checks complete; third-grid and negative/transonic coverage still require assessment"}
{"state": "FIRST_STAGE_COMPLETE", "note": "Four corner checks complete; third-grid and negative/transonic coverage still require assessment"}
{"state": "FIRST_STAGE_COMPLETE", "note": "Four corner checks complete; third-grid and negative/transonic coverage still require assessment"}
{"state": "FIRST_STAGE_COMPLETE", "note": "Four corner checks complete; third-grid and negative/transonic coverage still require assessment"}
{"state": "FIRST_STAGE_COMPLETE", "note": "Four corner checks complete; third-grid and negative/transonic coverage still require assessment"}
{"state": "FIRST_STAGE_COMPLETE", "note": "Four corner checks complete; third-grid and negative/transonic coverage still require assessment"}
{"state": "FIRST_STAGE_COMPLETE", "note": "Four corner checks complete; third-grid and negative/transonic coverage still require assessment"}
{"state": "FIRST_STAGE_COMPLETE", "note": "Four corner checks complete; third-grid and negative/transonic coverage still require assessment"}
{"state": "FIRST_STAGE_COMPLETE", "note": "Four corner checks complete; third-grid and negative/transonic coverage still require assessment"}
{"state": "FIRST_STAGE_COMPLETE", "note": "Four corner checks complete; third-grid and negative/transonic coverage still require assessment"}
{"state": "FIRST_STAGE_COMPLETE", "note": "Four corner checks complete; third-grid and negative/transonic coverage still require assessment"}
{"state": "FIRST_STAGE_COMPLETE", "note": "Four corner checks complete; third-grid and negative/transonic coverage still require assessment"}
{"state": "FIRST_STAGE_COMPLETE", "note": "Four corner checks complete; third-grid and negative/transonic coverage still require assessment"}
{"state": "FIRST_STAGE_COMPLETE", "note": "Four corner checks complete; third-grid and negative/transonic coverage still require assessment"}
{"state": "FIRST_STAGE_COMPLETE", "note": "Four corner checks complete; third-grid and negative/transonic coverage still require assessment"}
{"state": "FIRST_STAGE_COMPLETE", "note": "Four corner checks complete; third-grid and negative/transonic coverage still require assessment"}
{"state": "FIRST_STAGE_COMPLETE", "note": "Four corner checks complete; third-grid and negative/transonic coverage still require assessment"}
{"state": "FIRST_STAGE_COMPLETE", "note": "Four corner checks complete; third-grid and negative/transonic coverage still require assessment"}
{"state": "FIRST_STAGE_COMPLETE", "note": "Four corner checks complete; third-grid and negative/transonic coverage still require assessment"}
{"state": "FIRST_STAGE_COMPLETE", "note": "Four corner checks complete; third-grid and negative/transonic coverage still require assessment"}
{"state": "FIRST_STAGE_COMPLETE", "note": "Four corner checks complete; third-grid and negative/transonic coverage still require assessment"}
{"state": "FIRST_STAGE_COMPLETE", "note": "Four corner checks complete; third-grid and negative/transonic coverage still require assessment"}
{"state": "FIRST_STAGE_COMPLETE", "note": "Four corner checks complete; third-grid and negative/transonic coverage still require assessment"}
{"state": "FIRST_STAGE_COMPLETE", "note": "Four corner checks complete; third-grid and negative/transonic coverage still require assessment"}
{"state": "FIRST_STAGE_COMPLETE", "note": "Four corner checks complete; third-grid and negative/transonic coverage still require assessment"}
{"state": "FIRST_STAGE_COMPLETE", "note": "Four corner checks complete; third-grid and negative/transonic coverage still require assessment"}
{"state": "FIRST_STAGE_COMPLETE", "note": "Four corner checks complete; third-grid and negative/transonic coverage still require assessment"}
{"state": "FIRST_STAGE_COMPLETE", "note": "Four corner checks complete; third-grid and negative/transonic coverage still require assessment"}
{"state": "FIRST_STAGE_COMPLETE", "note": "Four corner checks complete; third-grid and negative/transonic coverage still require assessment"}
{"state": "FIRST_STAGE_COMPLETE", "note": "Four corner checks complete; third-grid and negative/transonic coverage still require assessment"}
{"state": "FIRST_STAGE_COMPLETE", "note": "Four corner checks complete; third-grid and negative/transonic coverage still require assessment"}
{"state": "FIRST_STAGE_COMPLETE", "note": "Four corner checks complete; third-grid and negative/transonic coverage still require assessment"}
{"state": "FIRST_STAGE_COMPLETE", "note": "Four corner checks complete; third-grid and negative/transonic coverage still require assessment"}
{"state": "FIRST_STAGE_COMPLETE", "note": "Four corner checks complete; third-grid and negative/transonic coverage still require assessment"}
{"state": "FIRST_STAGE_COMPLETE", "note": "Four corner checks complete; third-grid and negative/transonic coverage still require assessment"}
{"state": "FIRST_STAGE_COMPLETE", "note": "Four corner checks complete; third-grid and negative/transonic coverage still require assessment"}
{"state": "FIRST_STAGE_COMPLETE", "note": "Four corner checks complete; third-grid and negative/transonic coverage still require assessment"}
{"state": "FIRST_STAGE_COMPLETE", "note": "Four corner checks complete; third-grid and negative/transonic coverage still require assessment"}
{"state": "FIRST_STAGE_COMPLETE", "note": "Four corner checks complete; third-grid and negative/transonic coverage still require assessment"}
{"state": "FIRST_STAGE_COMPLETE", "note": "Four corner checks complete; third-grid and negative/transonic coverage still require assessment"}
{"state": "FIRST_STAGE_COMPLETE", "note": "Four corner checks complete; third-grid and negative/transonic coverage still require assessment"}
