[d10] mesh_simscale exists — reusing (1247644 cells)
[probe bounded] case /Users/trasomi/dev/cfd/runs_v4/d10/probe_bounded
    fvSchemes: default steadyState;
    fvSchemes: default Gauss linear;
    fvSchemes: default none;
    fvSchemes: div(phi,U) bounded Gauss linearUpwindV grad(U);
    fvSchemes: div(phi,e) Gauss linearUpwind limited;
    fvSchemes: div(phi,K) bounded Gauss linear;
    fvSchemes: div(phi,Ekp) bounded Gauss upwind;
    fvSchemes: laplacianSchemes
    fvSchemes: default Gauss linear limited corrected 0.5;
    fvSchemes: default linear;
    fvSchemes: snGradSchemes
    fvSchemes: default limited corrected 0.5;
    fvSolution: 
    fvSolution: p
    fvSolution: nNonOrthogonalCorrectors 1;
    fvSolution: pMin 50000;
    fvSolution: pMax 200000;
    fvSolution: p 0.15;
    fvSolution: rho 0.1;
    fvSolution: U 0.5;
    fvSolution: e 0.1;
    fvSolution: h 0.5;
    fvSolution: k 0.3;
    fvSolution: omega 0.5;
    thermophysicalProperties: energy sensibleEnthalpy;
    flowSettings: rampTable ((0 (0 0 -50)) (300 (0 0 -305)) (1000000 (0 0 -305)));
    flowSettings: kInf 13.98;
    flowSettings: omegaInf 93500;
[probe bounded] rhoSimpleFoam to 200 ...
[probe bounded] iterations 200  clamps total 65 (after it.70: 53)  zero-pressure-force rows 26
[probe bounded] clamp iterations: [12, 22, 23, 24, 28, 29, 30, 33, 34, 35, 46, 47, 124, 125, 126, 134, 135, 136, 137, 139, 140, 141, 142, 143, 144, 147, 148, 149, 150, 153, 154, 155, 156, 157, 160, 161, 162, 165, 166, 167]
[probe bounded] iter: Fz_tot/Fz_pres/Mroll  25:-16/-13/0.021  50:-18/-16/0.019  75:-25/-22/0.027  100:-36/-33/0.047  125:-53/-48/0.084  150:-11/-5/0.035  175:-53/-45/0.133  200:-10/-0/0.000
[probe bounded] VERDICT FAIL
