SimScale-matched run [ramp]: d10 M0.8 V=271.3 m/s p=97690 T=286.2 rho=1.1892 CofR z=0.399 endTime=2000 avg from 1500 case=M0.80_sealedcad_fine_opensides
[mesh] levels {'body': 5, 'fins': 6, 'tab': 6, 'slot': 6} -> mesh 'mesh_sealedcad_fine'
[d10] mesh_sealedcad_fine exists — reusing (1497279 cells)
[solve] pressure bounds 20000 .. 300000 Pa; relaxation overrides: p=0.3,rho=0.05,U=0.7,h=0.7,k=0.7,omega=0.7
[solve] hinge fitted from 15.0 deg at ['-0.0854', '-0.0000', '0.0525']
[solve] sides -> pressure outlet (open far field)
[solve] ramped start -50 -> -271.3 m/s over 300 iterations, no potentialFoam
[solve] rhoSimpleFoam to 2000 ...
[solve] stop=endTime rc=0 iters=2000
{
 "stop_reason": "endTime",
 "n_avg_samples": 501,
 "moments_Nm": {
  "Mroll": 0.6796773082874251,
  "Mpitch": 0.026230708920093816,
  "Myaw": 4.896810070858284
 },
 "forces_N": {
  "Fx": -0.11544630243964271,
  "Fy": 14.365820777844313,
  "Fz": -119.29535274451096
 },
 "convergence": {
  "mean": 0.6796773082874251,
  "std": 0.023655711555954823,
  "slope_per_iter": -2.308502793997669e-06,
  "drift": 0.0011542513969988346,
  "drift_pct": 0.16982344164279786,
  "std_rel_pct": 3.4804327388183434,
  "flags": []
 },
 "postprocess_error": null
}
