SimScale-matched run [ramp]: d3 M0.7 V=237.4 m/s p=97690 T=286.2 rho=1.1892 CofR z=0.399 endTime=2000 avg from 1500 case=M0.70_sealedcad_fine_opensides
[mesh] levels {'body': 5, 'fins': 6, 'tab': 6, 'slot': 6} -> mesh 'mesh_sealedcad_fine'
[d03] mesh_sealedcad_fine exists — reusing (1497219 cells)
[solve] pressure bounds 20000 .. 300000 Pa; relaxation overrides: p=0.3,rho=0.05,U=0.7,h=0.7,k=0.7,omega=0.7
[solve] hinge fitted from 15.0 deg at ['-0.0854', '-0.0000', '0.0525']
[solve] sides -> pressure outlet (open far field)
[solve] ramped start -50 -> -237.4 m/s over 300 iterations, no potentialFoam
[solve] rhoSimpleFoam to 2000 ...
[solve] stop=endTime rc=0 iters=2000
{
 "stop_reason": "endTime",
 "n_avg_samples": 501,
 "moments_Nm": {
  "Mroll": 0.1486844601057884,
  "Mpitch": 0.06405790155681836,
  "Myaw": 0.9086726575449102
 },
 "forces_N": {
  "Fx": -0.11556789581305589,
  "Fy": 2.7606289511776447,
  "Fz": -84.83911777524949
 },
 "convergence": {
  "mean": 0.1486844601057884,
  "std": 0.01345444498975695,
  "slope_per_iter": 2.833839446143595e-06,
  "drift": 0.0014169197230717975,
  "drift_pct": 0.9529709574649998,
  "std_rel_pct": 9.048992060222142,
  "flags": [
   "mroll_noisy(std=9.0%)"
  ]
 },
 "postprocess_error": null
}
