SimScale-matched run [ramp]: d6 M0.6 V=203.5 m/s p=97690 T=286.2 rho=1.1892 CofR z=0.399 endTime=2000 avg from 1500 case=M0.60_sealedcad_fine_opensides
[mesh] levels {'body': 5, 'fins': 6, 'tab': 6, 'slot': 6} -> mesh 'mesh_sealedcad_fine'
[d06] mesh_sealedcad_fine exists — reusing (1496669 cells)
[solve] pressure bounds 20000 .. 300000 Pa; relaxation overrides: p=0.3,rho=0.05,U=0.7,h=0.7,k=0.7,omega=0.7
[solve] hinge fitted from 15.0 deg at ['-0.0854', '-0.0000', '0.0525']
[solve] sides -> pressure outlet (open far field)
[solve] ramped start -50 -> -203.5 m/s over 300 iterations, no potentialFoam
[solve] rhoSimpleFoam to 2000 ...
[solve] stop=endTime rc=0 iters=2000
{
 "stop_reason": "endTime",
 "n_avg_samples": 501,
 "moments_Nm": {
  "Mroll": 0.20546673396606785,
  "Mpitch": -0.12474583020750699,
  "Myaw": 1.3702816426147708
 },
 "forces_N": {
  "Fx": 0.3476685163165669,
  "Fy": 4.117064531397205,
  "Fz": -59.80572157025948
 },
 "convergence": {
  "mean": 0.20546673396606785,
  "std": 0.012142124138977866,
  "slope_per_iter": -4.1915192537632677e-07,
  "drift": 0.00020957596268816338,
  "drift_pct": 0.10199994843095823,
  "std_rel_pct": 5.9095328497230595,
  "flags": [
   "mroll_noisy(std=5.9%)"
  ]
 },
 "postprocess_error": null
}
