SimScale-matched run [ramp]: d-6 M0.8 V=271.3 m/s p=97690 T=286.2 rho=1.1892 CofR z=0.399 endTime=2000 avg from 1500 case=M0.80_sealedcad_fine_opensides
[mesh] levels {'body': 5, 'fins': 6, 'tab': 6, 'slot': 6} -> mesh 'mesh_sealedcad_fine'
[dm06] mesh_sealedcad_fine exists — reusing (1498353 cells)
[solve] pressure bounds 20000 .. 300000 Pa; relaxation overrides: p=0.3,rho=0.05,U=0.7,h=0.7,k=0.7,omega=0.7
[solve] hinge fitted from 15.0 deg at ['-0.0854', '-0.0000', '0.0525']
[solve] sides -> pressure outlet (open far field)
[solve] ramped start -50 -> -271.3 m/s over 300 iterations, no potentialFoam
[solve] rhoSimpleFoam to 2000 ...
[solve] stop=endTime rc=0 iters=2000
{
 "stop_reason": "endTime",
 "n_avg_samples": 501,
 "moments_Nm": {
  "Mroll": -0.423210758251497,
  "Mpitch": 0.06354093693790618,
  "Myaw": -2.9793058353692614
 },
 "forces_N": {
  "Fx": -0.09712997844782435,
  "Fy": -8.746696420499001,
  "Fz": -119.11275036926148
 },
 "convergence": {
  "mean": -0.423210758251497,
  "std": 0.011887198028371218,
  "slope_per_iter": -4.5059011761356994e-08,
  "drift": 2.2529505880678497e-05,
  "drift_pct": 0.005323471920647661,
  "std_rel_pct": 2.8088128188147663,
  "flags": []
 },
 "postprocess_error": null
}
