SimScale-matched run [ramp]: d-6 M0.9 V=305.0 m/s p=97690 T=286.2 rho=1.1892 CofR z=0.399 endTime=2000 avg from 1500 case=M0.90_filled_fine_opensides
[mesh] levels {'body': 5, 'fins': 6, 'tab': 6, 'slot': 6} -> mesh 'mesh_filled_fine'
[dm06] mesh_filled_fine exists — reusing (1499481 cells)
[solve] pressure bounds 20000 .. 300000 Pa; relaxation overrides: p=0.3,rho=0.05,U=0.7,h=0.7,k=0.7,omega=0.7
[solve] hinge fitted from -6.0 deg at ['-0.0854', '-0.0000', '0.0525']
[solve] sides -> pressure outlet (open far field)
[solve] ramped start -50 -> -305 m/s over 300 iterations, no potentialFoam
[solve] rhoSimpleFoam to 2000 ...
[solve] stop=endTime rc=0 iters=2000
{
 "stop_reason": "endTime",
 "n_avg_samples": 501,
 "moments_Nm": {
  "Mroll": -0.47789953372255495,
  "Mpitch": -0.22996844133173652,
  "Myaw": -3.2105015203393217
 },
 "forces_N": {
  "Fx": 0.7151323878954093,
  "Fy": -9.230234594311376,
  "Fz": -189.7544575329341
 },
 "convergence": {
  "mean": -0.47789953372255495,
  "std": 0.027599915521433146,
  "slope_per_iter": -6.904954929866166e-05,
  "drift": 0.03452477464933083,
  "drift_pct": 7.224274604413869,
  "std_rel_pct": 5.775254749977702,
  "flags": [
   "mroll_drift(7.2%)",
   "mroll_noisy(std=5.8%)"
  ]
 },
 "postprocess_error": null
}
