SimScale-matched run [ramp]: d-6 M0.6 V=203.5 m/s p=97690 T=286.2 rho=1.1892 CofR z=0.399 endTime=2000 avg from 1500 case=M0.60_filled_fine_opensides
[mesh] levels {'body': 5, 'fins': 6, 'tab': 6, 'slot': 6} -> mesh 'mesh_filled_fine'
[dm06] mesh_filled_fine exists — reusing (1499481 cells)
[solve] pressure bounds 20000 .. 300000 Pa; relaxation overrides: p=0.3,rho=0.05,U=0.7,h=0.7,k=0.7,omega=0.7
[solve] hinge fitted from -6.0 deg at ['-0.0854', '-0.0000', '0.0525']
[solve] sides -> pressure outlet (open far field)
[solve] ramped start -50 -> -203.5 m/s over 300 iterations, no potentialFoam
[solve] rhoSimpleFoam to 2000 ...
[solve] stop=endTime rc=0 iters=2000
{
 "stop_reason": "endTime",
 "n_avg_samples": 501,
 "moments_Nm": {
  "Mroll": -0.1576355614530938,
  "Mpitch": -0.07250069669114372,
  "Myaw": -1.2103946604391218
 },
 "forces_N": {
  "Fx": 0.20819045198722552,
  "Fy": -3.5792233449101793,
  "Fz": -60.059032464870256
 },
 "convergence": {
  "mean": -0.1576355614530938,
  "std": 0.00789041489299506,
  "slope_per_iter": 1.6257189054560323e-07,
  "drift": 8.128594527280162e-05,
  "drift_pct": 0.051565740955595955,
  "std_rel_pct": 5.005478979654562,
  "flags": [
   "mroll_noisy(std=5.0%)"
  ]
 },
 "postprocess_error": null
}
