SimScale-matched run [ramp]: d15 M0.6 V=203.5 m/s p=97690 T=286.2 rho=1.1892 CofR z=0.399 endTime=2000 avg from 1500 case=M0.60_sealedcad_fine_opensides
[mesh] levels {'body': 5, 'fins': 6, 'tab': 6, 'slot': 6} -> mesh 'mesh_sealedcad_fine'
[d15] mesh_sealedcad_fine exists — reusing (1500649 cells)
[solve] pressure bounds 20000 .. 300000 Pa; relaxation overrides: p=0.3,rho=0.05,U=0.7,h=0.7,k=0.7,omega=0.7
[solve] hinge fitted from 15.0 deg at ['-0.0854', '-0.0000', '0.0525']
[solve] sides -> pressure outlet (open far field)
[solve] ramped start -50 -> -203.5 m/s over 300 iterations, no potentialFoam
[solve] rhoSimpleFoam to 2000 ...
[solve] stop=endTime rc=0 iters=2000
{
 "stop_reason": "endTime",
 "n_avg_samples": 501,
 "moments_Nm": {
  "Mroll": 0.5092336608183633,
  "Mpitch": 0.07295127159431339,
  "Myaw": 3.5838502812175648
 },
 "forces_N": {
  "Fx": -0.3160815386603693,
  "Fy": 10.677682342854292,
  "Fz": -60.9283961243513
 },
 "convergence": {
  "mean": 0.5092336608183633,
  "std": 0.004925520463343466,
  "slope_per_iter": 4.6053930099966783e-07,
  "drift": 0.00023026965049983392,
  "drift_pct": 0.04521885888882117,
  "std_rel_pct": 0.967241728566787,
  "flags": []
 },
 "postprocess_error": null
}
