SimScale-matched run [ramp]: d9 M0.6 V=203.5 m/s p=97690 T=286.2 rho=1.1892 CofR z=0.399 endTime=2000 avg from 1500 case=M0.60_filled_fine_opensides
[mesh] levels {'body': 5, 'fins': 6, 'tab': 6, 'slot': 6} -> mesh 'mesh_filled_fine'
[d09] mesh_filled_fine exists — reusing (1496774 cells)
[solve] pressure bounds 20000 .. 300000 Pa; relaxation overrides: p=0.3,rho=0.05,U=0.7,h=0.7,k=0.7,omega=0.7
[solve] hinge fitted from -6.0 deg at ['-0.0854', '-0.0000', '0.0525']
[solve] sides -> pressure outlet (open far field)
[solve] ramped start -50 -> -203.5 m/s over 300 iterations, no potentialFoam
[solve] rhoSimpleFoam to 2000 ...
[solve] stop=endTime rc=0 iters=2000
{
 "stop_reason": "endTime",
 "n_avg_samples": 501,
 "moments_Nm": {
  "Mroll": 0.2448978660718563,
  "Mpitch": -0.11937674542472855,
  "Myaw": 1.6728649110578842
 },
 "forces_N": {
  "Fx": 0.2981169001977625,
  "Fy": 5.0277172099002,
  "Fz": -60.05156750578843
 },
 "convergence": {
  "mean": 0.2448978660718563,
  "std": 0.013355249724166976,
  "slope_per_iter": -1.0289834060642904e-06,
  "drift": 0.0005144917030321451,
  "drift_pct": 0.21008419194685282,
  "std_rel_pct": 5.453395710785151,
  "flags": [
   "mroll_noisy(std=5.5%)"
  ]
 },
 "postprocess_error": null
}
