SimScale-matched run [ramp]: d10 M0.85 V=288.2 m/s p=97690 T=286.2 rho=1.1892 CofR z=0.399 endTime=2000 avg from 1500 case=M0.85_sealedcad_fine_opensides
[mesh] levels {'body': 5, 'fins': 6, 'tab': 6, 'slot': 6} -> mesh 'mesh_sealedcad_fine'
[d10] mesh_sealedcad_fine exists — reusing (1497279 cells)
[solve] pressure bounds 20000 .. 300000 Pa; relaxation overrides: p=0.3,rho=0.05,U=0.7,h=0.7,k=0.7,omega=0.7
[solve] hinge fitted from 15.0 deg at ['-0.0854', '-0.0000', '0.0525']
[solve] sides -> pressure outlet (open far field)
[solve] ramped start -50 -> -288.2 m/s over 300 iterations, no potentialFoam
[solve] rhoSimpleFoam to 2000 ...
[solve] stop=endTime rc=0 iters=2000
{
 "stop_reason": "endTime",
 "n_avg_samples": 501,
 "moments_Nm": {
  "Mroll": 0.8187391983253494,
  "Mpitch": -0.11060149503869661,
  "Myaw": 5.758180471217565
 },
 "forces_N": {
  "Fx": 0.25021911062354096,
  "Fy": 16.745215909381237,
  "Fz": -147.25017246107782
 },
 "convergence": {
  "mean": 0.8187391983253494,
  "std": 0.01031600540127945,
  "slope_per_iter": -1.3686885115823782e-06,
  "drift": 0.0006843442557911892,
  "drift_pct": 0.08358513397073795,
  "std_rel_pct": 1.2599867482074665,
  "flags": []
 },
 "postprocess_error": null
}
