SimScale-matched run [ramp]: d3 M0.7 V=237.4 m/s p=97690 T=286.2 rho=1.1892 CofR z=0.399 endTime=2000 avg from 1500 case=M0.70_filled_fine_opensides
[mesh] levels {'body': 5, 'fins': 6, 'tab': 6, 'slot': 6} -> mesh 'mesh_filled_fine'
[d03] mesh_filled_fine exists — reusing (1499982 cells)
[solve] pressure bounds 20000 .. 300000 Pa; relaxation overrides: p=0.3,rho=0.05,U=0.7,h=0.7,k=0.7,omega=0.7
[solve] hinge fitted from -6.0 deg at ['-0.0854', '-0.0000', '0.0525']
[solve] sides -> pressure outlet (open far field)
[solve] ramped start -50 -> -237.4 m/s over 300 iterations, no potentialFoam
[solve] rhoSimpleFoam to 2000 ...
[solve] stop=endTime rc=0 iters=2000
{
 "stop_reason": "endTime",
 "n_avg_samples": 501,
 "moments_Nm": {
  "Mroll": 0.1239141510219561,
  "Mpitch": -0.020749885435181876,
  "Myaw": 0.9049324641277445
 },
 "forces_N": {
  "Fx": 0.10364595237637085,
  "Fy": 2.6830772033932133,
  "Fz": -84.30616060339321
 },
 "convergence": {
  "mean": 0.1239141510219561,
  "std": 0.009502999341495346,
  "slope_per_iter": -1.9252218698857096e-06,
  "drift": 0.0009626109349428548,
  "drift_pct": 0.7768369689853193,
  "std_rel_pct": 7.669018641633213,
  "flags": [
   "mroll_noisy(std=7.7%)"
  ]
 },
 "postprocess_error": null
}
