SimScale-matched run [ramp]: d12 M0.3 V=101.7 m/s p=97690 T=286.2 rho=1.1892 CofR z=0.399 endTime=2000 avg from 1500 case=M0.30_sealedcad_fine_opensides
[mesh] levels {'body': 5, 'fins': 6, 'tab': 6, 'slot': 6} -> mesh 'mesh_sealedcad_fine'
[d12] mesh_sealedcad_fine exists — reusing (1500043 cells)
[solve] pressure bounds 20000 .. 300000 Pa; relaxation overrides: p=0.3,rho=0.05,U=0.7,h=0.7,k=0.7,omega=0.7
[solve] hinge fitted from 15.0 deg at ['-0.0854', '-0.0000', '0.0525']
[solve] sides -> pressure outlet (open far field)
[solve] ramped start -50 -> -101.7 m/s over 300 iterations, no potentialFoam
[solve] rhoSimpleFoam to 2000 ...
[solve] stop=endTime rc=0 iters=2000
{
 "stop_reason": "endTime",
 "n_avg_samples": 501,
 "moments_Nm": {
  "Mroll": 0.09238875572155689,
  "Mpitch": -0.021963837737954895,
  "Myaw": 0.6518008563712575
 },
 "forces_N": {
  "Fx": 0.04198037349326547,
  "Fy": 1.9491553705389222,
  "Fz": -14.720368927944111
 },
 "convergence": {
  "mean": 0.09238875572155689,
  "std": 0.0008758741934079548,
  "slope_per_iter": -3.42923008803064e-08,
  "drift": 1.7146150440153202e-05,
  "drift_pct": 0.01855869830288506,
  "std_rel_pct": 0.9480311608997986,
  "flags": []
 },
 "postprocess_error": null
}
