SimScale-matched run [ramp]: d6 M0.9 V=305.0 m/s p=97690 T=286.2 rho=1.1892 CofR z=0.399 endTime=2000 avg from 1500 case=M0.90_sealedcad_fine_opensides
[mesh] levels {'body': 5, 'fins': 6, 'tab': 6, 'slot': 6} -> mesh 'mesh_sealedcad_fine'
[d06] mesh_sealedcad_fine exists — reusing (1496669 cells)
[solve] pressure bounds 20000 .. 300000 Pa; relaxation overrides: p=0.3,rho=0.05,U=0.7,h=0.7,k=0.7,omega=0.7
[solve] hinge fitted from 15.0 deg at ['-0.0854', '-0.0000', '0.0525']
[solve] sides -> pressure outlet (open far field)
[solve] ramped start -50 -> -305 m/s over 300 iterations, no potentialFoam
[solve] rhoSimpleFoam to 2000 ...
[solve] stop=endTime rc=0 iters=2000
{
 "stop_reason": "endTime",
 "n_avg_samples": 501,
 "moments_Nm": {
  "Mroll": 0.5947017005469061,
  "Mpitch": -0.21200761163033932,
  "Myaw": 3.948609137305389
 },
 "forces_N": {
  "Fx": 0.7075731988802395,
  "Fy": 11.347316221157685,
  "Fz": -189.58354748103793
 },
 "convergence": {
  "mean": 0.5947017005469061,
  "std": 0.02356318257419873,
  "slope_per_iter": 7.357365788105186e-06,
  "drift": 0.003678682894052593,
  "drift_pct": 0.6185761518202424,
  "std_rel_pct": 3.962185168216149,
  "flags": []
 },
 "postprocess_error": null
}
