SimScale-matched run [ramp]: d15 M0.3 V=101.7 m/s p=97690 T=286.2 rho=1.1892 CofR z=0.399 endTime=2000 avg from 1500 case=M0.30_filled_fine_opensides
[mesh] levels {'body': 5, 'fins': 6, 'tab': 6, 'slot': 6} -> mesh 'mesh_filled_fine'
[d15] surfaceFeatureExtract + blockMesh (mesh_filled_fine, levels 5/6/6/6)
[d15] snappyHexMesh -parallel (np=10) ...
[d15] mesh_filled_fine OK cells=1493629 coverage={'rocket_body': 98.8, 'rocket_fins': 94.5, 'rocket_tab': 58.0} gap~None across []
  WARNING [d15]: rocket_tab layer coverage 58.0% < 90.0%
[solve] pressure bounds 20000 .. 300000 Pa; relaxation overrides: p=0.3,rho=0.05,U=0.7,h=0.7,k=0.7,omega=0.7
[solve] hinge fitted from -6.0 deg at ['-0.0854', '-0.0000', '0.0525']
[solve] sides -> pressure outlet (open far field)
[solve] ramped start -50 -> -101.7 m/s over 300 iterations, no potentialFoam
[solve] rhoSimpleFoam to 2000 ...
[solve] stop=endTime rc=0 iters=2000
{
 "stop_reason": "endTime",
 "n_avg_samples": 501,
 "moments_Nm": {
  "Mroll": 0.1019244615231537,
  "Mpitch": -0.03938771567105789,
  "Myaw": 0.6988602023752496
 },
 "forces_N": {
  "Fx": 0.08252886038223552,
  "Fy": 2.0967486722355293,
  "Fz": -14.772007373453093
 },
 "convergence": {
  "mean": 0.1019244615231537,
  "std": 0.0017928370992366443,
  "slope_per_iter": -1.6561418252259557e-07,
  "drift": 8.280709126129779e-05,
  "drift_pct": 0.08124358963867265,
  "std_rel_pct": 1.7589860887608162,
  "flags": []
 },
 "postprocess_error": null
}
