SimScale-matched run [ramp]: d-6 M0.7 V=237.4 m/s p=97690 T=286.2 rho=1.1892 CofR z=0.399 endTime=2000 avg from 1500 case=M0.70_filled_fine_opensides
[mesh] levels {'body': 5, 'fins': 6, 'tab': 6, 'slot': 6} -> mesh 'mesh_filled_fine'
[dm06] mesh_filled_fine exists — reusing (1499481 cells)
[solve] pressure bounds 20000 .. 300000 Pa; relaxation overrides: p=0.3,rho=0.05,U=0.7,h=0.7,k=0.7,omega=0.7
[solve] hinge fitted from -6.0 deg at ['-0.0854', '-0.0000', '0.0525']
[solve] sides -> pressure outlet (open far field)
[solve] ramped start -50 -> -237.4 m/s over 300 iterations, no potentialFoam
[solve] rhoSimpleFoam to 2000 ...
[solve] stop=endTime rc=0 iters=2000
{
 "stop_reason": "endTime",
 "n_avg_samples": 501,
 "moments_Nm": {
  "Mroll": -0.22663732335728545,
  "Mpitch": -0.034915665254898205,
  "Myaw": -1.7239086841516968
 },
 "forces_N": {
  "Fx": 0.11786202577540919,
  "Fy": -5.083996404011976,
  "Fz": -84.80553158303393
 },
 "convergence": {
  "mean": -0.22663732335728545,
  "std": 0.011550099332641032,
  "slope_per_iter": 9.559832971825224e-07,
  "drift": 0.0004779916485912612,
  "drift_pct": 0.21090597149249105,
  "std_rel_pct": 5.096291802931648,
  "flags": [
   "mroll_noisy(std=5.1%)"
  ]
 },
 "postprocess_error": null
}
