SimScale-matched run [ramp]: d15 M0.85 V=288.2 m/s p=97690 T=286.2 rho=1.1892 CofR z=0.399 endTime=2000 avg from 1500 case=M0.85_filled_fine_opensides
[mesh] levels {'body': 5, 'fins': 6, 'tab': 6, 'slot': 6} -> mesh 'mesh_filled_fine'
[d15] mesh_filled_fine exists — reusing (1493629 cells)
[solve] pressure bounds 20000 .. 300000 Pa; relaxation overrides: p=0.3,rho=0.05,U=0.7,h=0.7,k=0.7,omega=0.7
[solve] hinge fitted from -6.0 deg at ['-0.0854', '-0.0000', '0.0525']
[solve] sides -> pressure outlet (open far field)
[solve] ramped start -50 -> -288.2 m/s over 300 iterations, no potentialFoam
[solve] rhoSimpleFoam to 2000 ...
[solve] stop=endTime rc=0 iters=2000
{
 "stop_reason": "endTime",
 "n_avg_samples": 501,
 "moments_Nm": {
  "Mroll": 1.051829464530938,
  "Mpitch": -0.08666437543373254,
  "Myaw": 7.302103283632735
 },
 "forces_N": {
  "Fx": 0.032987548734411176,
  "Fy": 21.273023216167665,
  "Fz": -149.43386373852294
 },
 "convergence": {
  "mean": 1.051829464530938,
  "std": 0.016743958518933576,
  "slope_per_iter": 1.5746436977839825e-06,
  "drift": 0.0007873218488919912,
  "drift_pct": 0.07485261398748667,
  "std_rel_pct": 1.5918890926297187,
  "flags": []
 },
 "postprocess_error": null
}
