SimScale-matched run [ramp]: d15 M0.7 V=237.4 m/s p=97690 T=286.2 rho=1.1892 CofR z=0.399 endTime=2000 avg from 1500 case=M0.70_filled_fine_opensides
[mesh] levels {'body': 5, 'fins': 6, 'tab': 6, 'slot': 6} -> mesh 'mesh_filled_fine'
[d15] mesh_filled_fine exists — reusing (1493629 cells)
[solve] pressure bounds 20000 .. 300000 Pa; relaxation overrides: p=0.3,rho=0.05,U=0.7,h=0.7,k=0.7,omega=0.7
[solve] hinge fitted from -6.0 deg at ['-0.0854', '-0.0000', '0.0525']
[solve] sides -> pressure outlet (open far field)
[solve] ramped start -50 -> -237.4 m/s over 300 iterations, no potentialFoam
[solve] rhoSimpleFoam to 2000 ...
[solve] stop=endTime rc=0 iters=2000
{
 "stop_reason": "endTime",
 "n_avg_samples": 501,
 "moments_Nm": {
  "Mroll": 0.6103478915429141,
  "Mpitch": -0.10782774374131734,
  "Myaw": 4.310053275808383
 },
 "forces_N": {
  "Fx": 0.1391364828151697,
  "Fy": 12.800140774451098,
  "Fz": -85.57809417964073
 },
 "convergence": {
  "mean": 0.6103478915429141,
  "std": 0.010934499778768342,
  "slope_per_iter": 1.3623408564559625e-07,
  "drift": 6.811704282279812e-05,
  "drift_pct": 0.01116036342004939,
  "std_rel_pct": 1.791519218838741,
  "flags": []
 },
 "postprocess_error": null
}
