SimScale-matched run [ramp]: d10 M0.7 V=237.4 m/s p=97690 T=286.2 rho=1.1892 CofR z=0.399 endTime=2000 avg from 1500 case=M0.70_filled_fine_opensides
[mesh] levels {'body': 5, 'fins': 6, 'tab': 6, 'slot': 6} -> mesh 'mesh_filled_fine'
[d10] mesh_filled_fine exists — reusing (1500457 cells)
[solve] pressure bounds 1000 .. 1e+06 Pa; relaxation overrides: p=0.3,rho=0.05,U=0.7,h=0.7,k=0.7,omega=0.7
[solve] hinge fitted from 10.0 deg at ['-0.0854', '-0.0000', '0.0525']
[solve] sides -> pressure outlet (open far field)
[solve] ramped start -50 -> -237.4 m/s over 300 iterations, no potentialFoam
[solve] rhoSimpleFoam to 2000 ...
[solve] stop=endTime rc=0 iters=2000
{
 "stop_reason": "endTime",
 "n_avg_samples": 501,
 "moments_Nm": {
  "Mroll": 0.3730078346427146,
  "Mpitch": -0.19095944870938125,
  "Myaw": 2.570442582115769
 },
 "forces_N": {
  "Fx": 0.4444122732026726,
  "Fy": 7.696841648123752,
  "Fz": -85.4261729229541
 },
 "convergence": {
  "mean": 0.3730078346427146,
  "std": 0.0077631608519576935,
  "slope_per_iter": -1.661730893909269e-06,
  "drift": 0.0008308654469546345,
  "drift_pct": 0.22274745187335776,
  "std_rel_pct": 2.081232652765493,
  "flags": []
 },
 "postprocess_error": null
}
