SimScale-matched run [ramp]: d3 M0.6 V=203.5 m/s p=97690 T=286.2 rho=1.1892 CofR z=0.399 endTime=2000 avg from 1500 case=M0.60_filled_fine_opensides
[mesh] levels {'body': 5, 'fins': 6, 'tab': 6, 'slot': 6} -> mesh 'mesh_filled_fine'
[d03] mesh_filled_fine exists — reusing (1499982 cells)
[solve] pressure bounds 20000 .. 300000 Pa; relaxation overrides: p=0.3,rho=0.05,U=0.7,h=0.7,k=0.7,omega=0.7
[solve] hinge fitted from -6.0 deg at ['-0.0854', '-0.0000', '0.0525']
[solve] sides -> pressure outlet (open far field)
[solve] ramped start -50 -> -203.5 m/s over 300 iterations, no potentialFoam
[solve] rhoSimpleFoam to 2000 ...
[solve] stop=endTime rc=0 iters=2000
{
 "stop_reason": "endTime",
 "n_avg_samples": 501,
 "moments_Nm": {
  "Mroll": 0.08605156355129741,
  "Mpitch": -0.06469411530163872,
  "Myaw": 0.6793658993832336
 },
 "forces_N": {
  "Fx": 0.20551585434772454,
  "Fy": 1.9986595493413175,
  "Fz": -59.768791378443105
 },
 "convergence": {
  "mean": 0.08605156355129741,
  "std": 0.01564026645879281,
  "slope_per_iter": 1.0132499299568286e-06,
  "drift": 0.0005066249649784143,
  "drift_pct": 0.5887457985309041,
  "std_rel_pct": 18.17545877532983,
  "flags": [
   "mroll_noisy(std=18.2%)"
  ]
 },
 "postprocess_error": null
}
