SimScale-matched run [ramp]: d12 M0.5 V=169.6 m/s p=97690 T=286.2 rho=1.1892 CofR z=0.399 endTime=2000 avg from 1500 case=M0.50_filled_fine_opensides
[mesh] levels {'body': 5, 'fins': 6, 'tab': 6, 'slot': 6} -> mesh 'mesh_filled_fine'
[d12] mesh_filled_fine exists — reusing (1498089 cells)
[solve] pressure bounds 20000 .. 300000 Pa; relaxation overrides: p=0.3,rho=0.05,U=0.7,h=0.7,k=0.7,omega=0.7
[solve] hinge fitted from -6.0 deg at ['-0.0854', '-0.0000', '0.0525']
[solve] sides -> pressure outlet (open far field)
[solve] ramped start -50 -> -169.6 m/s over 300 iterations, no potentialFoam
[solve] rhoSimpleFoam to 2000 ...
[solve] stop=endTime rc=0 iters=2000
{
 "stop_reason": "endTime",
 "n_avg_samples": 501,
 "moments_Nm": {
  "Mroll": 0.22857509954091815,
  "Mpitch": -0.1044228191217565,
  "Myaw": 1.6079224266866268
 },
 "forces_N": {
  "Fx": 0.23523288764152775,
  "Fy": 4.804161801017964,
  "Fz": -41.14575012075848
 },
 "convergence": {
  "mean": 0.22857509954091815,
  "std": 0.004586117215723877,
  "slope_per_iter": -9.509923055562111e-07,
  "drift": 0.00047549615277810554,
  "drift_pct": 0.20802622583698582,
  "std_rel_pct": 2.006394058204445,
  "flags": []
 },
 "postprocess_error": null
}
