SimScale-matched run [ramp]: d6 M0.85 V=288.2 m/s p=97690 T=286.2 rho=1.1892 CofR z=0.399 endTime=2000 avg from 1500 case=M0.85_sealedcad_fine_opensides
[mesh] levels {'body': 5, 'fins': 6, 'tab': 6, 'slot': 6} -> mesh 'mesh_sealedcad_fine'
[d06] mesh_sealedcad_fine exists — reusing (1496669 cells)
[solve] pressure bounds 20000 .. 300000 Pa; relaxation overrides: p=0.3,rho=0.05,U=0.7,h=0.7,k=0.7,omega=0.7
[solve] hinge fitted from 15.0 deg at ['-0.0854', '-0.0000', '0.0525']
[solve] sides -> pressure outlet (open far field)
[solve] ramped start -50 -> -288.2 m/s over 300 iterations, no potentialFoam
[solve] rhoSimpleFoam to 2000 ...
[solve] stop=endTime rc=0 iters=2000
{
 "stop_reason": "endTime",
 "n_avg_samples": 501,
 "moments_Nm": {
  "Mroll": 0.49877575091816373,
  "Mpitch": -0.035892162627137326,
  "Myaw": 3.4419912640119765
 },
 "forces_N": {
  "Fx": 0.22629880473902195,
  "Fy": 10.03910572790419,
  "Fz": -147.6504098982036
 },
 "convergence": {
  "mean": 0.49877575091816373,
  "std": 0.007510188009727807,
  "slope_per_iter": 2.278487135720631e-06,
  "drift": 0.0011392435678603155,
  "drift_pct": 0.22840797006734118,
  "std_rel_pct": 1.5057243652889685,
  "flags": []
 },
 "postprocess_error": null
}
