SimScale-matched run [ramp]: d15 M0.3 V=101.7 m/s p=97690 T=286.2 rho=1.1892 CofR z=0.399 endTime=2000 avg from 1500 case=M0.30_sealedcad_fine_opensides
[mesh] levels {'body': 5, 'fins': 6, 'tab': 6, 'slot': 6} -> mesh 'mesh_sealedcad_fine'
[d15] mesh_sealedcad_fine exists — reusing (1500649 cells)
[solve] pressure bounds 20000 .. 300000 Pa; relaxation overrides: p=0.3,rho=0.05,U=0.7,h=0.7,k=0.7,omega=0.7
[solve] hinge fitted from 15.0 deg at ['-0.0854', '-0.0000', '0.0525']
[solve] sides -> pressure outlet (open far field)
[solve] ramped start -50 -> -101.7 m/s over 300 iterations, no potentialFoam
[solve] rhoSimpleFoam to 2000 ...
[solve] stop=endTime rc=0 iters=2000
{
 "stop_reason": "endTime",
 "n_avg_samples": 501,
 "moments_Nm": {
  "Mroll": 0.11983948533932137,
  "Mpitch": -0.022503253804463073,
  "Myaw": 0.8331535481057885
 },
 "forces_N": {
  "Fx": 0.025170754013127742,
  "Fy": 2.494268174211577,
  "Fz": -14.847496851297404
 },
 "convergence": {
  "mean": 0.11983948533932137,
  "std": 0.00031399979115588725,
  "slope_per_iter": 6.821547219505825e-08,
  "drift": 3.4107736097529126e-05,
  "drift_pct": 0.0284611837250087,
  "std_rel_pct": 0.2620169723416349,
  "flags": []
 },
 "postprocess_error": null
}
