SimScale-matched run [ramp]: d10 M0.3 V=101.7 m/s p=97690 T=286.2 rho=1.1892 CofR z=0.399 endTime=2000 avg from 1500 case=M0.30_filled_fine_cad2
[mesh] levels {'body': 5, 'fins': 6, 'tab': 6, 'slot': 6} -> mesh 'mesh_filled_fine_cad2'
[d10] surfaceFeatureExtract + blockMesh (mesh_filled_fine_cad2, levels 5/6/6/6)
[d10] snappyHexMesh -parallel (np=10) ...
[d10] mesh_filled_fine_cad2 OK cells=1502625 coverage={'rocket_body': 98.9, 'rocket_fins': 93.7, 'rocket_tab': 44.2} gap~None across ['accepted 2 skew faces (max 7.3306611)']
  WARNING [d10]: rocket_tab layer coverage 44.2% < 90.0%
[solve] pressure bounds 20000 .. 300000 Pa; relaxation overrides: p=0.3,rho=0.05,U=0.7,h=0.7,k=0.7,omega=0.7
[solve] hinge fitted from 10.0 deg at ['-0.0854', '0.0020', '0.0523']
[solve] sides -> pressure outlet (open far field)
[solve] ramped start -50 -> -101.7 m/s over 300 iterations, no potentialFoam
[solve] rhoSimpleFoam to 2000 ...
[solve] stop=endTime rc=0 iters=2000
{
 "stop_reason": "endTime",
 "n_avg_samples": 501,
 "moments_Nm": {
  "Mroll": 0.013407516094051896,
  "Mpitch": 0.001487558078716567,
  "Myaw": 0.04773618885909601
 },
 "forces_N": {
  "Fx": -0.011381261441964073,
  "Fy": 0.16611687571530373,
  "Fz": -14.912800472255489
 },
 "convergence": {
  "mean": 0.013407516094051896,
  "std": 0.006211795615380434,
  "slope_per_iter": 3.1647799326984204e-06,
  "drift": 0.0015823899663492103,
  "drift_pct": 11.802260428023809,
  "std_rel_pct": 46.3306966913598,
  "flags": [
   "mroll_drift(11.8%)",
   "mroll_noisy(std=46.3%)"
  ]
 },
 "postprocess_error": null
}
