SimScale-matched run [ramp]: d10 M0.9 V=305.0 m/s p=97690 T=286.2 rho=1.1892 CofR z=0.399 endTime=3000 avg from 2500 case=M0.90_filled_L5_opensides
[mesh] levels {'body': 4, 'fins': 5, 'tab': 5, 'slot': 5} -> mesh 'mesh_filled_L5'
[d10] surfaceFeatureExtract + blockMesh (mesh_filled_L5, levels 4/5/5/5)
[d10] snappyHexMesh -parallel (np=10) ...
[d10] mesh_filled_L5 OK cells=454268 coverage={'rocket_body': 97.4, 'rocket_fins': 89.8, 'rocket_tab': 30.2} gap~None across []
  WARNING [d10]: rocket_fins layer coverage 89.8% < 90.0%
  WARNING [d10]: rocket_tab layer coverage 30.2% < 90.0%
[solve] pressure bounds 20000 .. 300000 Pa; relaxation overrides: p=0.3,rho=0.05,U=0.7,h=0.7,k=0.7,omega=0.7
[solve] hinge fitted from 10.0 deg at ['-0.0854', '-0.0000', '0.0525']
[solve] sides -> pressure outlet (open far field)
[solve] ramped start -50 -> -305 m/s over 300 iterations, no potentialFoam
[solve] rhoSimpleFoam to 3000 ...
[solve] stop=endTime rc=0 iters=3000
{
 "stop_reason": "endTime",
 "n_avg_samples": 501,
 "moments_Nm": {
  "Mroll": 0.8095229002994012,
  "Mpitch": 0.14600230364559524,
  "Myaw": 6.387927132814371
 },
 "forces_N": {
  "Fx": 0.1250119356473535,
  "Fy": 18.167143686227543,
  "Fz": -194.2020405508982
 },
 "convergence": {
  "mean": 0.8095229002994012,
  "std": 0.0005223791725796925,
  "slope_per_iter": 1.9409384660155482e-07,
  "drift": 9.70469233007774e-05,
  "drift_pct": 0.01198816281353927,
  "std_rel_pct": 0.0645292643835636,
  "flags": []
 },
 "postprocess_error": null
}
