SimScale-matched run [ramp]: d10 M0.5 V=169.6 m/s p=97690 T=286.2 rho=1.1892 CofR z=0.399 endTime=2000 avg from 1500 case=M0.50_filled_fine_cad2
[mesh] levels {'body': 5, 'fins': 6, 'tab': 6, 'slot': 6} -> mesh 'mesh_filled_fine_cad2'
[d10] mesh_filled_fine_cad2 exists — reusing (1502625 cells)
[solve] pressure bounds 20000 .. 300000 Pa; relaxation overrides: p=0.3,rho=0.05,U=0.7,h=0.7,k=0.7,omega=0.7
[solve] hinge fitted from 10.0 deg at ['-0.0854', '0.0020', '0.0523']
[solve] sides -> pressure outlet (open far field)
[solve] ramped start -50 -> -169.6 m/s over 300 iterations, no potentialFoam
[solve] rhoSimpleFoam to 2000 ...
[solve] stop=endTime rc=0 iters=2000
{
 "stop_reason": "endTime",
 "n_avg_samples": 501,
 "moments_Nm": {
  "Mroll": 0.03129496621508363,
  "Mpitch": -0.054459556844990015,
  "Myaw": 0.102162079229501
 },
 "forces_N": {
  "Fx": 0.1365457073412974,
  "Fy": 0.354723819565493,
  "Fz": -41.801756801397204
 },
 "convergence": {
  "mean": 0.03129496621508363,
  "std": 0.016666325573676803,
  "slope_per_iter": 6.835636255345829e-05,
  "drift": 0.03417818127672915,
  "drift_pct": 109.21303139242839,
  "std_rel_pct": 53.25561133101311,
  "flags": [
   "mroll_drift(109.2%)",
   "mroll_noisy(std=53.3%)"
  ]
 },
 "postprocess_error": null
}
