SimScale-matched run [ramp]: d0 M0.85 V=288.2 m/s p=97690 T=286.2 rho=1.1892 CofR z=0.399 endTime=2000 avg from 1500 case=M0.85_sealedcad_fine_opensides
[mesh] levels {'body': 5, 'fins': 6, 'tab': 6, 'slot': 6} -> mesh 'mesh_sealedcad_fine'
[d00] mesh_sealedcad_fine exists — reusing (1500989 cells)
[solve] pressure bounds 20000 .. 300000 Pa; relaxation overrides: p=0.3,rho=0.05,U=0.7,h=0.7,k=0.7,omega=0.7
[solve] hinge fitted from 15.0 deg at ['-0.0854', '-0.0000', '0.0525']
[solve] sides -> pressure outlet (open far field)
[solve] ramped start -50 -> -288.2 m/s over 300 iterations, no potentialFoam
[solve] rhoSimpleFoam to 2000 ...
[solve] stop=endTime rc=0 iters=2000
{
 "stop_reason": "endTime",
 "n_avg_samples": 501,
 "moments_Nm": {
  "Mroll": 0.00283367976943014,
  "Mpitch": 0.030131208071938125,
  "Myaw": 0.06198157580683373
 },
 "forces_N": {
  "Fx": 0.01390377796499002,
  "Fy": 0.14611147360113771,
  "Fz": -148.178081247505
 },
 "convergence": {
  "mean": 0.00283367976943014,
  "std": 0.013278281960598617,
  "slope_per_iter": -2.268249127791709e-08,
  "drift": 1.1341245638958545e-05,
  "drift_pct": 0.40023032105844825,
  "std_rel_pct": 468.5879506867819,
  "flags": [
   "mroll_noisy(std=468.6%)"
  ]
 },
 "postprocess_error": null
}
