SimScale-matched run [ramp]: d9 M0.5 V=169.6 m/s p=97690 T=286.2 rho=1.1892 CofR z=0.399 endTime=2000 avg from 1500 case=M0.50_sealedcad_fine_opensides
[mesh] levels {'body': 5, 'fins': 6, 'tab': 6, 'slot': 6} -> mesh 'mesh_sealedcad_fine'
[d09] mesh_sealedcad_fine exists — reusing (1498771 cells)
[solve] pressure bounds 20000 .. 300000 Pa; relaxation overrides: p=0.3,rho=0.05,U=0.7,h=0.7,k=0.7,omega=0.7
[solve] hinge fitted from 15.0 deg at ['-0.0854', '-0.0000', '0.0525']
[solve] sides -> pressure outlet (open far field)
[solve] ramped start -50 -> -169.6 m/s over 300 iterations, no potentialFoam
[solve] rhoSimpleFoam to 2000 ...
[solve] stop=endTime rc=0 iters=2000
{
 "stop_reason": "endTime",
 "n_avg_samples": 501,
 "moments_Nm": {
  "Mroll": 0.21038218183832336,
  "Mpitch": -0.038043726310409184,
  "Myaw": 1.501870843692615
 },
 "forces_N": {
  "Fx": 0.09103422634291417,
  "Fy": 4.466288914371257,
  "Fz": -40.797660844510986
 },
 "convergence": {
  "mean": 0.21038218183832336,
  "std": 0.007656405577077666,
  "slope_per_iter": 2.1483539477538788e-06,
  "drift": 0.0010741769738769394,
  "drift_pct": 0.5105836266601864,
  "std_rel_pct": 3.6392842350886627,
  "flags": []
 },
 "postprocess_error": null
}
