SimScale-matched run [ramp]: d15 M0.8 V=271.3 m/s p=97690 T=286.2 rho=1.1892 CofR z=0.399 endTime=2000 avg from 1500 case=M0.80_filled_fine_opensides
[mesh] levels {'body': 5, 'fins': 6, 'tab': 6, 'slot': 6} -> mesh 'mesh_filled_fine'
[d15] mesh_filled_fine exists — reusing (1493629 cells)
[solve] pressure bounds 20000 .. 300000 Pa; relaxation overrides: p=0.3,rho=0.05,U=0.7,h=0.7,k=0.7,omega=0.7
[solve] hinge fitted from -6.0 deg at ['-0.0854', '-0.0000', '0.0525']
[solve] sides -> pressure outlet (open far field)
[solve] ramped start -50 -> -271.3 m/s over 300 iterations, no potentialFoam
[solve] rhoSimpleFoam to 2000 ...
[solve] stop=endTime rc=0 iters=2000
{
 "stop_reason": "endTime",
 "n_avg_samples": 501,
 "moments_Nm": {
  "Mroll": 0.8668709451037924,
  "Mpitch": -0.06244258443597006,
  "Myaw": 6.1602675091217565
 },
 "forces_N": {
  "Fx": -0.0340600172702994,
  "Fy": 18.1085250007984,
  "Fz": -121.5839195508982
 },
 "convergence": {
  "mean": 0.8668709451037924,
  "std": 0.004451765754749225,
  "slope_per_iter": 2.3949623780332107e-07,
  "drift": 0.00011974811890166054,
  "drift_pct": 0.01381383464032502,
  "std_rel_pct": 0.5135442339939315,
  "flags": []
 },
 "postprocess_error": null
}
