SimScale-matched run [ramp]: d0 M0.6 V=203.5 m/s p=97690 T=286.2 rho=1.1892 CofR z=0.399 endTime=2000 avg from 1500 case=M0.60_sealedcad_fine_opensides
[mesh] levels {'body': 5, 'fins': 6, 'tab': 6, 'slot': 6} -> mesh 'mesh_sealedcad_fine'
[d00] mesh_sealedcad_fine exists — reusing (1500989 cells)
[solve] pressure bounds 20000 .. 300000 Pa; relaxation overrides: p=0.3,rho=0.05,U=0.7,h=0.7,k=0.7,omega=0.7
[solve] hinge fitted from 15.0 deg at ['-0.0854', '-0.0000', '0.0525']
[solve] sides -> pressure outlet (open far field)
[solve] ramped start -50 -> -203.5 m/s over 300 iterations, no potentialFoam
[solve] rhoSimpleFoam to 2000 ...
[solve] stop=endTime rc=0 iters=2000
{
 "stop_reason": "endTime",
 "n_avg_samples": 501,
 "moments_Nm": {
  "Mroll": -0.0016205410378317365,
  "Mpitch": -0.11554155197876248,
  "Myaw": 0.09794383759227346
 },
 "forces_N": {
  "Fx": 0.3229063167185629,
  "Fy": 0.2421070520654072,
  "Fz": -60.08122574690619
 },
 "convergence": {
  "mean": -0.0016205410378317365,
  "std": 0.012728796903161746,
  "slope_per_iter": -1.2619104002172908e-06,
  "drift": 0.0006309552001086454,
  "drift_pct": 38.934848632581094,
  "std_rel_pct": 785.4658787408874,
  "flags": [
   "mroll_drift(38.9%)",
   "mroll_noisy(std=785.5%)"
  ]
 },
 "postprocess_error": null
}
