SimScale-matched run [ramp]: d15 M0.9 V=305.0 m/s p=97690 T=286.2 rho=1.1892 CofR z=0.399 endTime=2000 avg from 1500 case=M0.90_filled_fine_opensides
[mesh] levels {'body': 5, 'fins': 6, 'tab': 6, 'slot': 6} -> mesh 'mesh_filled_fine'
[d15] mesh_filled_fine exists — reusing (1493629 cells)
[solve] pressure bounds 20000 .. 300000 Pa; relaxation overrides: p=0.3,rho=0.05,U=0.7,h=0.7,k=0.7,omega=0.7
[solve] hinge fitted from -6.0 deg at ['-0.0854', '-0.0000', '0.0525']
[solve] sides -> pressure outlet (open far field)
[solve] ramped start -50 -> -305 m/s over 300 iterations, no potentialFoam
[solve] rhoSimpleFoam to 2000 ...
[solve] stop=endTime rc=0 iters=2000
{
 "stop_reason": "endTime",
 "n_avg_samples": 501,
 "moments_Nm": {
  "Mroll": 1.0845606917165669,
  "Mpitch": -0.6718646609441117,
  "Myaw": 6.9749595149900205
 },
 "forces_N": {
  "Fx": 1.5843796641297407,
  "Fy": 20.128457853692616,
  "Fz": -192.07929103592815
 },
 "convergence": {
  "mean": 1.0845606917165669,
  "std": 0.22532572274878,
  "slope_per_iter": -0.0007960693097286542,
  "drift": 0.3980346548643271,
  "drift_pct": 36.70008123144733,
  "std_rel_pct": 20.775759666538363,
  "flags": [
   "mroll_drift(36.7%)",
   "mroll_noisy(std=20.8%)"
  ]
 },
 "postprocess_error": null
}
