SimScale-matched run [ramp]: d10 M0.6 V=203.5 m/s p=97690 T=286.2 rho=1.1892 CofR z=0.399 endTime=3000 avg from 2500 case=M0.60_sealed6_opensides
[mesh] slot level 6 -> mesh 'mesh_sealed6'
[d10] surfaceFeatureExtract + blockMesh (mesh_sealed6, levels 4/5/5/6)
[d10] snappyHexMesh -parallel (np=10) ...
[d10] mesh_sealed6 OK cells=468795 coverage={'rocket_body': 97.5, 'rocket_fins': 89.1, 'rocket_tab': 49.3} gap~None across ['accepted 1 skew faces (max 7.3135977)']
  WARNING [d10]: rocket_fins layer coverage 89.1% < 90.0%
  WARNING [d10]: rocket_tab layer coverage 49.3% < 90.0%
[solve] pressure bounds 1 .. 1e+08 Pa; relaxation overrides: p=0.3,rho=0.05,U=0.7,h=0.7,k=0.7,omega=0.7
[solve] hinge fitted from 10.0 deg at ['-0.0854', '-0.0000', '0.0515']
[solve] sides -> pressure outlet (open far field)
[solve] ramped start -50 -> -305 m/s over 300 iterations, no potentialFoam
[solve] rhoSimpleFoam to 3000 ...
[solve] stop=endTime rc=0 iters=3000
{
 "stop_reason": "endTime",
 "n_avg_samples": 501,
 "moments_Nm": {
  "Mroll": 0.263340719015968,
  "Mpitch": 0.15561407331536928,
  "Myaw": 1.7831994701796408
 },
 "forces_N": {
  "Fx": -0.36011085914171653,
  "Fy": 5.345389236926148,
  "Fz": -65.27064140758483
 },
 "convergence": {
  "mean": 0.263340719015968,
  "std": 7.159998446663349e-06,
  "slope_per_iter": -4.0093890306149416e-10,
  "drift": 2.0046945153074707e-07,
  "drift_pct": 7.612550473768219e-05,
  "std_rel_pct": 0.00271891049489737,
  "flags": []
 },
 "postprocess_error": null
}
