SimScale-matched run [ramp]: d0 M0.7 V=237.4 m/s p=97690 T=286.2 rho=1.1892 CofR z=0.399 endTime=2000 avg from 1500 case=M0.70_filled_fine_opensides
[mesh] levels {'body': 5, 'fins': 6, 'tab': 6, 'slot': 6} -> mesh 'mesh_filled_fine'
[d00] mesh_filled_fine exists — reusing (1500375 cells)
[solve] pressure bounds 20000 .. 300000 Pa; relaxation overrides: p=0.3,rho=0.05,U=0.7,h=0.7,k=0.7,omega=0.7
[solve] hinge fitted from -6.0 deg at ['-0.0854', '-0.0000', '0.0525']
[solve] sides -> pressure outlet (open far field)
[solve] ramped start -50 -> -237.4 m/s over 300 iterations, no potentialFoam
[solve] rhoSimpleFoam to 2000 ...
[solve] stop=endTime rc=0 iters=2000
{
 "stop_reason": "endTime",
 "n_avg_samples": 501,
 "moments_Nm": {
  "Mroll": -0.0016159652435083834,
  "Mpitch": 0.0018329484043612771,
  "Myaw": -0.046978606250960085
 },
 "forces_N": {
  "Fx": 0.02217972890713601,
  "Fy": -0.11188497944029141,
  "Fz": -85.12353813213572
 },
 "convergence": {
  "mean": -0.0016159652435083834,
  "std": 0.008406686607241278,
  "slope_per_iter": -1.5138645706749991e-06,
  "drift": 0.0007569322853374996,
  "drift_pct": 46.84087658309668,
  "std_rel_pct": 520.2269442992302,
  "flags": [
   "mroll_drift(46.8%)",
   "mroll_noisy(std=520.2%)"
  ]
 },
 "postprocess_error": null
}
