16:03:13 0/ rewritten: inlet B5_TE5_B5_TE36, outlet B5_TE5_B5_TE9, sides ['B5_TE5_B5_TE2', 'B5_TE5_B5_TE30', 'B5_TE5_B5_TE27', 'B5_TE5_B5_TE33'], walls regex for 76 patches
16:03:13 SimScale BC variants applied (sides inletOutlet U, T zeroGradient sides/outlet, nutUSpalding, omega stepwise)
16:03:17 decomposePar rc=0
16:56:46 solver rc=0 last=2000 stop=endTime wall=3209s
{
 "stop_reason": "endTime",
 "n_avg_samples": 501,
 "moments_Nm": {
  "Mroll": 0.8486579832235529,
  "Mpitch": -0.13388835675894212,
  "Myaw": 5.476241383612774
 },
 "forces_N": {
  "Fx": 0.41051957669391226,
  "Fy": 15.707092064071857,
  "Fz": -192.82151043313374
 },
 "convergence": {
  "mean": 0.8486579832235529,
  "std": 0.044410173662002124,
  "slope_per_iter": -1.7034111231051588e-05,
  "drift": 0.008517055615525794,
  "drift_pct": 1.0035910559840024,
  "std_rel_pct": 5.232988381646276,
  "flags": [
   "mroll_noisy(std=5.2%)"
  ]
 },
 "postprocess_error": null
}
