00:50:52 case M0.90_sealedcad_fine_transient: restart from M0.90_sealedcad_fine_opensides/2000 (M0.9, V=305.0), rhoPimpleFoam Euler dt 4e-06 endTime 0.015
00:50:55 decomposePar rc=0
03:18:12 solver rc=0 last t=0.015 fatal=False wall=8837s
{
 "stop_reason": "endTime",
 "t_last": 0.015,
 "window": {
  "t_start": 0.011252,
  "t_end": 0.015,
  "n": 938
 },
 "moments_Nm": {
  "Mroll": -0.5775252648219615,
  "Myaw": -3.6759730563539446,
  "Mpitch": -0.44830085633368866
 },
 "forces_N": {
  "Fx": 1.311114628923241,
  "Fy": -10.62407677206823,
  "Fz": -185.19991943603412
 },
 "convergence": {
  "std_rel_pct": 0.10882609624668335,
  "drift_pct": 0.023090937472165333,
  "roll_min": -0.578756266,
  "roll_max": -0.576388657
 },
 "quarter_means": [
  -0.5776302327820513,
  -0.5774318399914894,
  -0.5775784895512821,
  -0.5774611701234044
 ]
}
