SimScale-matched run [ramp]: d10 M0.5 V=169.6 m/s p=97690 T=286.2 rho=1.1892 CofR z=0.399 endTime=2000 avg from 1500 case=M0.50_filled_fine_opensides
[mesh] levels {'body': 5, 'fins': 6, 'tab': 6, 'slot': 6} -> mesh 'mesh_filled_fine'
[d10] mesh_filled_fine exists — reusing (1500457 cells)
[solve] pressure bounds 1000 .. 1e+06 Pa; relaxation overrides: p=0.3,rho=0.05,U=0.7,h=0.7,k=0.7,omega=0.7
[solve] hinge fitted from 10.0 deg at ['-0.0854', '-0.0000', '0.0525']
[solve] sides -> pressure outlet (open far field)
[solve] ramped start -50 -> -169.6 m/s over 300 iterations, no potentialFoam
[solve] rhoSimpleFoam to 2000 ...
[solve] stop=endTime rc=0 iters=2000
{
 "stop_reason": "endTime",
 "n_avg_samples": 501,
 "moments_Nm": {
  "Mroll": 0.17015064591017962,
  "Mpitch": -0.10555676751633333,
  "Myaw": 1.2390614762075849
 },
 "forces_N": {
  "Fx": 0.25792375854030536,
  "Fy": 3.7008829531337324,
  "Fz": -41.29427227145709
 },
 "convergence": {
  "mean": 0.17015064591017962,
  "std": 0.004799711766791196,
  "slope_per_iter": -9.01372752821049e-07,
  "drift": 0.0004506863764105245,
  "drift_pct": 0.2648749136388446,
  "std_rel_pct": 2.820860150789497,
  "flags": []
 },
 "postprocess_error": null
}
