SimScale-matched run [ramp]: d10 M0.6 V=203.5 m/s p=97690 T=286.2 rho=1.1892 CofR z=0.399 endTime=2000 avg from 1500 case=M0.60_filled_fine_opensides
[mesh] levels {'body': 5, 'fins': 6, 'tab': 6, 'slot': 6} -> mesh 'mesh_filled_fine'
[d10] mesh_filled_fine exists — reusing (1500457 cells)
[solve] pressure bounds 1000 .. 1e+06 Pa; relaxation overrides: p=0.3,rho=0.05,U=0.7,h=0.7,k=0.7,omega=0.7
[solve] hinge fitted from 10.0 deg at ['-0.0854', '-0.0000', '0.0525']
[solve] sides -> pressure outlet (open far field)
[solve] ramped start -50 -> -203.5 m/s over 300 iterations, no potentialFoam
[solve] rhoSimpleFoam to 2000 ...
[solve] stop=endTime rc=0 iters=2000
{
 "stop_reason": "endTime",
 "n_avg_samples": 501,
 "moments_Nm": {
  "Mroll": 0.25602282180439123,
  "Mpitch": -0.1436783952043912,
  "Myaw": 1.8592903496007984
 },
 "forces_N": {
  "Fx": 0.34448214183073855,
  "Fy": 5.544153544750498,
  "Fz": -60.57810190019959
 },
 "convergence": {
  "mean": 0.25602282180439123,
  "std": 0.014886352507322594,
  "slope_per_iter": -7.443795399479844e-07,
  "drift": 0.0003721897699739922,
  "drift_pct": 0.14537366917170996,
  "std_rel_pct": 5.814463102315228,
  "flags": [
   "mroll_noisy(std=5.8%)"
  ]
 },
 "postprocess_error": null
}
