SimScale-matched run [ramp]: d12 M0.9 V=305.0 m/s p=97690 T=286.2 rho=1.1892 CofR z=0.399 endTime=4000 avg from 3000 case=M0.90_filled_fine_opensides_long
[mesh] levels {'body': 5, 'fins': 6, 'tab': 6, 'slot': 6} -> mesh 'mesh_filled_fine'
[d12] mesh_filled_fine exists — reusing (1498089 cells)
[solve] pressure bounds 20000 .. 300000 Pa; relaxation overrides: p=0.3,rho=0.05,U=0.7,h=0.7,k=0.7,omega=0.7
[solve] hinge fitted from -6.0 deg at ['-0.0854', '-0.0000', '0.0525']
[solve] sides -> pressure outlet (open far field)
[solve] ramped start -50 -> -305 m/s over 300 iterations, no potentialFoam
[solve] rhoSimpleFoam to 4000 ...
[solve] stop=endTime rc=0 iters=4000
{
 "stop_reason": "endTime",
 "n_avg_samples": 1001,
 "moments_Nm": {
  "Mroll": 1.0180994634825173,
  "Mpitch": -0.42838998038761245,
  "Myaw": 6.544079761678321
 },
 "forces_N": {
  "Fx": 1.0323182317312687,
  "Fy": 18.856146045954045,
  "Fz": -190.67763088911087
 },
 "convergence": {
  "mean": 1.0180994634825173,
  "std": 0.021829693943309407,
  "slope_per_iter": -6.2199524880269545e-06,
  "drift": 0.006219952488026955,
  "drift_pct": 0.6109376059143521,
  "std_rel_pct": 2.144161226511074,
  "flags": []
 },
 "postprocess_error": null
}
