SimScale-matched run [ramp]: d6 M0.8 V=271.3 m/s p=97690 T=286.2 rho=1.1892 CofR z=0.399 endTime=2000 avg from 1500 case=M0.80_filled_fine_opensides
[mesh] levels {'body': 5, 'fins': 6, 'tab': 6, 'slot': 6} -> mesh 'mesh_filled_fine'
[d06] mesh_filled_fine exists — reusing (1498866 cells)
[solve] pressure bounds 20000 .. 300000 Pa; relaxation overrides: p=0.3,rho=0.05,U=0.7,h=0.7,k=0.7,omega=0.7
[solve] hinge fitted from -6.0 deg at ['-0.0854', '-0.0000', '0.0525']
[solve] sides -> pressure outlet (open far field)
[solve] ramped start -50 -> -271.3 m/s over 300 iterations, no potentialFoam
[solve] rhoSimpleFoam to 2000 ...
[solve] stop=endTime rc=0 iters=2000
{
 "stop_reason": "endTime",
 "n_avg_samples": 501,
 "moments_Nm": {
  "Mroll": 0.32631150555489025,
  "Mpitch": -0.016403823199461078,
  "Myaw": 2.3474017206187625
 },
 "forces_N": {
  "Fx": 0.0803476933103573,
  "Fy": 6.933340473852295,
  "Fz": -120.45255511177645
 },
 "convergence": {
  "mean": 0.32631150555489025,
  "std": 0.009572029120046987,
  "slope_per_iter": -1.3852268890426059e-06,
  "drift": 0.0006926134445213029,
  "drift_pct": 0.21225529370885007,
  "std_rel_pct": 2.933402272705593,
  "flags": []
 },
 "postprocess_error": null
}
