SimScale-matched run [ramp]: d12 M0.9 V=305.0 m/s p=97690 T=286.2 rho=1.1892 CofR z=0.399 endTime=2000 avg from 1500 case=M0.90_filled_fine_opensides
[mesh] levels {'body': 5, 'fins': 6, 'tab': 6, 'slot': 6} -> mesh 'mesh_filled_fine'
[d12] mesh_filled_fine exists — reusing (1498089 cells)
[solve] pressure bounds 20000 .. 300000 Pa; relaxation overrides: p=0.3,rho=0.05,U=0.7,h=0.7,k=0.7,omega=0.7
[solve] hinge fitted from -6.0 deg at ['-0.0854', '-0.0000', '0.0525']
[solve] sides -> pressure outlet (open far field)
[solve] ramped start -50 -> -305 m/s over 300 iterations, no potentialFoam
[solve] rhoSimpleFoam to 2000 ...
[solve] stop=endTime rc=0 iters=2000
{
 "stop_reason": "endTime",
 "n_avg_samples": 501,
 "moments_Nm": {
  "Mroll": 1.0027103714970058,
  "Mpitch": -0.3045491708011976,
  "Myaw": 6.5244783446906185
 },
 "forces_N": {
  "Fx": 0.7171162550326348,
  "Fy": 18.78603751057884,
  "Fz": -190.66341835928142
 },
 "convergence": {
  "mean": 1.0027103714970058,
  "std": 0.09357532406911685,
  "slope_per_iter": 2.1909429199036093e-05,
  "drift": 0.010954714599518047,
  "drift_pct": 1.0925103510361724,
  "std_rel_pct": 9.33223857347887,
  "flags": [
   "mroll_noisy(std=9.3%)"
  ]
 },
 "postprocess_error": null
}
