SimScale-matched run [ramp]: d15 M0.6 V=203.5 m/s p=97690 T=286.2 rho=1.1892 CofR z=0.399 endTime=2000 avg from 1500 case=M0.60_filled_fine_opensides
[mesh] levels {'body': 5, 'fins': 6, 'tab': 6, 'slot': 6} -> mesh 'mesh_filled_fine'
[d15] mesh_filled_fine exists — reusing (1493629 cells)
[solve] pressure bounds 20000 .. 300000 Pa; relaxation overrides: p=0.3,rho=0.05,U=0.7,h=0.7,k=0.7,omega=0.7
[solve] hinge fitted from -6.0 deg at ['-0.0854', '-0.0000', '0.0525']
[solve] sides -> pressure outlet (open far field)
[solve] ramped start -50 -> -203.5 m/s over 300 iterations, no potentialFoam
[solve] rhoSimpleFoam to 2000 ...
[solve] stop=endTime rc=0 iters=2000
{
 "stop_reason": "endTime",
 "n_avg_samples": 501,
 "moments_Nm": {
  "Mroll": 0.43044302104990023,
  "Mpitch": -0.11127900956906188,
  "Myaw": 2.9896968248502995
 },
 "forces_N": {
  "Fx": 0.19380276759281434,
  "Fy": 8.929725856806387,
  "Fz": -60.58407274091816
 },
 "convergence": {
  "mean": 0.43044302104990023,
  "std": 0.009346044789197419,
  "slope_per_iter": 3.2390866331080483e-07,
  "drift": 0.0001619543316554024,
  "drift_pct": 0.03762503368282684,
  "std_rel_pct": 2.1712617773198732,
  "flags": []
 },
 "postprocess_error": null
}
