SimScale-matched run [ramp]: d10 M0.9 V=305.0 m/s p=97690 T=286.2 rho=1.1892 CofR z=0.399 endTime=2000 avg from 1500 case=M0.90_filled_fine_upwind
[mesh] levels {'body': 5, 'fins': 6, 'tab': 6, 'slot': 6} -> mesh 'mesh_filled_fine'
[d10] mesh_filled_fine exists — reusing (1500457 cells)
[solve] div(phi,U) -> bounded Gauss upwind
[solve] pressure bounds 20000 .. 300000 Pa; relaxation overrides: p=0.3,rho=0.05,U=0.7,h=0.7,k=0.7,omega=0.7
[solve] hinge fitted from 10.0 deg at ['-0.0854', '-0.0000', '0.0525']
[solve] sides -> pressure outlet (open far field)
[solve] ramped start -50 -> -305 m/s over 300 iterations, no potentialFoam
[solve] rhoSimpleFoam to 2000 ...
[solve] stop=endTime rc=0 iters=2000
{
 "stop_reason": "endTime",
 "n_avg_samples": 501,
 "moments_Nm": {
  "Mroll": 0.6673765924411177,
  "Mpitch": -0.1119837281477046,
  "Myaw": 4.311433422175648
 },
 "forces_N": {
  "Fx": 0.2598740698003992,
  "Fy": 12.47505573952096,
  "Fz": -211.42233446506987
 },
 "convergence": {
  "mean": 0.6673765924411177,
  "std": 4.874726306355384e-06,
  "slope_per_iter": -4.594792566298591e-10,
  "drift": 2.2973962831492954e-07,
  "drift_pct": 3.4424286215162594e-05,
  "std_rel_pct": 0.0007304311181374674,
  "flags": []
 },
 "postprocess_error": null
}
