SimScale-matched run [ramp]: d-6 M0.5 V=169.6 m/s p=97690 T=286.2 rho=1.1892 CofR z=0.399 endTime=2000 avg from 1500 case=M0.50_filled_fine_opensides
[mesh] levels {'body': 5, 'fins': 6, 'tab': 6, 'slot': 6} -> mesh 'mesh_filled_fine'
[dm06] mesh_filled_fine exists — reusing (1499481 cells)
[solve] pressure bounds 20000 .. 300000 Pa; relaxation overrides: p=0.3,rho=0.05,U=0.7,h=0.7,k=0.7,omega=0.7
[solve] hinge fitted from -6.0 deg at ['-0.0854', '-0.0000', '0.0525']
[solve] sides -> pressure outlet (open far field)
[solve] ramped start -50 -> -169.6 m/s over 300 iterations, no potentialFoam
[solve] rhoSimpleFoam to 2000 ...
[solve] stop=endTime rc=0 iters=2000
{
 "stop_reason": "endTime",
 "n_avg_samples": 501,
 "moments_Nm": {
  "Mroll": -0.10576689749321357,
  "Mpitch": -0.07738561186940918,
  "Myaw": -0.8047112649221557
 },
 "forces_N": {
  "Fx": 0.21616478719102594,
  "Fy": -2.385739868203593,
  "Fz": -41.002519687824346
 },
 "convergence": {
  "mean": -0.10576689749321357,
  "std": 0.008343081495794076,
  "slope_per_iter": -1.5317343498819244e-06,
  "drift": 0.0007658671749409623,
  "drift_pct": 0.7241085756440038,
  "std_rel_pct": 7.888178337016459,
  "flags": [
   "mroll_noisy(std=7.9%)"
  ]
 },
 "postprocess_error": null
}
