SimScale-matched run [ramp]: d15 M0.8 V=271.3 m/s p=97690 T=286.2 rho=1.1892 CofR z=0.399 endTime=2000 avg from 1500 case=M0.80_sealedcad_fine_opensides
[mesh] levels {'body': 5, 'fins': 6, 'tab': 6, 'slot': 6} -> mesh 'mesh_sealedcad_fine'
[d15] mesh_sealedcad_fine exists — reusing (1500649 cells)
[solve] pressure bounds 20000 .. 300000 Pa; relaxation overrides: p=0.3,rho=0.05,U=0.7,h=0.7,k=0.7,omega=0.7
[solve] hinge fitted from 15.0 deg at ['-0.0854', '-0.0000', '0.0525']
[solve] sides -> pressure outlet (open far field)
[solve] ramped start -50 -> -271.3 m/s over 300 iterations, no potentialFoam
[solve] rhoSimpleFoam to 2000 ...
[solve] stop=endTime rc=0 iters=2000
{
 "stop_reason": "endTime",
 "n_avg_samples": 501,
 "moments_Nm": {
  "Mroll": 1.0151516084031935,
  "Mpitch": -0.10121259020359281,
  "Myaw": 7.239812566267465
 },
 "forces_N": {
  "Fx": 0.023696488868702594,
  "Fy": 21.26166869021956,
  "Fz": -122.30064060279443
 },
 "convergence": {
  "mean": 1.0151516084031935,
  "std": 0.0054321011232063,
  "slope_per_iter": 2.164550087078687e-07,
  "drift": 0.00010822750435393435,
  "drift_pct": 0.010661215867467651,
  "std_rel_pct": 0.535102449549467,
  "flags": []
 },
 "postprocess_error": null
}
