SimScale-matched run [ramp]: d10 M0.9 V=305 m/s p=97690 T=286.2 rho=1.1892 CofR z=0.399 endTime=3000 avg from 2500 case=M0.90_sealed_opensides
[mesh] slot level 5 -> mesh 'mesh_sealed'
[d10] surfaceFeatureExtract + blockMesh (mesh_sealed, levels 4/5/5/5)
[d10] snappyHexMesh -parallel (np=10) ...
[d10] mesh_sealed OK cells=454065 coverage={'rocket_body': 97.4, 'rocket_fins': 89.7, 'rocket_tab': 26.6} gap~None across []
  WARNING [d10]: rocket_fins layer coverage 89.7% < 90.0%
  WARNING [d10]: rocket_tab layer coverage 26.6% < 90.0%
[solve] pressure bounds 1 .. 1e+08 Pa; relaxation overrides: p=0.3,rho=0.05,U=0.7,h=0.7,k=0.7,omega=0.7
[solve] hinge fitted from 10.0 deg at ['-0.0854', '-0.0000', '0.0515']
[solve] sides -> pressure outlet (open far field)
[solve] ramped start -50 -> -305 m/s over 300 iterations, no potentialFoam
[solve] rhoSimpleFoam to 3000 ...
[solve] stop=endTime rc=0 iters=3000
{
 "stop_reason": "endTime",
 "n_avg_samples": 501,
 "moments_Nm": {
  "Mroll": 0.8011780162095808,
  "Mpitch": 0.570358419235529,
  "Myaw": 3.9929322417964075
 },
 "forces_N": {
  "Fx": -1.037254618560878,
  "Fy": 11.79442703992016,
  "Fz": -193.8517047744511
 },
 "convergence": {
  "mean": 0.8011780162095808,
  "std": 0.0005476925166316868,
  "slope_per_iter": -8.27004357182798e-08,
  "drift": 4.13502178591399e-05,
  "drift_pct": 0.005161177294251053,
  "std_rel_pct": 0.06836090176598349,
  "flags": []
 },
 "postprocess_error": null
}
