SimScale-matched run [ramp]: d9 M0.9 V=305.0 m/s p=97690 T=286.2 rho=1.1892 CofR z=0.399 endTime=2000 avg from 1500 case=M0.90_sealedcad_fine_opensides
[mesh] levels {'body': 5, 'fins': 6, 'tab': 6, 'slot': 6} -> mesh 'mesh_sealedcad_fine'
[d09] mesh_sealedcad_fine exists — reusing (1498771 cells)
[solve] pressure bounds 20000 .. 300000 Pa; relaxation overrides: p=0.3,rho=0.05,U=0.7,h=0.7,k=0.7,omega=0.7
[solve] hinge fitted from 15.0 deg at ['-0.0854', '-0.0000', '0.0525']
[solve] sides -> pressure outlet (open far field)
[solve] ramped start -50 -> -305 m/s over 300 iterations, no potentialFoam
[solve] rhoSimpleFoam to 2000 ...
[solve] stop=endTime rc=0 iters=2000
{
 "stop_reason": "endTime",
 "n_avg_samples": 501,
 "moments_Nm": {
  "Mroll": 0.8909033285908183,
  "Mpitch": -0.24429287024550894,
  "Myaw": 5.850489427385228
 },
 "forces_N": {
  "Fx": 0.6878339524291417,
  "Fy": 16.8088192001996,
  "Fz": -190.20114739121755
 },
 "convergence": {
  "mean": 0.8909033285908183,
  "std": 0.009350871637188486,
  "slope_per_iter": -3.1182208410904743e-06,
  "drift": 0.0015591104205452371,
  "drift_pct": 0.17500332196663265,
  "std_rel_pct": 1.04959442142608,
  "flags": []
 },
 "postprocess_error": null
}
