SimScale-matched run [ramp]: d12 M0.3 V=101.7 m/s p=97690 T=286.2 rho=1.1892 CofR z=0.399 endTime=2000 avg from 1500 case=M0.30_filled_fine_opensides
[mesh] levels {'body': 5, 'fins': 6, 'tab': 6, 'slot': 6} -> mesh 'mesh_filled_fine'
[d12] surfaceFeatureExtract + blockMesh (mesh_filled_fine, levels 5/6/6/6)
[d12] snappyHexMesh -parallel (np=10) ...
[d12] mesh_filled_fine OK cells=1498089 coverage={'rocket_body': 98.9, 'rocket_fins': 94.4, 'rocket_tab': 55.8} gap~None across []
  WARNING [d12]: rocket_tab layer coverage 55.8% < 90.0%
[solve] pressure bounds 20000 .. 300000 Pa; relaxation overrides: p=0.3,rho=0.05,U=0.7,h=0.7,k=0.7,omega=0.7
[solve] hinge fitted from -6.0 deg at ['-0.0854', '-0.0000', '0.0525']
[solve] sides -> pressure outlet (open far field)
[solve] ramped start -50 -> -101.7 m/s over 300 iterations, no potentialFoam
[solve] rhoSimpleFoam to 2000 ...
[solve] stop=endTime rc=0 iters=2000
{
 "stop_reason": "endTime",
 "n_avg_samples": 501,
 "moments_Nm": {
  "Mroll": 0.07911934773273453,
  "Mpitch": -0.04218094500608782,
  "Myaw": 0.5540117655808383
 },
 "forces_N": {
  "Fx": 0.09906106200660078,
  "Fy": 1.659254055828343,
  "Fz": -14.698984341916166
 },
 "convergence": {
  "mean": 0.07911934773273453,
  "std": 0.0024666631933598893,
  "slope_per_iter": 6.987544349072526e-08,
  "drift": 3.493772174536263e-05,
  "drift_pct": 0.04415825300201208,
  "std_rel_pct": 3.1176485449454,
  "flags": []
 },
 "postprocess_error": null
}
