SimScale-matched run [ramp]: d6 M0.7 V=237.4 m/s p=97690 T=286.2 rho=1.1892 CofR z=0.399 endTime=2000 avg from 1500 case=M0.70_filled_fine_opensides
[mesh] levels {'body': 5, 'fins': 6, 'tab': 6, 'slot': 6} -> mesh 'mesh_filled_fine'
[d06] mesh_filled_fine exists — reusing (1498866 cells)
[solve] pressure bounds 20000 .. 300000 Pa; relaxation overrides: p=0.3,rho=0.05,U=0.7,h=0.7,k=0.7,omega=0.7
[solve] hinge fitted from -6.0 deg at ['-0.0854', '-0.0000', '0.0525']
[solve] sides -> pressure outlet (open far field)
[solve] ramped start -50 -> -237.4 m/s over 300 iterations, no potentialFoam
[solve] rhoSimpleFoam to 2000 ...
[solve] stop=endTime rc=0 iters=2000
{
 "stop_reason": "endTime",
 "n_avg_samples": 501,
 "moments_Nm": {
  "Mroll": 0.22572583441317365,
  "Mpitch": -0.08518127990389542,
  "Myaw": 1.5844475599600798
 },
 "forces_N": {
  "Fx": 0.23573217812594013,
  "Fy": 4.738213686926147,
  "Fz": -84.81504792614771
 },
 "convergence": {
  "mean": 0.22572583441317365,
  "std": 0.011742862214589114,
  "slope_per_iter": 1.5525704064698627e-06,
  "drift": 0.0007762852032349313,
  "drift_pct": 0.3439062282140029,
  "std_rel_pct": 5.2022677178788115,
  "flags": [
   "mroll_noisy(std=5.2%)"
  ]
 },
 "postprocess_error": null
}
