SimScale-matched run [ramp]: d12 M0.5 V=169.6 m/s p=97690 T=286.2 rho=1.1892 CofR z=0.399 endTime=2000 avg from 1500 case=M0.50_sealedcad_fine_opensides
[mesh] levels {'body': 5, 'fins': 6, 'tab': 6, 'slot': 6} -> mesh 'mesh_sealedcad_fine'
[d12] mesh_sealedcad_fine exists — reusing (1500043 cells)
[solve] pressure bounds 20000 .. 300000 Pa; relaxation overrides: p=0.3,rho=0.05,U=0.7,h=0.7,k=0.7,omega=0.7
[solve] hinge fitted from 15.0 deg at ['-0.0854', '-0.0000', '0.0525']
[solve] sides -> pressure outlet (open far field)
[solve] ramped start -50 -> -169.6 m/s over 300 iterations, no potentialFoam
[solve] rhoSimpleFoam to 2000 ...
[solve] stop=endTime rc=0 iters=2000
{
 "stop_reason": "endTime",
 "n_avg_samples": 501,
 "moments_Nm": {
  "Mroll": 0.26827590051896205,
  "Mpitch": -0.08942819231057883,
  "Myaw": 1.903502837964072
 },
 "forces_N": {
  "Fx": 0.18441295674401798,
  "Fy": 5.678640535469062,
  "Fz": -41.204495066067864
 },
 "convergence": {
  "mean": 0.26827590051896205,
  "std": 0.004651287953552825,
  "slope_per_iter": 6.165405025169441e-07,
  "drift": 0.00030827025125847206,
  "drift_pct": 0.11490791780482093,
  "std_rel_pct": 1.7337703254579389,
  "flags": []
 },
 "postprocess_error": null
}
