SimScale-matched run [ramp]: d15 M0.9 V=305.0 m/s p=97690 T=286.2 rho=1.1892 CofR z=0.399 endTime=2000 avg from 1500 case=M0.90_sealedcad_fine_opensides
[mesh] levels {'body': 5, 'fins': 6, 'tab': 6, 'slot': 6} -> mesh 'mesh_sealedcad_fine'
[d15] mesh_sealedcad_fine exists — reusing (1500649 cells)
[solve] pressure bounds 20000 .. 300000 Pa; relaxation overrides: p=0.3,rho=0.05,U=0.7,h=0.7,k=0.7,omega=0.7
[solve] hinge fitted from 15.0 deg at ['-0.0854', '-0.0000', '0.0525']
[solve] sides -> pressure outlet (open far field)
[solve] ramped start -50 -> -305 m/s over 300 iterations, no potentialFoam
[solve] rhoSimpleFoam to 2000 ...
[solve] stop=endTime rc=0 iters=2000
{
 "stop_reason": "endTime",
 "n_avg_samples": 501,
 "moments_Nm": {
  "Mroll": 1.2998913416087825,
  "Mpitch": -0.7085159326626747,
  "Myaw": 8.635087851536925
 },
 "forces_N": {
  "Fx": 1.6024682753952095,
  "Fy": 24.802374971457084,
  "Fz": -193.14808465868262
 },
 "convergence": {
  "mean": 1.2998913416087825,
  "std": 0.2374817818002997,
  "slope_per_iter": -0.000790695090150058,
  "drift": 0.395347545075029,
  "drift_pct": 30.41389171695964,
  "std_rel_pct": 18.269356383771697,
  "flags": [
   "mroll_drift(30.4%)",
   "mroll_noisy(std=18.3%)"
  ]
 },
 "postprocess_error": null
}
