SimScale-matched run [ramp]: d9 M0.9 V=305.0 m/s p=97690 T=286.2 rho=1.1892 CofR z=0.399 endTime=2000 avg from 1500 case=M0.90_filled_fine_opensides
[mesh] levels {'body': 5, 'fins': 6, 'tab': 6, 'slot': 6} -> mesh 'mesh_filled_fine'
[d09] mesh_filled_fine exists — reusing (1496774 cells)
[solve] pressure bounds 20000 .. 300000 Pa; relaxation overrides: p=0.3,rho=0.05,U=0.7,h=0.7,k=0.7,omega=0.7
[solve] hinge fitted from -6.0 deg at ['-0.0854', '-0.0000', '0.0525']
[solve] sides -> pressure outlet (open far field)
[solve] ramped start -50 -> -305 m/s over 300 iterations, no potentialFoam
[solve] rhoSimpleFoam to 2000 ...
[solve] stop=endTime rc=0 iters=2000
{
 "stop_reason": "endTime",
 "n_avg_samples": 501,
 "moments_Nm": {
  "Mroll": 0.7505265997465069,
  "Mpitch": -0.29282790616167664,
  "Myaw": 4.758451641596806
 },
 "forces_N": {
  "Fx": 0.8166419136626748,
  "Fy": 13.787691321956087,
  "Fz": -189.97621868463077
 },
 "convergence": {
  "mean": 0.7505265997465069,
  "std": 0.011709463911111738,
  "slope_per_iter": 2.944913796979794e-06,
  "drift": 0.0014724568984898969,
  "drift_pct": 0.19618983510873894,
  "std_rel_pct": 1.5601664104998614,
  "flags": []
 },
 "postprocess_error": null
}
