SimScale-matched run [ramp]: d9 M0.8 V=271.3 m/s p=97690 T=286.2 rho=1.1892 CofR z=0.399 endTime=2000 avg from 1500 case=M0.80_filled_fine_opensides
[mesh] levels {'body': 5, 'fins': 6, 'tab': 6, 'slot': 6} -> mesh 'mesh_filled_fine'
[d09] mesh_filled_fine exists — reusing (1496774 cells)
[solve] pressure bounds 20000 .. 300000 Pa; relaxation overrides: p=0.3,rho=0.05,U=0.7,h=0.7,k=0.7,omega=0.7
[solve] hinge fitted from -6.0 deg at ['-0.0854', '-0.0000', '0.0525']
[solve] sides -> pressure outlet (open far field)
[solve] ramped start -50 -> -271.3 m/s over 300 iterations, no potentialFoam
[solve] rhoSimpleFoam to 2000 ...
[solve] stop=endTime rc=0 iters=2000
{
 "stop_reason": "endTime",
 "n_avg_samples": 501,
 "moments_Nm": {
  "Mroll": 0.5103651012814371,
  "Mpitch": -0.026848467706403194,
  "Myaw": 3.5852266709381237
 },
 "forces_N": {
  "Fx": 0.05154537314097205,
  "Fy": 10.594066118962076,
  "Fz": -120.46555386227546
 },
 "convergence": {
  "mean": 0.5103651012814371,
  "std": 0.025063464620122353,
  "slope_per_iter": -2.7145206482333342e-06,
  "drift": 0.0013572603241166672,
  "drift_pct": 0.26593909354476336,
  "std_rel_pct": 4.910889196222938,
  "flags": []
 },
 "postprocess_error": null
}
