SimScale-matched run [ramp]: d10 M0.9 V=305.0 m/s p=97690 T=286.2 rho=1.1892 CofR z=0.399 endTime=2000 avg from 1500 case=M0.90_sealedcad_fine_opensides
[mesh] levels {'body': 5, 'fins': 6, 'tab': 6, 'slot': 6} -> mesh 'mesh_sealedcad_fine'
[d10] mesh_sealedcad_fine exists — reusing (1497279 cells)
[solve] pressure bounds 20000 .. 300000 Pa; relaxation overrides: p=0.3,rho=0.05,U=0.7,h=0.7,k=0.7,omega=0.7
[solve] hinge fitted from 15.0 deg at ['-0.0854', '-0.0000', '0.0525']
[solve] sides -> pressure outlet (open far field)
[solve] ramped start -50 -> -305 m/s over 300 iterations, no potentialFoam
[solve] rhoSimpleFoam to 2000 ...
[solve] stop=endTime rc=0 iters=2000
{
 "stop_reason": "endTime",
 "n_avg_samples": 501,
 "moments_Nm": {
  "Mroll": 0.9769977364251496,
  "Mpitch": -0.3016796413155689,
  "Myaw": 6.2280500294211585
 },
 "forces_N": {
  "Fx": 0.8075440244902194,
  "Fy": 17.951191170658685,
  "Fz": -189.7174129161677
 },
 "convergence": {
  "mean": 0.9769977364251496,
  "std": 0.015411822212327278,
  "slope_per_iter": -2.7458305094162072e-05,
  "drift": 0.013729152547081036,
  "drift_pct": 1.4052389309842441,
  "std_rel_pct": 1.5774675454949754,
  "flags": []
 },
 "postprocess_error": null
}
