SimScale-matched run [ramp]: d6 M0.6 V=203.5 m/s p=97690 T=286.2 rho=1.1892 CofR z=0.399 endTime=2000 avg from 1500 case=M0.60_filled_fine_opensides
[mesh] levels {'body': 5, 'fins': 6, 'tab': 6, 'slot': 6} -> mesh 'mesh_filled_fine'
[d06] mesh_filled_fine exists — reusing (1498866 cells)
[solve] pressure bounds 20000 .. 300000 Pa; relaxation overrides: p=0.3,rho=0.05,U=0.7,h=0.7,k=0.7,omega=0.7
[solve] hinge fitted from -6.0 deg at ['-0.0854', '-0.0000', '0.0525']
[solve] sides -> pressure outlet (open far field)
[solve] ramped start -50 -> -203.5 m/s over 300 iterations, no potentialFoam
[solve] rhoSimpleFoam to 2000 ...
[solve] stop=endTime rc=0 iters=2000
{
 "stop_reason": "endTime",
 "n_avg_samples": 501,
 "moments_Nm": {
  "Mroll": 0.15772241837325351,
  "Mpitch": -0.07807252153591616,
  "Myaw": 0.9513749020638723
 },
 "forces_N": {
  "Fx": 0.21415074601300907,
  "Fy": 2.9243954918163673,
  "Fz": -60.071104505788426
 },
 "convergence": {
  "mean": 0.15772241837325351,
  "std": 0.009324465992155143,
  "slope_per_iter": -1.363497741632294e-06,
  "drift": 0.000681748870816147,
  "drift_pct": 0.4322460166713736,
  "std_rel_pct": 5.911947133658954,
  "flags": [
   "mroll_noisy(std=5.9%)"
  ]
 },
 "postprocess_error": null
}
