SimScale-matched run [ramp]: d12 M0.85 V=288.2 m/s p=97690 T=286.2 rho=1.1892 CofR z=0.399 endTime=2000 avg from 1500 case=M0.85_filled_fine_opensides
[mesh] levels {'body': 5, 'fins': 6, 'tab': 6, 'slot': 6} -> mesh 'mesh_filled_fine'
[d12] mesh_filled_fine exists — reusing (1498089 cells)
[solve] pressure bounds 20000 .. 300000 Pa; relaxation overrides: p=0.3,rho=0.05,U=0.7,h=0.7,k=0.7,omega=0.7
[solve] hinge fitted from -6.0 deg at ['-0.0854', '-0.0000', '0.0525']
[solve] sides -> pressure outlet (open far field)
[solve] ramped start -50 -> -288.2 m/s over 300 iterations, no potentialFoam
[solve] rhoSimpleFoam to 2000 ...
[solve] stop=endTime rc=0 iters=2000
{
 "stop_reason": "endTime",
 "n_avg_samples": 501,
 "moments_Nm": {
  "Mroll": 0.8457472920998004,
  "Mpitch": -0.09271514399012655,
  "Myaw": 5.950863845389221
 },
 "forces_N": {
  "Fx": 0.12056163533137725,
  "Fy": 17.298538967664673,
  "Fz": -148.7099821556886
 },
 "convergence": {
  "mean": 0.8457472920998004,
  "std": 0.011424929956199833,
  "slope_per_iter": -2.233371659517528e-06,
  "drift": 0.0011166858297587642,
  "drift_pct": 0.1320354011404854,
  "std_rel_pct": 1.350868050411879,
  "flags": []
 },
 "postprocess_error": null
}
