SimScale-matched run [ramp]: d10 M0.95 V=322.1 m/s p=97690 T=286.2 rho=1.1892 CofR z=0.399 endTime=2000 avg from 1500 case=M0.95_filled_fine_upwind
[mesh] levels {'body': 5, 'fins': 6, 'tab': 6, 'slot': 6} -> mesh 'mesh_filled_fine'
[d10] mesh_filled_fine exists — reusing (1500457 cells)
[solve] div(phi,U) -> bounded Gauss upwind
[solve] pressure bounds 20000 .. 300000 Pa; relaxation overrides: p=0.3,rho=0.05,U=0.7,h=0.7,k=0.7,omega=0.7
[solve] hinge fitted from 10.0 deg at ['-0.0854', '-0.0000', '0.0525']
[solve] sides -> pressure outlet (open far field)
[solve] ramped start -50 -> -322.1 m/s over 300 iterations, no potentialFoam
[solve] rhoSimpleFoam to 2000 ...
[solve] stop=endTime rc=0 iters=2000
{
 "stop_reason": "endTime",
 "n_avg_samples": 501,
 "moments_Nm": {
  "Mroll": 0.7533558890518962,
  "Mpitch": -0.8204924527884232,
  "Myaw": 4.565260084930139
 },
 "forces_N": {
  "Fx": 2.0226701941117766,
  "Fy": 13.152536528742514,
  "Fz": -252.00022574451097
 },
 "convergence": {
  "mean": 0.7533558890518962,
  "std": 1.6408002970452033e-05,
  "slope_per_iter": 2.1601535416794263e-09,
  "drift": 1.0800767708397132e-06,
  "drift_pct": 0.00014336873004324656,
  "std_rel_pct": 0.0021779882800281314,
  "flags": []
 },
 "postprocess_error": null
}
