SimScale-matched run [ramp]: d15 M0.85 V=288.2 m/s p=97690 T=286.2 rho=1.1892 CofR z=0.399 endTime=2000 avg from 1500 case=M0.85_sealedcad_fine_opensides
[mesh] levels {'body': 5, 'fins': 6, 'tab': 6, 'slot': 6} -> mesh 'mesh_sealedcad_fine'
[d15] mesh_sealedcad_fine exists — reusing (1500649 cells)
[solve] pressure bounds 20000 .. 300000 Pa; relaxation overrides: p=0.3,rho=0.05,U=0.7,h=0.7,k=0.7,omega=0.7
[solve] hinge fitted from 15.0 deg at ['-0.0854', '-0.0000', '0.0525']
[solve] sides -> pressure outlet (open far field)
[solve] ramped start -50 -> -288.2 m/s over 300 iterations, no potentialFoam
[solve] rhoSimpleFoam to 2000 ...
[solve] stop=endTime rc=0 iters=2000
{
 "stop_reason": "endTime",
 "n_avg_samples": 501,
 "moments_Nm": {
  "Mroll": 1.216171361457086,
  "Mpitch": -0.3789521125868263,
  "Myaw": 8.575628042994012
 },
 "forces_N": {
  "Fx": 0.7089874596367266,
  "Fy": 24.91246324251497,
  "Fz": -150.46016760878243
 },
 "convergence": {
  "mean": 1.216171361457086,
  "std": 0.009696225307362851,
  "slope_per_iter": 8.477760049616113e-08,
  "drift": 4.2388800248080565e-05,
  "drift_pct": 0.003485429898406328,
  "std_rel_pct": 0.7972745958880232,
  "flags": []
 },
 "postprocess_error": null
}
