SimScale-matched run [ramp]: d10 M0.6 V=203.5 m/s p=97690 T=286.2 rho=1.1892 CofR z=0.399 endTime=3000 avg from 2500 case=M0.60_gap8_opensides
[d10] mesh_simscale exists — reusing (1247644 cells)
[solve] pressure bounds 1 .. 1e+08 Pa; relaxation overrides: p=0.3,rho=0.05,U=0.7,h=0.7,k=0.7,omega=0.7
[solve] hinge fitted from 10.0 deg at ['-0.0854', '-0.0000', '0.0515']
[solve] sides -> pressure outlet (open far field)
[solve] ramped start -50 -> -305 m/s over 300 iterations, no potentialFoam
[solve] rhoSimpleFoam to 3000 ...
[solve] stop=endTime rc=0 iters=3000
{
 "stop_reason": "endTime",
 "n_avg_samples": 501,
 "moments_Nm": {
  "Mroll": 0.15573438240319362,
  "Mpitch": 0.09002316766087823,
  "Myaw": 1.0407691725948103
 },
 "forces_N": {
  "Fx": -0.20464045542315368,
  "Fy": 3.089171222914172,
  "Fz": -66.44833912135728
 },
 "convergence": {
  "mean": 0.15573438240319362,
  "std": 0.0018796057900485612,
  "slope_per_iter": 1.7538376200585828e-07,
  "drift": 8.769188100292914e-05,
  "drift_pct": 0.05630861961868919,
  "std_rel_pct": 1.206930519159407,
  "flags": []
 },
 "postprocess_error": null
}
