SimScale-matched run [ramp]: d3 M0.6 V=203.5 m/s p=97690 T=286.2 rho=1.1892 CofR z=0.399 endTime=2000 avg from 1500 case=M0.60_sealedcad_fine_opensides
[mesh] levels {'body': 5, 'fins': 6, 'tab': 6, 'slot': 6} -> mesh 'mesh_sealedcad_fine'
[d03] mesh_sealedcad_fine exists — reusing (1497219 cells)
[solve] pressure bounds 20000 .. 300000 Pa; relaxation overrides: p=0.3,rho=0.05,U=0.7,h=0.7,k=0.7,omega=0.7
[solve] hinge fitted from 15.0 deg at ['-0.0854', '-0.0000', '0.0525']
[solve] sides -> pressure outlet (open far field)
[solve] ramped start -50 -> -203.5 m/s over 300 iterations, no potentialFoam
[solve] rhoSimpleFoam to 2000 ...
[solve] stop=endTime rc=0 iters=2000
{
 "stop_reason": "endTime",
 "n_avg_samples": 501,
 "moments_Nm": {
  "Mroll": 0.10390585131776447,
  "Mpitch": -0.07072304307219561,
  "Myaw": 0.8272702404850301
 },
 "forces_N": {
  "Fx": 0.21126511947107984,
  "Fy": 2.422622078982036,
  "Fz": -60.074136805988026
 },
 "convergence": {
  "mean": 0.10390585131776447,
  "std": 0.00841129132828312,
  "slope_per_iter": -1.0901207154137583e-06,
  "drift": 0.0005450603577068791,
  "drift_pct": 0.5245713795655045,
  "std_rel_pct": 8.095108429033262,
  "flags": [
   "mroll_noisy(std=8.1%)"
  ]
 },
 "postprocess_error": null
}
