SimScale-matched run [ramp]: d6 M0.3 V=101.7 m/s p=97690 T=286.2 rho=1.1892 CofR z=0.399 endTime=2000 avg from 1500 case=M0.30_filled_fine_opensides
[mesh] levels {'body': 5, 'fins': 6, 'tab': 6, 'slot': 6} -> mesh 'mesh_filled_fine'
[d06] surfaceFeatureExtract + blockMesh (mesh_filled_fine, levels 5/6/6/6)
[d06] snappyHexMesh -parallel (np=10) ...
[d06] mesh_filled_fine OK cells=1498866 coverage={'rocket_body': 98.8, 'rocket_fins': 94.5, 'rocket_tab': 50.3} gap~None across []
  WARNING [d06]: rocket_tab layer coverage 50.3% < 90.0%
[solve] pressure bounds 20000 .. 300000 Pa; relaxation overrides: p=0.3,rho=0.05,U=0.7,h=0.7,k=0.7,omega=0.7
[solve] hinge fitted from -6.0 deg at ['-0.0854', '-0.0000', '0.0525']
[solve] sides -> pressure outlet (open far field)
[solve] ramped start -50 -> -101.7 m/s over 300 iterations, no potentialFoam
[solve] rhoSimpleFoam to 2000 ...
[solve] stop=endTime rc=0 iters=2000
{
 "stop_reason": "endTime",
 "n_avg_samples": 501,
 "moments_Nm": {
  "Mroll": 0.03684978706287425,
  "Mpitch": -0.04388373761250519,
  "Myaw": 0.21252726106187625
 },
 "forces_N": {
  "Fx": 0.11757147266727785,
  "Fy": 0.6602112687045909,
  "Fz": -14.650914668463074
 },
 "convergence": {
  "mean": 0.03684978706287425,
  "std": 0.0009305414454564298,
  "slope_per_iter": 4.265594262948753e-08,
  "drift": 2.1327971314743766e-05,
  "drift_pct": 0.05787813991530893,
  "std_rel_pct": 2.5252288266108867,
  "flags": []
 },
 "postprocess_error": null
}
