SimScale-matched run [ramp]: d10 M0.9 V=305.0 m/s p=97690 T=286.2 rho=1.1892 CofR z=0.399 endTime=3000 avg from 2500 case=M0.90_filled_fine_opensides
[mesh] levels {'body': 5, 'fins': 6, 'tab': 6, 'slot': 6} -> mesh 'mesh_filled_fine'
[d10] surfaceFeatureExtract + blockMesh (mesh_filled_fine, levels 5/6/6/6)
[d10] snappyHexMesh -parallel (np=10) ...
[d10] mesh_filled_fine OK cells=1500457 coverage={'rocket_body': 98.9, 'rocket_fins': 94.8, 'rocket_tab': 50.8} gap~None across []
  WARNING [d10]: rocket_tab layer coverage 50.8% < 90.0%
[solve] pressure bounds 20000 .. 300000 Pa; relaxation overrides: p=0.3,rho=0.05,U=0.7,h=0.7,k=0.7,omega=0.7
[solve] hinge fitted from 10.0 deg at ['-0.0854', '-0.0000', '0.0525']
[solve] sides -> pressure outlet (open far field)
[solve] ramped start -50 -> -305 m/s over 300 iterations, no potentialFoam
[solve] rhoSimpleFoam to 3000 ...
[solve] stop=endTime rc=0 iters=3000
{
 "stop_reason": "endTime",
 "n_avg_samples": 501,
 "moments_Nm": {
  "Mroll": 0.8238094234111777,
  "Mpitch": -0.39476380024750496,
  "Myaw": 5.405804229321357
 },
 "forces_N": {
  "Fx": 1.0145509499999998,
  "Fy": 15.563427386826346,
  "Fz": -190.69716127944113
 },
 "convergence": {
  "mean": 0.8238094234111777,
  "std": 0.007890353588923527,
  "slope_per_iter": -3.186447646550166e-08,
  "drift": 1.593223823275083e-05,
  "drift_pct": 0.0019339713506528768,
  "std_rel_pct": 0.9577887026651932,
  "flags": []
 },
 "postprocess_error": null
}
