SimScale-matched run [ramp]: d6 M0.5 V=169.6 m/s p=97690 T=286.2 rho=1.1892 CofR z=0.399 endTime=2000 avg from 1500 case=M0.50_filled_fine_opensides
[mesh] levels {'body': 5, 'fins': 6, 'tab': 6, 'slot': 6} -> mesh 'mesh_filled_fine'
[d06] mesh_filled_fine exists — reusing (1498866 cells)
[solve] pressure bounds 20000 .. 300000 Pa; relaxation overrides: p=0.3,rho=0.05,U=0.7,h=0.7,k=0.7,omega=0.7
[solve] hinge fitted from -6.0 deg at ['-0.0854', '-0.0000', '0.0525']
[solve] sides -> pressure outlet (open far field)
[solve] ramped start -50 -> -169.6 m/s over 300 iterations, no potentialFoam
[solve] rhoSimpleFoam to 2000 ...
[solve] stop=endTime rc=0 iters=2000
{
 "stop_reason": "endTime",
 "n_avg_samples": 501,
 "moments_Nm": {
  "Mroll": 0.10619842486407186,
  "Mpitch": -0.08026333178589021,
  "Myaw": 0.6174317808662676
 },
 "forces_N": {
  "Fx": 0.2165077340468064,
  "Fy": 1.9116004532934132,
  "Fz": -41.01417143912176
 },
 "convergence": {
  "mean": 0.10619842486407186,
  "std": 0.005468268339104327,
  "slope_per_iter": 1.3877727134193833e-06,
  "drift": 0.0006938863567096916,
  "drift_pct": 0.6533866746120086,
  "std_rel_pct": 5.149104938329745,
  "flags": [
   "mroll_noisy(std=5.1%)"
  ]
 },
 "postprocess_error": null
}
