SimScale-matched run [ramp]: d-6 M0.8 V=271.3 m/s p=97690 T=286.2 rho=1.1892 CofR z=0.399 endTime=2000 avg from 1500 case=M0.80_filled_fine_opensides
[mesh] levels {'body': 5, 'fins': 6, 'tab': 6, 'slot': 6} -> mesh 'mesh_filled_fine'
[dm06] mesh_filled_fine exists — reusing (1499481 cells)
[solve] pressure bounds 20000 .. 300000 Pa; relaxation overrides: p=0.3,rho=0.05,U=0.7,h=0.7,k=0.7,omega=0.7
[solve] hinge fitted from -6.0 deg at ['-0.0854', '-0.0000', '0.0525']
[solve] sides -> pressure outlet (open far field)
[solve] ramped start -50 -> -271.3 m/s over 300 iterations, no potentialFoam
[solve] rhoSimpleFoam to 2000 ...
[solve] stop=endTime rc=0 iters=2000
{
 "stop_reason": "endTime",
 "n_avg_samples": 501,
 "moments_Nm": {
  "Mroll": -0.3255202603512974,
  "Mpitch": -0.018506309055025944,
  "Myaw": -2.352415624031936
 },
 "forces_N": {
  "Fx": 0.09795171450701597,
  "Fy": -6.9273298148502995,
  "Fz": -120.4477971996008
 },
 "convergence": {
  "mean": -0.3255202603512974,
  "std": 0.018040184694663272,
  "slope_per_iter": -1.6470648089319451e-06,
  "drift": 0.0008235324044659726,
  "drift_pct": 0.2529895999644467,
  "std_rel_pct": 5.54195449315337,
  "flags": [
   "mroll_noisy(std=5.5%)"
  ]
 },
 "postprocess_error": null
}
