SimScale-matched run [ramp]: d10 M0.7 V=237.4 m/s p=97690 T=286.2 rho=1.1892 CofR z=0.399 endTime=2000 avg from 1500 case=M0.70_sealedcad_fine_opensides
[mesh] levels {'body': 5, 'fins': 6, 'tab': 6, 'slot': 6} -> mesh 'mesh_sealedcad_fine'
[d10] mesh_sealedcad_fine exists — reusing (1497279 cells)
[solve] pressure bounds 20000 .. 300000 Pa; relaxation overrides: p=0.3,rho=0.05,U=0.7,h=0.7,k=0.7,omega=0.7
[solve] hinge fitted from 15.0 deg at ['-0.0854', '-0.0000', '0.0525']
[solve] sides -> pressure outlet (open far field)
[solve] ramped start -50 -> -237.4 m/s over 300 iterations, no potentialFoam
[solve] rhoSimpleFoam to 2000 ...
[solve] stop=endTime rc=0 iters=2000
{
 "stop_reason": "endTime",
 "n_avg_samples": 501,
 "moments_Nm": {
  "Mroll": 0.4735361284371257,
  "Mpitch": -0.07116033043890818,
  "Myaw": 3.347618203732535
 },
 "forces_N": {
  "Fx": 0.14019156015650697,
  "Fy": 9.941949375508981,
  "Fz": -83.57480273912175
 },
 "convergence": {
  "mean": 0.4735361284371257,
  "std": 0.029541687919854585,
  "slope_per_iter": 2.147366198439846e-06,
  "drift": 0.001073683099219923,
  "drift_pct": 0.22673731416513926,
  "std_rel_pct": 6.238528835667713,
  "flags": [
   "mroll_noisy(std=6.2%)"
  ]
 },
 "postprocess_error": null
}
