SimScale-matched run [ramp]: d12 M0.6 V=203.5 m/s p=97690 T=286.2 rho=1.1892 CofR z=0.399 endTime=2000 avg from 1500 case=M0.60_filled_fine_opensides
[mesh] levels {'body': 5, 'fins': 6, 'tab': 6, 'slot': 6} -> mesh 'mesh_filled_fine'
[d12] mesh_filled_fine exists — reusing (1498089 cells)
[solve] pressure bounds 20000 .. 300000 Pa; relaxation overrides: p=0.3,rho=0.05,U=0.7,h=0.7,k=0.7,omega=0.7
[solve] hinge fitted from -6.0 deg at ['-0.0854', '-0.0000', '0.0525']
[solve] sides -> pressure outlet (open far field)
[solve] ramped start -50 -> -203.5 m/s over 300 iterations, no potentialFoam
[solve] rhoSimpleFoam to 2000 ...
[solve] stop=endTime rc=0 iters=2000
{
 "stop_reason": "endTime",
 "n_avg_samples": 501,
 "moments_Nm": {
  "Mroll": 0.340110557736527,
  "Mpitch": -0.15334305868719442,
  "Myaw": 2.265385640538922
 },
 "forces_N": {
  "Fx": 0.3402480333989421,
  "Fy": 6.8143528951896215,
  "Fz": -60.25956423413174
 },
 "convergence": {
  "mean": 0.340110557736527,
  "std": 0.006206216314785832,
  "slope_per_iter": 5.238661594102043e-07,
  "drift": 0.00026193307970510217,
  "drift_pct": 0.07701409842972695,
  "std_rel_pct": 1.824764381349665,
  "flags": []
 },
 "postprocess_error": null
}
