SimScale-matched run [ramp]: d-6 M0.85 V=288.2 m/s p=97690 T=286.2 rho=1.1892 CofR z=0.399 endTime=2000 avg from 1500 case=M0.85_filled_fine_opensides
[mesh] levels {'body': 5, 'fins': 6, 'tab': 6, 'slot': 6} -> mesh 'mesh_filled_fine'
[dm06] mesh_filled_fine exists — reusing (1499481 cells)
[solve] pressure bounds 20000 .. 300000 Pa; relaxation overrides: p=0.3,rho=0.05,U=0.7,h=0.7,k=0.7,omega=0.7
[solve] hinge fitted from -6.0 deg at ['-0.0854', '-0.0000', '0.0525']
[solve] sides -> pressure outlet (open far field)
[solve] ramped start -50 -> -288.2 m/s over 300 iterations, no potentialFoam
[solve] rhoSimpleFoam to 2000 ...
[solve] stop=endTime rc=0 iters=2000
{
 "stop_reason": "endTime",
 "n_avg_samples": 501,
 "moments_Nm": {
  "Mroll": -0.3933046238123753,
  "Mpitch": 0.012866453771530936,
  "Myaw": -2.7685354444111776
 },
 "forces_N": {
  "Fx": 0.056442535458742525,
  "Fy": -8.086307835728544,
  "Fz": -147.9590139461078
 },
 "convergence": {
  "mean": -0.3933046238123753,
  "std": 0.025250409852006234,
  "slope_per_iter": 2.985425061812604e-06,
  "drift": 0.001492712530906302,
  "drift_pct": 0.37953088789985745,
  "std_rel_pct": 6.4200643275559,
  "flags": [
   "mroll_noisy(std=6.4%)"
  ]
 },
 "postprocess_error": null
}
