SimScale-matched run [ramp]: d9 M0.85 V=288.2 m/s p=97690 T=286.2 rho=1.1892 CofR z=0.399 endTime=2000 avg from 1500 case=M0.85_filled_fine_opensides
[mesh] levels {'body': 5, 'fins': 6, 'tab': 6, 'slot': 6} -> mesh 'mesh_filled_fine'
[d09] mesh_filled_fine exists — reusing (1496774 cells)
[solve] pressure bounds 20000 .. 300000 Pa; relaxation overrides: p=0.3,rho=0.05,U=0.7,h=0.7,k=0.7,omega=0.7
[solve] hinge fitted from -6.0 deg at ['-0.0854', '-0.0000', '0.0525']
[solve] sides -> pressure outlet (open far field)
[solve] ramped start -50 -> -288.2 m/s over 300 iterations, no potentialFoam
[solve] rhoSimpleFoam to 2000 ...
[solve] stop=endTime rc=0 iters=2000
{
 "stop_reason": "endTime",
 "n_avg_samples": 501,
 "moments_Nm": {
  "Mroll": 0.61934553399002,
  "Mpitch": -0.049005399194762475,
  "Myaw": 4.310964102934132
 },
 "forces_N": {
  "Fx": 0.1443937951511577,
  "Fy": 12.603287692614769,
  "Fz": -148.10067643912177
 },
 "convergence": {
  "mean": 0.61934553399002,
  "std": 0.01647704801758545,
  "slope_per_iter": 2.1557491318557697e-06,
  "drift": 0.0010778745659278848,
  "drift_pct": 0.17403444551926864,
  "std_rel_pct": 2.6603966789645015,
  "flags": []
 },
 "postprocess_error": null
}
