SimScale-matched run [ramp]: d15 M0.5 V=169.6 m/s p=97690 T=286.2 rho=1.1892 CofR z=0.399 endTime=2000 avg from 1500 case=M0.50_filled_fine_opensides
[mesh] levels {'body': 5, 'fins': 6, 'tab': 6, 'slot': 6} -> mesh 'mesh_filled_fine'
[d15] mesh_filled_fine exists — reusing (1493629 cells)
[solve] pressure bounds 20000 .. 300000 Pa; relaxation overrides: p=0.3,rho=0.05,U=0.7,h=0.7,k=0.7,omega=0.7
[solve] hinge fitted from -6.0 deg at ['-0.0854', '-0.0000', '0.0525']
[solve] sides -> pressure outlet (open far field)
[solve] ramped start -50 -> -169.6 m/s over 300 iterations, no potentialFoam
[solve] rhoSimpleFoam to 2000 ...
[solve] stop=endTime rc=0 iters=2000
{
 "stop_reason": "endTime",
 "n_avg_samples": 501,
 "moments_Nm": {
  "Mroll": 0.29181209899002,
  "Mpitch": -0.07720855203934132,
  "Myaw": 2.029072893712575
 },
 "forces_N": {
  "Fx": 0.13943332583822357,
  "Fy": 6.066938345508983,
  "Fz": -41.36118089520958
 },
 "convergence": {
  "mean": 0.29181209899002,
  "std": 0.006461558280956338,
  "slope_per_iter": -7.538979440322768e-07,
  "drift": 0.00037694897201613837,
  "drift_pct": 0.12917523753154253,
  "std_rel_pct": 2.2142873113624133,
  "flags": []
 },
 "postprocess_error": null
}
