SimScale-matched run [ramp]: d6 M0.7 V=237.4 m/s p=97690 T=286.2 rho=1.1892 CofR z=0.399 endTime=2000 avg from 1500 case=M0.70_sealedcad_fine_opensides
[mesh] levels {'body': 5, 'fins': 6, 'tab': 6, 'slot': 6} -> mesh 'mesh_sealedcad_fine'
[d06] mesh_sealedcad_fine exists — reusing (1496669 cells)
[solve] pressure bounds 20000 .. 300000 Pa; relaxation overrides: p=0.3,rho=0.05,U=0.7,h=0.7,k=0.7,omega=0.7
[solve] hinge fitted from 15.0 deg at ['-0.0854', '-0.0000', '0.0525']
[solve] sides -> pressure outlet (open far field)
[solve] ramped start -50 -> -237.4 m/s over 300 iterations, no potentialFoam
[solve] rhoSimpleFoam to 2000 ...
[solve] stop=endTime rc=0 iters=2000
{
 "stop_reason": "endTime",
 "n_avg_samples": 501,
 "moments_Nm": {
  "Mroll": 0.2945392483173653,
  "Mpitch": -0.07157680474833135,
  "Myaw": 1.9849267054890218
 },
 "forces_N": {
  "Fx": 0.2267304132223912,
  "Fy": 5.933784906187625,
  "Fz": -84.37700413852295
 },
 "convergence": {
  "mean": 0.2945392483173653,
  "std": 0.013575337872390984,
  "slope_per_iter": -1.0515375562182667e-06,
  "drift": 0.0005257687781091334,
  "drift_pct": 0.17850550685952007,
  "std_rel_pct": 4.609008120290846,
  "flags": []
 },
 "postprocess_error": null
}
