SimScale-matched run [ramp]: d15 M0.9 V=305.0 m/s p=97690 T=286.2 rho=1.1892 CofR z=0.399 endTime=4000 avg from 3000 case=M0.90_filled_fine_opensides_long
[mesh] levels {'body': 5, 'fins': 6, 'tab': 6, 'slot': 6} -> mesh 'mesh_filled_fine'
[d15] mesh_filled_fine exists — reusing (1493629 cells)
[solve] pressure bounds 20000 .. 300000 Pa; relaxation overrides: p=0.3,rho=0.05,U=0.7,h=0.7,k=0.7,omega=0.7
[solve] hinge fitted from -6.0 deg at ['-0.0854', '-0.0000', '0.0525']
[solve] sides -> pressure outlet (open far field)
[solve] ramped start -50 -> -305 m/s over 300 iterations, no potentialFoam
[solve] rhoSimpleFoam to 4000 ...
[solve] stop=endTime rc=0 iters=4000
{
 "stop_reason": "endTime",
 "n_avg_samples": 1001,
 "moments_Nm": {
  "Mroll": 1.1767441343186815,
  "Mpitch": -0.5581853561848152,
  "Myaw": 7.66074288134865
 },
 "forces_N": {
  "Fx": 1.281876957075924,
  "Fy": 22.08117107012987,
  "Fz": -191.62094607192807
 },
 "convergence": {
  "mean": 1.1767441343186815,
  "std": 0.17345727095572633,
  "slope_per_iter": -8.140139885644877e-05,
  "drift": 0.08140139885644877,
  "drift_pct": 6.917510483583507,
  "std_rel_pct": 14.740440669895982,
  "flags": [
   "mroll_drift(6.9%)",
   "mroll_noisy(std=14.7%)"
  ]
 },
 "postprocess_error": null
}
