SimScale-matched run [ramp]: d9 M0.7 V=237.4 m/s p=97690 T=286.2 rho=1.1892 CofR z=0.399 endTime=2000 avg from 1500 case=M0.70_sealedcad_fine_opensides
[mesh] levels {'body': 5, 'fins': 6, 'tab': 6, 'slot': 6} -> mesh 'mesh_sealedcad_fine'
[d09] mesh_sealedcad_fine exists — reusing (1498771 cells)
[solve] pressure bounds 20000 .. 300000 Pa; relaxation overrides: p=0.3,rho=0.05,U=0.7,h=0.7,k=0.7,omega=0.7
[solve] hinge fitted from 15.0 deg at ['-0.0854', '-0.0000', '0.0525']
[solve] sides -> pressure outlet (open far field)
[solve] ramped start -50 -> -237.4 m/s over 300 iterations, no potentialFoam
[solve] rhoSimpleFoam to 2000 ...
[solve] stop=endTime rc=0 iters=2000
{
 "stop_reason": "endTime",
 "n_avg_samples": 501,
 "moments_Nm": {
  "Mroll": 0.44668482219560884,
  "Mpitch": 0.047045960841594806,
  "Myaw": 3.0645937977045907
 },
 "forces_N": {
  "Fx": -0.13893060116632736,
  "Fy": 9.12188201764471,
  "Fz": -84.49657476267465
 },
 "convergence": {
  "mean": 0.44668482219560884,
  "std": 0.018243801190857254,
  "slope_per_iter": 1.8634770285087747e-06,
  "drift": 0.0009317385142543873,
  "drift_pct": 0.20858969634888724,
  "std_rel_pct": 4.084267090424682,
  "flags": []
 },
 "postprocess_error": null
}
