SimScale-matched run [ramp]: d3 M0.5 V=169.6 m/s p=97690 T=286.2 rho=1.1892 CofR z=0.399 endTime=2000 avg from 1500 case=M0.50_filled_fine_opensides
[mesh] levels {'body': 5, 'fins': 6, 'tab': 6, 'slot': 6} -> mesh 'mesh_filled_fine'
[d03] mesh_filled_fine exists — reusing (1499982 cells)
[solve] pressure bounds 20000 .. 300000 Pa; relaxation overrides: p=0.3,rho=0.05,U=0.7,h=0.7,k=0.7,omega=0.7
[solve] hinge fitted from -6.0 deg at ['-0.0854', '-0.0000', '0.0525']
[solve] sides -> pressure outlet (open far field)
[solve] ramped start -50 -> -169.6 m/s over 300 iterations, no potentialFoam
[solve] rhoSimpleFoam to 2000 ...
[solve] stop=endTime rc=0 iters=2000
{
 "stop_reason": "endTime",
 "n_avg_samples": 501,
 "moments_Nm": {
  "Mroll": 0.05779276267065868,
  "Mpitch": -0.022789370834506988,
  "Myaw": 0.4961090901776447
 },
 "forces_N": {
  "Fx": 0.08916556860471456,
  "Fy": 1.446288940273453,
  "Fz": -40.773860441716565
 },
 "convergence": {
  "mean": 0.05779276267065868,
  "std": 0.008843985534122054,
  "slope_per_iter": 1.3508353969036305e-07,
  "drift": 6.754176984518152e-05,
  "drift_pct": 0.11686890663123188,
  "std_rel_pct": 15.302929165232893,
  "flags": [
   "mroll_noisy(std=15.3%)"
  ]
 },
 "postprocess_error": null
}
