SimScale-matched run [ramp]: d3 M0.8 V=271.3 m/s p=97690 T=286.2 rho=1.1892 CofR z=0.399 endTime=2000 avg from 1500 case=M0.80_filled_fine_opensides
[mesh] levels {'body': 5, 'fins': 6, 'tab': 6, 'slot': 6} -> mesh 'mesh_filled_fine'
[d03] mesh_filled_fine exists — reusing (1499982 cells)
[solve] pressure bounds 20000 .. 300000 Pa; relaxation overrides: p=0.3,rho=0.05,U=0.7,h=0.7,k=0.7,omega=0.7
[solve] hinge fitted from -6.0 deg at ['-0.0854', '-0.0000', '0.0525']
[solve] sides -> pressure outlet (open far field)
[solve] ramped start -50 -> -271.3 m/s over 300 iterations, no potentialFoam
[solve] rhoSimpleFoam to 2000 ...
[solve] stop=endTime rc=0 iters=2000
{
 "stop_reason": "endTime",
 "n_avg_samples": 501,
 "moments_Nm": {
  "Mroll": 0.18189826606387224,
  "Mpitch": 0.1131476714988024,
  "Myaw": 1.3780526439520957
 },
 "forces_N": {
  "Fx": -0.21297784045608784,
  "Fy": 4.023993178263473,
  "Fz": -119.96751644710578
 },
 "convergence": {
  "mean": 0.18189826606387224,
  "std": 0.015146598659470071,
  "slope_per_iter": -2.94705841925709e-06,
  "drift": 0.0014735292096285449,
  "drift_pct": 0.810084252870847,
  "std_rel_pct": 8.326961541321925,
  "flags": [
   "mroll_noisy(std=8.3%)"
  ]
 },
 "postprocess_error": null
}
