SimScale-matched run [ramp]: d0 M0.9 V=305.0 m/s p=97690 T=286.2 rho=1.1892 CofR z=0.399 endTime=2000 avg from 1500 case=M0.90_sealedcad_fine_opensides
[mesh] levels {'body': 5, 'fins': 6, 'tab': 6, 'slot': 6} -> mesh 'mesh_sealedcad_fine'
[d00] mesh_sealedcad_fine exists — reusing (1500989 cells)
[solve] pressure bounds 20000 .. 300000 Pa; relaxation overrides: p=0.3,rho=0.05,U=0.7,h=0.7,k=0.7,omega=0.7
[solve] hinge fitted from 15.0 deg at ['-0.0854', '-0.0000', '0.0525']
[solve] sides -> pressure outlet (open far field)
[solve] ramped start -50 -> -305 m/s over 300 iterations, no potentialFoam
[solve] rhoSimpleFoam to 2000 ...
[solve] stop=endTime rc=0 iters=2000
{
 "stop_reason": "endTime",
 "n_avg_samples": 501,
 "moments_Nm": {
  "Mroll": 0.006350145902508783,
  "Mpitch": 0.07264985144566667,
  "Myaw": 0.09882056576153893
 },
 "forces_N": {
  "Fx": -0.07199527702198004,
  "Fy": 0.24350733296516366,
  "Fz": -190.05198721956089
 },
 "convergence": {
  "mean": 0.006350145902508783,
  "std": 0.01713406502103722,
  "slope_per_iter": 6.403793696149479e-06,
  "drift": 0.0032018968480747394,
  "drift_pct": 50.42241386626646,
  "std_rel_pct": 269.8215959773142,
  "flags": [
   "mroll_drift(50.4%)",
   "mroll_noisy(std=269.8%)"
  ]
 },
 "postprocess_error": null
}
