SimScale-matched run [ramp]: d9 M0.85 V=288.2 m/s p=97690 T=286.2 rho=1.1892 CofR z=0.399 endTime=2000 avg from 1500 case=M0.85_sealedcad_fine_opensides
[mesh] levels {'body': 5, 'fins': 6, 'tab': 6, 'slot': 6} -> mesh 'mesh_sealedcad_fine'
[d09] mesh_sealedcad_fine exists — reusing (1498771 cells)
[solve] pressure bounds 20000 .. 300000 Pa; relaxation overrides: p=0.3,rho=0.05,U=0.7,h=0.7,k=0.7,omega=0.7
[solve] hinge fitted from 15.0 deg at ['-0.0854', '-0.0000', '0.0525']
[solve] sides -> pressure outlet (open far field)
[solve] ramped start -50 -> -288.2 m/s over 300 iterations, no potentialFoam
[solve] rhoSimpleFoam to 2000 ...
[solve] stop=endTime rc=0 iters=2000
{
 "stop_reason": "endTime",
 "n_avg_samples": 501,
 "moments_Nm": {
  "Mroll": 0.7502628238003992,
  "Mpitch": -0.07445064582173852,
  "Myaw": 5.212425429800399
 },
 "forces_N": {
  "Fx": 0.20405154321039723,
  "Fy": 15.172134535928143,
  "Fz": -148.07043688822355
 },
 "convergence": {
  "mean": 0.7502628238003992,
  "std": 0.00750744286377709,
  "slope_per_iter": 4.4282677290834844e-07,
  "drift": 0.00022141338645417422,
  "drift_pct": 0.029511443114377114,
  "std_rel_pct": 1.0006417252221975,
  "flags": []
 },
 "postprocess_error": null
}
