SimScale-matched run [ramp]: d-6 M0.85 V=288.2 m/s p=97690 T=286.2 rho=1.1892 CofR z=0.399 endTime=2000 avg from 1500 case=M0.85_sealedcad_fine_opensides
[mesh] levels {'body': 5, 'fins': 6, 'tab': 6, 'slot': 6} -> mesh 'mesh_sealedcad_fine'
[dm06] mesh_sealedcad_fine exists — reusing (1498353 cells)
[solve] pressure bounds 20000 .. 300000 Pa; relaxation overrides: p=0.3,rho=0.05,U=0.7,h=0.7,k=0.7,omega=0.7
[solve] hinge fitted from 15.0 deg at ['-0.0854', '-0.0000', '0.0525']
[solve] sides -> pressure outlet (open far field)
[solve] ramped start -50 -> -288.2 m/s over 300 iterations, no potentialFoam
[solve] rhoSimpleFoam to 2000 ...
[solve] stop=endTime rc=0 iters=2000
{
 "stop_reason": "endTime",
 "n_avg_samples": 501,
 "moments_Nm": {
  "Mroll": -0.4977664772035928,
  "Mpitch": 0.018244141603712575,
  "Myaw": -3.394306918003992
 },
 "forces_N": {
  "Fx": 0.06139714827026747,
  "Fy": -9.901194724291416,
  "Fz": -146.80654827345307
 },
 "convergence": {
  "mean": -0.4977664772035928,
  "std": 0.012804143408921985,
  "slope_per_iter": -1.3048538486055412e-06,
  "drift": 0.0006524269243027706,
  "drift_pct": 0.1310708844774052,
  "std_rel_pct": 2.5723193495983314,
  "flags": []
 },
 "postprocess_error": null
}
