SimScale-matched run [ramp]: d12 M0.85 V=288.2 m/s p=97690 T=286.2 rho=1.1892 CofR z=0.399 endTime=2000 avg from 1500 case=M0.85_sealedcad_fine_opensides
[mesh] levels {'body': 5, 'fins': 6, 'tab': 6, 'slot': 6} -> mesh 'mesh_sealedcad_fine'
[d12] mesh_sealedcad_fine exists — reusing (1500043 cells)
[solve] pressure bounds 20000 .. 300000 Pa; relaxation overrides: p=0.3,rho=0.05,U=0.7,h=0.7,k=0.7,omega=0.7
[solve] hinge fitted from 15.0 deg at ['-0.0854', '-0.0000', '0.0525']
[solve] sides -> pressure outlet (open far field)
[solve] ramped start -50 -> -288.2 m/s over 300 iterations, no potentialFoam
[solve] rhoSimpleFoam to 2000 ...
[solve] stop=endTime rc=0 iters=2000
{
 "stop_reason": "endTime",
 "n_avg_samples": 501,
 "moments_Nm": {
  "Mroll": 0.982052825752495,
  "Mpitch": -0.2718082112844311,
  "Myaw": 6.7615286361077835
 },
 "forces_N": {
  "Fx": 0.578533530955489,
  "Fy": 19.74674312055888,
  "Fz": -149.2642150738523
 },
 "convergence": {
  "mean": 0.982052825752495,
  "std": 0.01936599814878089,
  "slope_per_iter": 4.137810070091224e-06,
  "drift": 0.002068905035045612,
  "drift_pct": 0.21067146092271766,
  "std_rel_pct": 1.971991489759398,
  "flags": []
 },
 "postprocess_error": null
}
