SimScale-matched run [ramp]: d12 M0.7 V=237.4 m/s p=97690 T=286.2 rho=1.1892 CofR z=0.399 endTime=2000 avg from 1500 case=M0.70_filled_fine_opensides
[mesh] levels {'body': 5, 'fins': 6, 'tab': 6, 'slot': 6} -> mesh 'mesh_filled_fine'
[d12] mesh_filled_fine exists — reusing (1498089 cells)
[solve] pressure bounds 20000 .. 300000 Pa; relaxation overrides: p=0.3,rho=0.05,U=0.7,h=0.7,k=0.7,omega=0.7
[solve] hinge fitted from -6.0 deg at ['-0.0854', '-0.0000', '0.0525']
[solve] sides -> pressure outlet (open far field)
[solve] ramped start -50 -> -237.4 m/s over 300 iterations, no potentialFoam
[solve] rhoSimpleFoam to 2000 ...
[solve] stop=endTime rc=0 iters=2000
{
 "stop_reason": "endTime",
 "n_avg_samples": 501,
 "moments_Nm": {
  "Mroll": 0.4871438221596806,
  "Mpitch": -0.1048288751233533,
  "Myaw": 3.443604979041916
 },
 "forces_N": {
  "Fx": 0.185733154392016,
  "Fy": 10.22999029031936,
  "Fz": -85.03910049001996
 },
 "convergence": {
  "mean": 0.4871438221596806,
  "std": 0.013652446103198303,
  "slope_per_iter": -1.0082340761025893e-06,
  "drift": 0.0005041170380512946,
  "drift_pct": 0.10348423096414644,
  "std_rel_pct": 2.8025493667706156,
  "flags": []
 },
 "postprocess_error": null
}
