SimScale-matched run [ramp]: d10 M0.85 V=288.2 m/s p=97690 T=286.2 rho=1.1892 CofR z=0.399 endTime=2000 avg from 1500 case=M0.85_filled_fine_opensides
[mesh] levels {'body': 5, 'fins': 6, 'tab': 6, 'slot': 6} -> mesh 'mesh_filled_fine'
[d10] mesh_filled_fine exists — reusing (1500457 cells)
[solve] pressure bounds 20000 .. 300000 Pa; relaxation overrides: p=0.3,rho=0.05,U=0.7,h=0.7,k=0.7,omega=0.7
[solve] hinge fitted from 10.0 deg at ['-0.0854', '-0.0000', '0.0525']
[solve] sides -> pressure outlet (open far field)
[solve] ramped start -50 -> -288.2 m/s over 300 iterations, no potentialFoam
[solve] rhoSimpleFoam to 2000 ...
[solve] stop=endTime rc=0 iters=2000
{
 "stop_reason": "endTime",
 "n_avg_samples": 501,
 "moments_Nm": {
  "Mroll": 0.6736396343772455,
  "Mpitch": -0.1377934254229541,
  "Myaw": 4.750612923373254
 },
 "forces_N": {
  "Fx": 0.3121245178843513,
  "Fy": 13.853245566467065,
  "Fz": -148.9125226686627
 },
 "convergence": {
  "mean": 0.6736396343772455,
  "std": 0.014765993195862113,
  "slope_per_iter": 8.726391149177191e-07,
  "drift": 0.00043631955745885957,
  "drift_pct": 0.06477047002470698,
  "std_rel_pct": 2.191972152813235,
  "flags": []
 },
 "postprocess_error": null
}
