SimScale-matched run [ramp]: d0 M0.3 V=101.7 m/s p=97690 T=286.2 rho=1.1892 CofR z=0.399 endTime=2000 avg from 1500 case=M0.30_filled_fine_opensides
[mesh] levels {'body': 5, 'fins': 6, 'tab': 6, 'slot': 6} -> mesh 'mesh_filled_fine'
[d00] surfaceFeatureExtract + blockMesh (mesh_filled_fine, levels 5/6/6/6)
[d00] snappyHexMesh -parallel (np=10) ...
[d00] mesh_filled_fine OK cells=1500375 coverage={'rocket_body': 98.8, 'rocket_fins': 94.8, 'rocket_tab': 67.1} gap~None across []
  WARNING [d00]: rocket_tab layer coverage 67.1% < 90.0%
[solve] pressure bounds 20000 .. 300000 Pa; relaxation overrides: p=0.3,rho=0.05,U=0.7,h=0.7,k=0.7,omega=0.7
[solve] hinge fitted from -6.0 deg at ['-0.0854', '-0.0000', '0.0525']
[solve] sides -> pressure outlet (open far field)
[solve] ramped start -50 -> -101.7 m/s over 300 iterations, no potentialFoam
[solve] rhoSimpleFoam to 2000 ...
[solve] stop=endTime rc=0 iters=2000
{
 "stop_reason": "endTime",
 "n_avg_samples": 501,
 "moments_Nm": {
  "Mroll": -0.0001214345975498633,
  "Mpitch": -0.01079623345918024,
  "Myaw": -0.04442643747821757
 },
 "forces_N": {
  "Fx": 0.03482839633719362,
  "Fy": -0.11192116617428943,
  "Fz": -14.676585345908183
 },
 "convergence": {
  "mean": -0.0001214345975498633,
  "std": 0.0005018157648014784,
  "slope_per_iter": 1.1074839939060559e-07,
  "drift": 5.53741996953028e-05,
  "drift_pct": 45.600019115281476,
  "std_rel_pct": 413.23953381195463,
  "flags": [
   "mroll_drift(45.6%)",
   "mroll_noisy(std=413.2%)"
  ]
 },
 "postprocess_error": null
}
