SimScale-matched run [ramp]: d10 M0.3 V=101.7 m/s p=97690 T=286.2 rho=1.1892 CofR z=0.399 endTime=2000 avg from 1500 case=M0.30_filled_fine_opensides
[mesh] levels {'body': 5, 'fins': 6, 'tab': 6, 'slot': 6} -> mesh 'mesh_filled_fine'
[d10] mesh_filled_fine exists — reusing (1500457 cells)
[solve] pressure bounds 1000 .. 1e+06 Pa; relaxation overrides: p=0.3,rho=0.05,U=0.7,h=0.7,k=0.7,omega=0.7
[solve] hinge fitted from 10.0 deg at ['-0.0854', '-0.0000', '0.0525']
[solve] sides -> pressure outlet (open far field)
[solve] ramped start -50 -> -101.7 m/s over 300 iterations, no potentialFoam
[solve] rhoSimpleFoam to 2000 ...
[solve] stop=endTime rc=0 iters=2000
{
 "stop_reason": "endTime",
 "n_avg_samples": 501,
 "moments_Nm": {
  "Mroll": 0.05769863699261477,
  "Mpitch": -0.03945693140633992,
  "Myaw": 0.41494055739321356
 },
 "forces_N": {
  "Fx": 0.09858413102692316,
  "Fy": 1.2443555161876247,
  "Fz": -14.726960201197606
 },
 "convergence": {
  "mean": 0.05769863699261477,
  "std": 0.002114870023093858,
  "slope_per_iter": -8.643448902163694e-07,
  "drift": 0.0004321724451081847,
  "drift_pct": 0.7490167318224541,
  "std_rel_pct": 3.6653725864695104,
  "flags": []
 },
 "postprocess_error": null
}
