SimScale-matched run [ramp]: d6 M0.5 V=169.6 m/s p=97690 T=286.2 rho=1.1892 CofR z=0.399 endTime=2000 avg from 1500 case=M0.50_sealedcad_fine_opensides
[mesh] levels {'body': 5, 'fins': 6, 'tab': 6, 'slot': 6} -> mesh 'mesh_sealedcad_fine'
[d06] mesh_sealedcad_fine exists — reusing (1496669 cells)
[solve] pressure bounds 20000 .. 300000 Pa; relaxation overrides: p=0.3,rho=0.05,U=0.7,h=0.7,k=0.7,omega=0.7
[solve] hinge fitted from 15.0 deg at ['-0.0854', '-0.0000', '0.0525']
[solve] sides -> pressure outlet (open far field)
[solve] ramped start -50 -> -169.6 m/s over 300 iterations, no potentialFoam
[solve] rhoSimpleFoam to 2000 ...
[solve] stop=endTime rc=0 iters=2000
{
 "stop_reason": "endTime",
 "n_avg_samples": 501,
 "moments_Nm": {
  "Mroll": 0.13764301688423153,
  "Mpitch": -0.09055401690847506,
  "Myaw": 0.9311967321536927
 },
 "forces_N": {
  "Fx": 0.2536464330516687,
  "Fy": 2.797356259301397,
  "Fz": -40.78561047644711
 },
 "convergence": {
  "mean": 0.13764301688423153,
  "std": 0.005370775826433036,
  "slope_per_iter": -1.0705725194073662e-06,
  "drift": 0.0005352862597036831,
  "drift_pct": 0.38889459982841007,
  "std_rel_pct": 3.901960265045829,
  "flags": []
 },
 "postprocess_error": null
}
