15:07:47 0/ rewritten: inlet B5_TE5_B5_TE36, outlet B5_TE5_B5_TE9, sides ['B5_TE5_B5_TE2', 'B5_TE5_B5_TE30', 'B5_TE5_B5_TE27', 'B5_TE5_B5_TE33'], walls regex for 76 patches
15:07:51 decomposePar rc=0
16:01:23 solver rc=0 last=2000 stop=endTime wall=3211s
{
 "stop_reason": "endTime",
 "n_avg_samples": 501,
 "moments_Nm": {
  "Mroll": 0.8703588133912175,
  "Mpitch": -0.2814289179678643,
  "Myaw": 5.37508859277445
 },
 "forces_N": {
  "Fx": 0.7841821687237126,
  "Fy": 15.468967507784429,
  "Fz": -201.5391710698603
 },
 "convergence": {
  "mean": 0.8703588133912175,
  "std": 0.060614237454568134,
  "slope_per_iter": 6.490680646009981e-05,
  "drift": 0.0324534032300499,
  "drift_pct": 3.7287383928015014,
  "std_rel_pct": 6.96428145748237,
  "flags": [
   "mroll_drift(3.7%)",
   "mroll_noisy(std=7.0%)"
  ]
 },
 "postprocess_error": null
}
