SimScale-matched run [ramp]: d9 M0.8 V=271.3 m/s p=97690 T=286.2 rho=1.1892 CofR z=0.399 endTime=2000 avg from 1500 case=M0.80_sealedcad_fine_opensides
[mesh] levels {'body': 5, 'fins': 6, 'tab': 6, 'slot': 6} -> mesh 'mesh_sealedcad_fine'
[d09] mesh_sealedcad_fine exists — reusing (1498771 cells)
[solve] pressure bounds 20000 .. 300000 Pa; relaxation overrides: p=0.3,rho=0.05,U=0.7,h=0.7,k=0.7,omega=0.7
[solve] hinge fitted from 15.0 deg at ['-0.0854', '-0.0000', '0.0525']
[solve] sides -> pressure outlet (open far field)
[solve] ramped start -50 -> -271.3 m/s over 300 iterations, no potentialFoam
[solve] rhoSimpleFoam to 2000 ...
[solve] stop=endTime rc=0 iters=2000
{
 "stop_reason": "endTime",
 "n_avg_samples": 501,
 "moments_Nm": {
  "Mroll": 0.6288214031956089,
  "Mpitch": 0.04967182439218343,
  "Myaw": 4.384017268622754
 },
 "forces_N": {
  "Fx": -0.14252453956127745,
  "Fy": 12.904731125748503,
  "Fz": -120.2864340219561
 },
 "convergence": {
  "mean": 0.6288214031956089,
  "std": 0.01890831776440562,
  "slope_per_iter": 2.6334182929121502e-06,
  "drift": 0.001316709146456075,
  "drift_pct": 0.20939318219206407,
  "std_rel_pct": 3.006945639622856,
  "flags": []
 },
 "postprocess_error": null
}
