SimScale-matched run [ramp]: d3 M0.3 V=101.7 m/s p=97690 T=286.2 rho=1.1892 CofR z=0.399 endTime=2000 avg from 1500 case=M0.30_sealedcad_fine_opensides
[mesh] levels {'body': 5, 'fins': 6, 'tab': 6, 'slot': 6} -> mesh 'mesh_sealedcad_fine'
[d03] mesh_sealedcad_fine exists — reusing (1497219 cells)
[solve] pressure bounds 20000 .. 300000 Pa; relaxation overrides: p=0.3,rho=0.05,U=0.7,h=0.7,k=0.7,omega=0.7
[solve] hinge fitted from 15.0 deg at ['-0.0854', '-0.0000', '0.0525']
[solve] sides -> pressure outlet (open far field)
[solve] ramped start -50 -> -101.7 m/s over 300 iterations, no potentialFoam
[solve] rhoSimpleFoam to 2000 ...
[solve] stop=endTime rc=0 iters=2000
{
 "stop_reason": "endTime",
 "n_avg_samples": 501,
 "moments_Nm": {
  "Mroll": 0.02424709983772455,
  "Mpitch": -0.03685197348902196,
  "Myaw": 0.12126273066946108
 },
 "forces_N": {
  "Fx": 0.10253528631936128,
  "Fy": 0.3845622781077844,
  "Fz": -14.64553870738523
 },
 "convergence": {
  "mean": 0.02424709983772455,
  "std": 0.0010836224285247272,
  "slope_per_iter": -3.184214580814507e-07,
  "drift": 0.00015921072904072535,
  "drift_pct": 0.6566176165655049,
  "std_rel_pct": 4.4690805736642645,
  "flags": []
 },
 "postprocess_error": null
}
