SimScale-matched run [ramp]: d12 M0.6 V=203.5 m/s p=97690 T=286.2 rho=1.1892 CofR z=0.399 endTime=2000 avg from 1500 case=M0.60_sealedcad_fine_opensides
[mesh] levels {'body': 5, 'fins': 6, 'tab': 6, 'slot': 6} -> mesh 'mesh_sealedcad_fine'
[d12] mesh_sealedcad_fine exists — reusing (1500043 cells)
[solve] pressure bounds 20000 .. 300000 Pa; relaxation overrides: p=0.3,rho=0.05,U=0.7,h=0.7,k=0.7,omega=0.7
[solve] hinge fitted from 15.0 deg at ['-0.0854', '-0.0000', '0.0525']
[solve] sides -> pressure outlet (open far field)
[solve] ramped start -50 -> -203.5 m/s over 300 iterations, no potentialFoam
[solve] rhoSimpleFoam to 2000 ...
[solve] stop=endTime rc=0 iters=2000
{
 "stop_reason": "endTime",
 "n_avg_samples": 501,
 "moments_Nm": {
  "Mroll": 0.4003901892714571,
  "Mpitch": -0.07265698232065869,
  "Myaw": 2.881275233273453
 },
 "forces_N": {
  "Fx": 0.11873625896475051,
  "Fy": 8.564283908143715,
  "Fz": -60.42013730958084
 },
 "convergence": {
  "mean": 0.4003901892714571,
  "std": 0.009806443669975079,
  "slope_per_iter": 2.3972394241000646e-06,
  "drift": 0.0011986197120500324,
  "drift_pct": 0.2993629075255364,
  "std_rel_pct": 2.4492217673511707,
  "flags": []
 },
 "postprocess_error": null
}
