SimScale-matched run [ramp]: d0 M0.9 V=305.0 m/s p=97690 T=286.2 rho=1.1892 CofR z=0.399 endTime=2000 avg from 1500 case=M0.90_filled_fine_opensides
[mesh] levels {'body': 5, 'fins': 6, 'tab': 6, 'slot': 6} -> mesh 'mesh_filled_fine'
[d00] mesh_filled_fine exists — reusing (1500375 cells)
[solve] pressure bounds 20000 .. 300000 Pa; relaxation overrides: p=0.3,rho=0.05,U=0.7,h=0.7,k=0.7,omega=0.7
[solve] hinge fitted from -6.0 deg at ['-0.0854', '-0.0000', '0.0525']
[solve] sides -> pressure outlet (open far field)
[solve] ramped start -50 -> -305 m/s over 300 iterations, no potentialFoam
[solve] rhoSimpleFoam to 2000 ...
[solve] stop=endTime rc=0 iters=2000
{
 "stop_reason": "endTime",
 "n_avg_samples": 501,
 "moments_Nm": {
  "Mroll": 0.007026862653608526,
  "Mpitch": 0.01747342950852894,
  "Myaw": 0.04190284209821357
 },
 "forces_N": {
  "Fx": 0.03754404396948902,
  "Fy": 0.13968146426915967,
  "Fz": -190.35927113772456
 },
 "convergence": {
  "mean": 0.007026862653608526,
  "std": 0.005986827945257873,
  "slope_per_iter": 7.377015656550358e-06,
  "drift": 0.003688507828275179,
  "drift_pct": 52.49153157107757,
  "std_rel_pct": 85.19915985811163,
  "flags": [
   "mroll_drift(52.5%)",
   "mroll_noisy(std=85.2%)"
  ]
 },
 "postprocess_error": null
}
