SimScale-matched run [ramp]: d15 M0.7 V=237.4 m/s p=97690 T=286.2 rho=1.1892 CofR z=0.399 endTime=2000 avg from 1500 case=M0.70_sealedcad_fine_opensides
[mesh] levels {'body': 5, 'fins': 6, 'tab': 6, 'slot': 6} -> mesh 'mesh_sealedcad_fine'
[d15] mesh_sealedcad_fine exists — reusing (1500649 cells)
[solve] pressure bounds 20000 .. 300000 Pa; relaxation overrides: p=0.3,rho=0.05,U=0.7,h=0.7,k=0.7,omega=0.7
[solve] hinge fitted from 15.0 deg at ['-0.0854', '-0.0000', '0.0525']
[solve] sides -> pressure outlet (open far field)
[solve] ramped start -50 -> -237.4 m/s over 300 iterations, no potentialFoam
[solve] rhoSimpleFoam to 2000 ...
[solve] stop=endTime rc=0 iters=2000
{
 "stop_reason": "endTime",
 "n_avg_samples": 501,
 "moments_Nm": {
  "Mroll": 0.7215599588203593,
  "Mpitch": 0.06741980046239722,
  "Myaw": 5.101276385608783
 },
 "forces_N": {
  "Fx": -0.3519495286997465,
  "Fy": 15.138163350698603,
  "Fz": -85.99865101716567
 },
 "convergence": {
  "mean": 0.7215599588203593,
  "std": 0.0045305289559825716,
  "slope_per_iter": -2.3725420263836146e-07,
  "drift": 0.00011862710131918073,
  "drift_pct": 0.016440366440665304,
  "std_rel_pct": 0.6278797625341208,
  "flags": []
 },
 "postprocess_error": null
}
