SimScale-matched run [ramp]: d9 M0.5 V=169.6 m/s p=97690 T=286.2 rho=1.1892 CofR z=0.399 endTime=2000 avg from 1500 case=M0.50_filled_fine_opensides
[mesh] levels {'body': 5, 'fins': 6, 'tab': 6, 'slot': 6} -> mesh 'mesh_filled_fine'
[d09] mesh_filled_fine exists — reusing (1496774 cells)
[solve] pressure bounds 20000 .. 300000 Pa; relaxation overrides: p=0.3,rho=0.05,U=0.7,h=0.7,k=0.7,omega=0.7
[solve] hinge fitted from -6.0 deg at ['-0.0854', '-0.0000', '0.0525']
[solve] sides -> pressure outlet (open far field)
[solve] ramped start -50 -> -169.6 m/s over 300 iterations, no potentialFoam
[solve] rhoSimpleFoam to 2000 ...
[solve] stop=endTime rc=0 iters=2000
{
 "stop_reason": "endTime",
 "n_avg_samples": 501,
 "moments_Nm": {
  "Mroll": 0.16362933695808385,
  "Mpitch": -0.09772461653843115,
  "Myaw": 1.1615201333952094
 },
 "forces_N": {
  "Fx": 0.24699667299299402,
  "Fy": 3.474942606506986,
  "Fz": -40.98900946187624
 },
 "convergence": {
  "mean": 0.16362933695808385,
  "std": 0.008413812872282208,
  "slope_per_iter": -2.591850419638715e-07,
  "drift": 0.00012959252098193575,
  "drift_pct": 0.07919883035102247,
  "std_rel_pct": 5.141995334514822,
  "flags": [
   "mroll_noisy(std=5.1%)"
  ]
 },
 "postprocess_error": null
}
