SimScale-matched run [ramp]: d0 M0.6 V=203.5 m/s p=97690 T=286.2 rho=1.1892 CofR z=0.399 endTime=2000 avg from 1500 case=M0.60_filled_fine_opensides
[mesh] levels {'body': 5, 'fins': 6, 'tab': 6, 'slot': 6} -> mesh 'mesh_filled_fine'
[d00] mesh_filled_fine exists — reusing (1500375 cells)
[solve] pressure bounds 20000 .. 300000 Pa; relaxation overrides: p=0.3,rho=0.05,U=0.7,h=0.7,k=0.7,omega=0.7
[solve] hinge fitted from -6.0 deg at ['-0.0854', '-0.0000', '0.0525']
[solve] sides -> pressure outlet (open far field)
[solve] ramped start -50 -> -203.5 m/s over 300 iterations, no potentialFoam
[solve] rhoSimpleFoam to 2000 ...
[solve] stop=endTime rc=0 iters=2000
{
 "stop_reason": "endTime",
 "n_avg_samples": 501,
 "moments_Nm": {
  "Mroll": -0.0007180306842838323,
  "Mpitch": -0.035104093895300004,
  "Myaw": -0.1221968626997477
 },
 "forces_N": {
  "Fx": 0.1112312650578449,
  "Fy": -0.30360894802897803,
  "Fz": -60.36347743972056
 },
 "convergence": {
  "mean": -0.0007180306842838323,
  "std": 0.010542914921763284,
  "slope_per_iter": -1.3010788288289024e-06,
  "drift": 0.0006505394144144512,
  "drift_pct": 90.60050338423945,
  "std_rel_pct": 1468.3098024256226,
  "flags": [
   "mroll_drift(90.6%)",
   "mroll_noisy(std=1468.3%)"
  ]
 },
 "postprocess_error": null
}
