SimScale-matched run [ramp]: d-6 M0.9 V=305.0 m/s p=97690 T=286.2 rho=1.1892 CofR z=0.399 endTime=2000 avg from 1500 case=M0.90_sealedcad_fine_opensides
[mesh] levels {'body': 5, 'fins': 6, 'tab': 6, 'slot': 6} -> mesh 'mesh_sealedcad_fine'
[dm06] mesh_sealedcad_fine exists — reusing (1498353 cells)
[solve] pressure bounds 20000 .. 300000 Pa; relaxation overrides: p=0.3,rho=0.05,U=0.7,h=0.7,k=0.7,omega=0.7
[solve] hinge fitted from 15.0 deg at ['-0.0854', '-0.0000', '0.0525']
[solve] sides -> pressure outlet (open far field)
[solve] ramped start -50 -> -305 m/s over 300 iterations, no potentialFoam
[solve] rhoSimpleFoam to 2000 ...
[solve] stop=endTime rc=0 iters=2000
{
 "stop_reason": "endTime",
 "n_avg_samples": 501,
 "moments_Nm": {
  "Mroll": -0.5810188000838322,
  "Mpitch": -0.3000937603572854,
  "Myaw": -3.707681262794411
 },
 "forces_N": {
  "Fx": 0.9240410756606785,
  "Fy": -10.66777663295409,
  "Fz": -189.00085858283433
 },
 "convergence": {
  "mean": -0.5810188000838322,
  "std": 0.040492833649764096,
  "slope_per_iter": -0.00010973517898036596,
  "drift": 0.05486758949018298,
  "drift_pct": 9.443341503281205,
  "std_rel_pct": 6.969281139254288,
  "flags": [
   "mroll_drift(9.4%)",
   "mroll_noisy(std=7.0%)"
  ]
 },
 "postprocess_error": null
}
