SimScale-matched run [ramp]: d6 M0.9 V=305.0 m/s p=97690 T=286.2 rho=1.1892 CofR z=0.399 endTime=2000 avg from 1500 case=M0.90_filled_fine_opensides
[mesh] levels {'body': 5, 'fins': 6, 'tab': 6, 'slot': 6} -> mesh 'mesh_filled_fine'
[d06] mesh_filled_fine exists — reusing (1498866 cells)
[solve] pressure bounds 20000 .. 300000 Pa; relaxation overrides: p=0.3,rho=0.05,U=0.7,h=0.7,k=0.7,omega=0.7
[solve] hinge fitted from -6.0 deg at ['-0.0854', '-0.0000', '0.0525']
[solve] sides -> pressure outlet (open far field)
[solve] ramped start -50 -> -305 m/s over 300 iterations, no potentialFoam
[solve] rhoSimpleFoam to 2000 ...
[solve] stop=endTime rc=0 iters=2000
{
 "stop_reason": "endTime",
 "n_avg_samples": 501,
 "moments_Nm": {
  "Mroll": 0.4946778846746507,
  "Mpitch": -0.13388931900343315,
  "Myaw": 3.2597032789221556
 },
 "forces_N": {
  "Fx": 0.4389453861037325,
  "Fy": 9.418762753333333,
  "Fz": -189.7765637205589
 },
 "convergence": {
  "mean": 0.4946778846746507,
  "std": 0.009211828573708324,
  "slope_per_iter": 8.3869486795346e-07,
  "drift": 0.00041934743397673,
  "drift_pct": 0.08477181757428565,
  "std_rel_pct": 1.862187265510553,
  "flags": []
 },
 "postprocess_error": null
}
