SimScale-matched run [ramp]: d-6 M0.9 V=305.0 m/s p=97690 T=286.2 rho=1.1892 CofR z=0.399 endTime=4000 avg from 3000 case=M0.90_filled_fine_opensides_long
[mesh] levels {'body': 5, 'fins': 6, 'tab': 6, 'slot': 6} -> mesh 'mesh_filled_fine'
[dm06] mesh_filled_fine exists — reusing (1499481 cells)
[solve] pressure bounds 20000 .. 300000 Pa; relaxation overrides: p=0.3,rho=0.05,U=0.7,h=0.7,k=0.7,omega=0.7
[solve] hinge fitted from -6.0 deg at ['-0.0854', '-0.0000', '0.0525']
[solve] sides -> pressure outlet (open far field)
[solve] ramped start -50 -> -305 m/s over 300 iterations, no potentialFoam
[solve] rhoSimpleFoam to 4000 ...
[solve] stop=endTime rc=0 iters=4000
{
 "stop_reason": "endTime",
 "n_avg_samples": 1001,
 "moments_Nm": {
  "Mroll": -0.48087151570629366,
  "Mpitch": -0.2509987181240759,
  "Myaw": -3.1370604122677324
 },
 "forces_N": {
  "Fx": 0.7587258361408591,
  "Fy": -9.048816935994006,
  "Fz": -189.75897731768234
 },
 "convergence": {
  "mean": -0.48087151570629366,
  "std": 0.014521807335003925,
  "slope_per_iter": -1.6944664472653157e-06,
  "drift": 0.0016944664472653157,
  "drift_pct": 0.3523740525109956,
  "std_rel_pct": 3.019893435292088,
  "flags": []
 },
 "postprocess_error": null
}
