SimScale-matched run [ramp]: d12 M0.8 V=271.3 m/s p=97690 T=286.2 rho=1.1892 CofR z=0.399 endTime=2000 avg from 1500 case=M0.80_sealedcad_fine_opensides
[mesh] levels {'body': 5, 'fins': 6, 'tab': 6, 'slot': 6} -> mesh 'mesh_sealedcad_fine'
[d12] mesh_sealedcad_fine exists — reusing (1500043 cells)
[solve] pressure bounds 20000 .. 300000 Pa; relaxation overrides: p=0.3,rho=0.05,U=0.7,h=0.7,k=0.7,omega=0.7
[solve] hinge fitted from 15.0 deg at ['-0.0854', '-0.0000', '0.0525']
[solve] sides -> pressure outlet (open far field)
[solve] ramped start -50 -> -271.3 m/s over 300 iterations, no potentialFoam
[solve] rhoSimpleFoam to 2000 ...
[solve] stop=endTime rc=0 iters=2000
{
 "stop_reason": "endTime",
 "n_avg_samples": 501,
 "moments_Nm": {
  "Mroll": 0.818505989043912,
  "Mpitch": -0.14052965186506988,
  "Myaw": 5.831680631596806
 },
 "forces_N": {
  "Fx": 0.23185829812022635,
  "Fy": 17.137245826347304,
  "Fz": -121.28864410978044
 },
 "convergence": {
  "mean": 0.818505989043912,
  "std": 0.009000256557914144,
  "slope_per_iter": -6.969616360903601e-07,
  "drift": 0.00034848081804518007,
  "drift_pct": 0.042575231300657525,
  "std_rel_pct": 1.0995956875559634,
  "flags": []
 },
 "postprocess_error": null
}
