SimScale-matched run [ramp]: d3 M0.9 V=305.0 m/s p=97690 T=286.2 rho=1.1892 CofR z=0.399 endTime=2000 avg from 1500 case=M0.90_filled_fine_opensides
[mesh] levels {'body': 5, 'fins': 6, 'tab': 6, 'slot': 6} -> mesh 'mesh_filled_fine'
[d03] mesh_filled_fine exists — reusing (1499982 cells)
[solve] pressure bounds 20000 .. 300000 Pa; relaxation overrides: p=0.3,rho=0.05,U=0.7,h=0.7,k=0.7,omega=0.7
[solve] hinge fitted from -6.0 deg at ['-0.0854', '-0.0000', '0.0525']
[solve] sides -> pressure outlet (open far field)
[solve] ramped start -50 -> -305 m/s over 300 iterations, no potentialFoam
[solve] rhoSimpleFoam to 2000 ...
[solve] stop=endTime rc=0 iters=2000
{
 "stop_reason": "endTime",
 "n_avg_samples": 501,
 "moments_Nm": {
  "Mroll": 0.2753625435469062,
  "Mpitch": -0.09928257899060679,
  "Myaw": 2.0254698768662673
 },
 "forces_N": {
  "Fx": 0.3784313870948104,
  "Fy": 5.736858509221556,
  "Fz": -189.62951370858283
 },
 "convergence": {
  "mean": 0.2753625435469062,
  "std": 0.008283615555643838,
  "slope_per_iter": 1.8692241852231193e-06,
  "drift": 0.0009346120926115596,
  "drift_pct": 0.33941148297548124,
  "std_rel_pct": 3.0082579311418867,
  "flags": []
 },
 "postprocess_error": null
}
