SimScale-matched run [ramp]: d3 M0.85 V=288.2 m/s p=97690 T=286.2 rho=1.1892 CofR z=0.399 endTime=2000 avg from 1500 case=M0.85_sealedcad_fine_opensides
[mesh] levels {'body': 5, 'fins': 6, 'tab': 6, 'slot': 6} -> mesh 'mesh_sealedcad_fine'
[d03] mesh_sealedcad_fine exists — reusing (1497219 cells)
[solve] pressure bounds 20000 .. 300000 Pa; relaxation overrides: p=0.3,rho=0.05,U=0.7,h=0.7,k=0.7,omega=0.7
[solve] hinge fitted from 15.0 deg at ['-0.0854', '-0.0000', '0.0525']
[solve] sides -> pressure outlet (open far field)
[solve] ramped start -50 -> -288.2 m/s over 300 iterations, no potentialFoam
[solve] rhoSimpleFoam to 2000 ...
[solve] stop=endTime rc=0 iters=2000
{
 "stop_reason": "endTime",
 "n_avg_samples": 501,
 "moments_Nm": {
  "Mroll": 0.25241978709381235,
  "Mpitch": -0.07737796648937725,
  "Myaw": 1.8826619635728543
 },
 "forces_N": {
  "Fx": 0.2798332624860359,
  "Fy": 5.425671933772454,
  "Fz": -148.21848874650695
 },
 "convergence": {
  "mean": 0.25241978709381235,
  "std": 0.0050644250022331815,
  "slope_per_iter": -7.818374212848711e-07,
  "drift": 0.00039091871064243555,
  "drift_pct": 0.1548684891716313,
  "std_rel_pct": 2.006350239235,
  "flags": []
 },
 "postprocess_error": null
}
