SimScale-matched run [ramp]: d12 M0.8 V=271.3 m/s p=97690 T=286.2 rho=1.1892 CofR z=0.399 endTime=2000 avg from 1500 case=M0.80_filled_fine_opensides
[mesh] levels {'body': 5, 'fins': 6, 'tab': 6, 'slot': 6} -> mesh 'mesh_filled_fine'
[d12] mesh_filled_fine exists — reusing (1498089 cells)
[solve] pressure bounds 20000 .. 300000 Pa; relaxation overrides: p=0.3,rho=0.05,U=0.7,h=0.7,k=0.7,omega=0.7
[solve] hinge fitted from -6.0 deg at ['-0.0854', '-0.0000', '0.0525']
[solve] sides -> pressure outlet (open far field)
[solve] ramped start -50 -> -271.3 m/s over 300 iterations, no potentialFoam
[solve] rhoSimpleFoam to 2000 ...
[solve] stop=endTime rc=0 iters=2000
{
 "stop_reason": "endTime",
 "n_avg_samples": 501,
 "moments_Nm": {
  "Mroll": 0.697898017748503,
  "Mpitch": -0.010852707466116168,
  "Myaw": 4.995793987025949
 },
 "forces_N": {
  "Fx": -0.08708890192981956,
  "Fy": 14.674231575648701,
  "Fz": -120.90295271457086
 },
 "convergence": {
  "mean": 0.697898017748503,
  "std": 0.016095134817337393,
  "slope_per_iter": 1.9046325755183836e-06,
  "drift": 0.0009523162877591918,
  "drift_pct": 0.13645493518257445,
  "std_rel_pct": 2.306230195245732,
  "flags": []
 },
 "postprocess_error": null
}
